Archive member included to satisfy reference by file (symbol)

/home/ps/Ac6/SystemWorkbench/plugins/fr.ac6.mcu.externaltools.arm-none.linux64_1.15.0.201708311556/tools/compiler/bin/../lib/gcc/arm-none-eabi/6.3.1/thumb/v7e-m/fpv4-sp/hard/libgcc.a(_aeabi_ldivmod.o)
                              Drivers/BSP/Components/LSM303AGR_ACC_driver.o (__aeabi_ldivmod)
/home/ps/Ac6/SystemWorkbench/plugins/fr.ac6.mcu.externaltools.arm-none.linux64_1.15.0.201708311556/tools/compiler/bin/../lib/gcc/arm-none-eabi/6.3.1/thumb/v7e-m/fpv4-sp/hard/libgcc.a(_udivmoddi4.o)
                              /home/ps/Ac6/SystemWorkbench/plugins/fr.ac6.mcu.externaltools.arm-none.linux64_1.15.0.201708311556/tools/compiler/bin/../lib/gcc/arm-none-eabi/6.3.1/thumb/v7e-m/fpv4-sp/hard/libgcc.a(_aeabi_ldivmod.o) (__udivmoddi4)
/home/ps/Ac6/SystemWorkbench/plugins/fr.ac6.mcu.externaltools.arm-none.linux64_1.15.0.201708311556/tools/compiler/bin/../lib/gcc/arm-none-eabi/6.3.1/thumb/v7e-m/fpv4-sp/hard/libgcc.a(_dvmd_tls.o)
                              /home/ps/Ac6/SystemWorkbench/plugins/fr.ac6.mcu.externaltools.arm-none.linux64_1.15.0.201708311556/tools/compiler/bin/../lib/gcc/arm-none-eabi/6.3.1/thumb/v7e-m/fpv4-sp/hard/libgcc.a(_aeabi_ldivmod.o) (__aeabi_ldiv0)
/home/ps/Ac6/SystemWorkbench/plugins/fr.ac6.mcu.externaltools.arm-none.linux64_1.15.0.201708311556/tools/compiler/bin/../lib/gcc/arm-none-eabi/6.3.1/../../../../arm-none-eabi/lib/thumb/v7e-m/fpv4-sp/hard/libc_nano.a(lib_a-exit.o)
                              /home/ps/Ac6/SystemWorkbench/plugins/fr.ac6.mcu.externaltools.arm-none.linux64_1.15.0.201708311556/tools/compiler/bin/../lib/gcc/arm-none-eabi/6.3.1/../../../../arm-none-eabi/lib/thumb/v7e-m/fpv4-sp/hard/crt0.o (exit)
/home/ps/Ac6/SystemWorkbench/plugins/fr.ac6.mcu.externaltools.arm-none.linux64_1.15.0.201708311556/tools/compiler/bin/../lib/gcc/arm-none-eabi/6.3.1/../../../../arm-none-eabi/lib/thumb/v7e-m/fpv4-sp/hard/libc_nano.a(lib_a-impure.o)
                              /home/ps/Ac6/SystemWorkbench/plugins/fr.ac6.mcu.externaltools.arm-none.linux64_1.15.0.201708311556/tools/compiler/bin/../lib/gcc/arm-none-eabi/6.3.1/../../../../arm-none-eabi/lib/thumb/v7e-m/fpv4-sp/hard/libc_nano.a(lib_a-exit.o) (_global_impure_ptr)
/home/ps/Ac6/SystemWorkbench/plugins/fr.ac6.mcu.externaltools.arm-none.linux64_1.15.0.201708311556/tools/compiler/bin/../lib/gcc/arm-none-eabi/6.3.1/../../../../arm-none-eabi/lib/thumb/v7e-m/fpv4-sp/hard/libc_nano.a(lib_a-init.o)
                              /home/ps/Ac6/SystemWorkbench/plugins/fr.ac6.mcu.externaltools.arm-none.linux64_1.15.0.201708311556/tools/compiler/bin/../lib/gcc/arm-none-eabi/6.3.1/../../../../arm-none-eabi/lib/thumb/v7e-m/fpv4-sp/hard/crt0.o (__libc_init_array)
/home/ps/Ac6/SystemWorkbench/plugins/fr.ac6.mcu.externaltools.arm-none.linux64_1.15.0.201708311556/tools/compiler/bin/../lib/gcc/arm-none-eabi/6.3.1/../../../../arm-none-eabi/lib/thumb/v7e-m/fpv4-sp/hard/libc_nano.a(lib_a-memset.o)
                              /home/ps/Ac6/SystemWorkbench/plugins/fr.ac6.mcu.externaltools.arm-none.linux64_1.15.0.201708311556/tools/compiler/bin/../lib/gcc/arm-none-eabi/6.3.1/../../../../arm-none-eabi/lib/thumb/v7e-m/fpv4-sp/hard/crt0.o (memset)
/home/ps/Ac6/SystemWorkbench/plugins/fr.ac6.mcu.externaltools.arm-none.linux64_1.15.0.201708311556/tools/compiler/bin/../lib/gcc/arm-none-eabi/6.3.1/../../../../arm-none-eabi/lib/thumb/v7e-m/fpv4-sp/hard/libc_nano.a(lib_a-sprintf.o)
                              Src/main.o (sprintf)
/home/ps/Ac6/SystemWorkbench/plugins/fr.ac6.mcu.externaltools.arm-none.linux64_1.15.0.201708311556/tools/compiler/bin/../lib/gcc/arm-none-eabi/6.3.1/../../../../arm-none-eabi/lib/thumb/v7e-m/fpv4-sp/hard/libc_nano.a(lib_a-nano-svfprintf.o)
                              /home/ps/Ac6/SystemWorkbench/plugins/fr.ac6.mcu.externaltools.arm-none.linux64_1.15.0.201708311556/tools/compiler/bin/../lib/gcc/arm-none-eabi/6.3.1/../../../../arm-none-eabi/lib/thumb/v7e-m/fpv4-sp/hard/libc_nano.a(lib_a-sprintf.o) (_svfprintf_r)
/home/ps/Ac6/SystemWorkbench/plugins/fr.ac6.mcu.externaltools.arm-none.linux64_1.15.0.201708311556/tools/compiler/bin/../lib/gcc/arm-none-eabi/6.3.1/../../../../arm-none-eabi/lib/thumb/v7e-m/fpv4-sp/hard/libc_nano.a(lib_a-nano-vfprintf_i.o)
                              /home/ps/Ac6/SystemWorkbench/plugins/fr.ac6.mcu.externaltools.arm-none.linux64_1.15.0.201708311556/tools/compiler/bin/../lib/gcc/arm-none-eabi/6.3.1/../../../../arm-none-eabi/lib/thumb/v7e-m/fpv4-sp/hard/libc_nano.a(lib_a-nano-svfprintf.o) (_printf_i)
/home/ps/Ac6/SystemWorkbench/plugins/fr.ac6.mcu.externaltools.arm-none.linux64_1.15.0.201708311556/tools/compiler/bin/../lib/gcc/arm-none-eabi/6.3.1/../../../../arm-none-eabi/lib/thumb/v7e-m/fpv4-sp/hard/libc_nano.a(lib_a-memchr.o)
[...]
Memory Configuration

Name             Origin             Length             Attributes
RAM              0x0000000020000000 0x0000000000018000 xrw
FLASH            0x0000000008000000 0x0000000000080000 xr
*default*        0x0000000000000000 0xffffffffffffffff

Linker script and memory map

LOAD /home/ps/Ac6/SystemWorkbench/plugins/fr.ac6.mcu.externaltools.arm-none.linux64_1.15.0.201708311556/tools/compiler/bin/../lib/gcc/arm-none-eabi/6.3.1/thumb/v7e-m/fpv4-sp/hard/crti.o
LOAD /home/ps/Ac6/SystemWorkbench/plugins/fr.ac6.mcu.externaltools.arm-none.linux64_1.15.0.201708311556/tools/compiler/bin/../lib/gcc/arm-none-eabi/6.3.1/thumb/v7e-m/fpv4-sp/hard/crtbegin.o
LOAD /home/ps/Ac6/SystemWorkbench/plugins/fr.ac6.mcu.externaltools.arm-none.linux64_1.15.0.201708311556/tools/compiler/bin/../lib/gcc/arm-none-eabi/6.3.1/../../../../arm-none-eabi/lib/thumb/v7e-m/fpv4-sp/hard/crt0.o
LOAD Drivers/BSP/Components/LSM303AGR_ACC_driver.o
LOAD Drivers/BSP/Components/LSM303AGR_ACC_driver_HL.o
LOAD Drivers/BSP/Components/LSM6DSL_ACC_GYRO_driver.o
LOAD Drivers/BSP/Components/LSM6DSL_ACC_GYRO_driver_HL.o
LOAD Drivers/BSP/STM32F4xx-Nucleo/stm32f4xx_nucleo.o
LOAD Drivers/BSP/X_NUCLEO_IKS01A2/x_nucleo_iks01a2.o
LOAD Drivers/BSP/X_NUCLEO_IKS01A2/x_nucleo_iks01a2_accelero.o
LOAD Drivers/STM32F4xx_HAL_Driver/Src/stm32f4xx_hal.o
LOAD Drivers/STM32F4xx_HAL_Driver/Src/stm32f4xx_hal_cortex.o
LOAD Drivers/STM32F4xx_HAL_Driver/Src/stm32f4xx_hal_dma.o
LOAD Drivers/STM32F4xx_HAL_Driver/Src/stm32f4xx_hal_dma_ex.o
LOAD Drivers/STM32F4xx_HAL_Driver/Src/stm32f4xx_hal_flash.o
LOAD Drivers/STM32F4xx_HAL_Driver/Src/stm32f4xx_hal_flash_ex.o
LOAD Drivers/STM32F4xx_HAL_Driver/Src/stm32f4xx_hal_flash_ramfunc.o
LOAD Drivers/STM32F4xx_HAL_Driver/Src/stm32f4xx_hal_gpio.o
LOAD Drivers/STM32F4xx_HAL_Driver/Src/stm32f4xx_hal_i2c.o
LOAD Drivers/STM32F4xx_HAL_Driver/Src/stm32f4xx_hal_i2c_ex.o
LOAD Drivers/STM32F4xx_HAL_Driver/Src/stm32f4xx_hal_pwr.o
LOAD Drivers/STM32F4xx_HAL_Driver/Src/stm32f4xx_hal_pwr_ex.o
LOAD Drivers/STM32F4xx_HAL_Driver/Src/stm32f4xx_hal_rcc.o
LOAD Drivers/STM32F4xx_HAL_Driver/Src/stm32f4xx_hal_rcc_ex.o
LOAD Drivers/STM32F4xx_HAL_Driver/Src/stm32f4xx_hal_spi.o
LOAD Drivers/STM32F4xx_HAL_Driver/Src/stm32f4xx_hal_tim.o
LOAD Drivers/STM32F4xx_HAL_Driver/Src/stm32f4xx_hal_tim_ex.o
LOAD Drivers/STM32F4xx_HAL_Driver/Src/stm32f4xx_hal_uart.o
LOAD Src/main.o
LOAD Src/stm32f4xx_hal_msp.o
LOAD Src/stm32f4xx_it.o
LOAD Src/system_stm32f4xx.o
LOAD startup/startup_stm32f401xe.o
LOAD /home/ps/Ac6/SystemWorkbench/plugins/fr.ac6.mcu.externaltools.arm-none.linux64_1.15.0.201708311556/tools/compiler/bin/../lib/gcc/arm-none-eabi/6.3.1/../../../../arm-none-eabi/lib/thumb/v7e-m/fpv4-sp/hard/libm.a
START GROUP
LOAD /home/ps/Ac6/SystemWorkbench/plugins/fr.ac6.mcu.externaltools.arm-none.linux64_1.15.0.201708311556/tools/compiler/bin/../lib/gcc/arm-none-eabi/6.3.1/thumb/v7e-m/fpv4-sp/hard/libgcc.a
LOAD /home/ps/Ac6/SystemWorkbench/plugins/fr.ac6.mcu.externaltools.arm-none.linux64_1.15.0.201708311556/tools/compiler/bin/../lib/gcc/arm-none-eabi/6.3.1/../../../../arm-none-eabi/lib/thumb/v7e-m/fpv4-sp/hard/libc_nano.a
END GROUP
START GROUP
LOAD /home/ps/Ac6/SystemWorkbench/plugins/fr.ac6.mcu.externaltools.arm-none.linux64_1.15.0.201708311556/tools/compiler/bin/../lib/gcc/arm-none-eabi/6.3.1/thumb/v7e-m/fpv4-sp/hard/libgcc.a
LOAD /home/ps/Ac6/SystemWorkbench/plugins/fr.ac6.mcu.externaltools.arm-none.linux64_1.15.0.201708311556/tools/compiler/bin/../lib/gcc/arm-none-eabi/6.3.1/../../../../arm-none-eabi/lib/thumb/v7e-m/fpv4-sp/hard/libc_nano.a
LOAD /home/ps/Ac6/SystemWorkbench/plugins/fr.ac6.mcu.externaltools.arm-none.linux64_1.15.0.201708311556/tools/compiler/bin/../lib/gcc/arm-none-eabi/6.3.1/../../../../arm-none-eabi/lib/thumb/v7e-m/fpv4-sp/hard/libnosys.a
END GROUP
START GROUP
LOAD /home/ps/Ac6/SystemWorkbench/plugins/fr.ac6.mcu.externaltools.arm-none.linux64_1.15.0.201708311556/tools/compiler/bin/../lib/gcc/arm-none-eabi/6.3.1/thumb/v7e-m/fpv4-sp/hard/libgcc.a
LOAD /home/ps/Ac6/SystemWorkbench/plugins/fr.ac6.mcu.externaltools.arm-none.linux64_1.15.0.201708311556/tools/compiler/bin/../lib/gcc/arm-none-eabi/6.3.1/../../../../arm-none-eabi/lib/thumb/v7e-m/fpv4-sp/hard/libc_nano.a
LOAD /home/ps/Ac6/SystemWorkbench/plugins/fr.ac6.mcu.externaltools.arm-none.linux64_1.15.0.201708311556/tools/compiler/bin/../lib/gcc/arm-none-eabi/6.3.1/../../../../arm-none-eabi/lib/thumb/v7e-m/fpv4-sp/hard/libnosys.a
END GROUP
LOAD /home/ps/Ac6/SystemWorkbench/plugins/fr.ac6.mcu.externaltools.arm-none.linux64_1.15.0.201708311556/tools/compiler/bin/../lib/gcc/arm-none-eabi/6.3.1/thumb/v7e-m/fpv4-sp/hard/crtend.o
LOAD /home/ps/Ac6/SystemWorkbench/plugins/fr.ac6.mcu.externaltools.arm-none.linux64_1.15.0.201708311556/tools/compiler/bin/../lib/gcc/arm-none-eabi/6.3.1/thumb/v7e-m/fpv4-sp/hard/crtn.o
                0x0000000020018000                _estack = 0x20018000
                0x0000000000000200                _Min_Heap_Size = 0x200
                0x0000000000000400                _Min_Stack_Size = 0x400

.isr_vector     0x0000000008000000      0x194
                0x0000000008000000                . = ALIGN (0x4)
 *(.isr_vector)
 .isr_vector    0x0000000008000000      0x194 startup/startup_stm32f401xe.o
                0x0000000008000000                g_pfnVectors
                0x0000000008000194                . = ALIGN (0x4)

.text           0x00000000080001a0     0x7914
                0x00000000080001a0                . = ALIGN (0x4)
 *(.text)
 .text          0x00000000080001a0       0x6c /home/ps/Ac6/SystemWorkbench/plugins/fr.ac6.mcu.externaltools.arm-none.linux64_1.15.0.201708311556/tools/compiler/bin/../lib/gcc/arm-none-eabi/6.3.1/thumb/v7e-m/fpv4-sp/hard/crtbegin.o
 .text          0x000000000800020c       0xa0 /home/ps/Ac6/SystemWorkbench/plugins/fr.ac6.mcu.externaltools.arm-none.linux64_1.15.0.201708311556/tools/compiler/bin/../lib/gcc/arm-none-eabi/6.3.1/thumb/v7e-m/fpv4-sp/hard/libgcc.a(_aeabi_ldivmod.o)
                0x000000000800020c                __aeabi_ldivmod
 .text          0x00000000080002ac      0x2dc /home/ps/Ac6/SystemWorkbench/plugins/fr.ac6.mcu.externaltools.arm-none.linux64_1.15.0.201708311556/tools/compiler/bin/../lib/gcc/arm-none-eabi/6.3.1/thumb/v7e-m/fpv4-sp/hard/libgcc.a(_udivmoddi4.o)
                0x00000000080002ac                __udivmoddi4
 .text          0x0000000008000588        0x4 /home/ps/Ac6/SystemWorkbench/plugins/fr.ac6.mcu.externaltools.arm-none.linux64_1.15.0.201708311556/tools/compiler/bin/../lib/gcc/arm-none-eabi/6.3.1/thumb/v7e-m/fpv4-sp/hard/libgcc.a(_dvmd_tls.o)
                0x0000000008000588                __aeabi_ldiv0
                0x0000000008000588                __aeabi_idiv0
 *fill*         0x000000000800058c        0x4 
 .text          0x0000000008000590       0xa0 /home/ps/Ac6/SystemWorkbench/plugins/fr.ac6.mcu.externaltools.arm-none.linux64_1.15.0.201708311556/tools/compiler/bin/../lib/gcc/arm-none-eabi/6.3.1/../../../../arm-none-eabi/lib/thumb/v7e-m/fpv4-sp/hard/libc_nano.a(lib_a-memchr.o)
                0x0000000008000590                memchr
 *(.text*)
 .text.LSM303AGR_ACC_WriteReg
                0x0000000008000630       0x10 Drivers/BSP/Components/LSM303AGR_ACC_driver.o
                0x0000000008000630                LSM303AGR_ACC_WriteReg
 .text.LSM303AGR_ACC_ReadReg
                0x0000000008000640       0x10 Drivers/BSP/Components/LSM303AGR_ACC_driver.o
                0x0000000008000640                LSM303AGR_ACC_ReadReg
 .text.LSM303AGR_ACC_R_WHO_AM_I
                0x0000000008000650       0x16 Drivers/BSP/Components/LSM303AGR_ACC_driver.o
                0x0000000008000650                LSM303AGR_ACC_R_WHO_AM_I
 .text.LSM303AGR_ACC_W_BlockDataUpdate
                0x0000000008000666       0x42 Drivers/BSP/Components/LSM303AGR_ACC_driver.o
                0x0000000008000666                LSM303AGR_ACC_W_BlockDataUpdate
 .text.LSM303AGR_ACC_W_FullScale
                0x00000000080006a8       0x42 Drivers/BSP/Components/LSM303AGR_ACC_driver.o
                0x00000000080006a8                LSM303AGR_ACC_W_FullScale
 .text.LSM303AGR_ACC_R_FullScale
                0x00000000080006ea       0x20 Drivers/BSP/Components/LSM303AGR_ACC_driver.o
                0x00000000080006ea                LSM303AGR_ACC_R_FullScale
 .text.LSM303AGR_ACC_Get_Raw_Acceleration
                0x000000000800070a       0x16 Drivers/BSP/Components/LSM303AGR_ACC_driver.o
                0x000000000800070a                LSM303AGR_ACC_Get_Raw_Acceleration
 .text.LSM303AGR_ACC_W_ODR
                0x0000000008000720       0x42 Drivers/BSP/Components/LSM303AGR_ACC_driver.o
                0x0000000008000720                LSM303AGR_ACC_W_ODR
 .text.LSM303AGR_ACC_R_ODR
                0x0000000008000762       0x20 Drivers/BSP/Components/LSM303AGR_ACC_driver.o
                0x0000000008000762                LSM303AGR_ACC_R_ODR
 .text.LSM303AGR_ACC_W_XEN
                0x0000000008000782       0x42 Drivers/BSP/Components/LSM303AGR_ACC_driver.o
                0x0000000008000782                LSM303AGR_ACC_W_XEN
 .text.LSM303AGR_ACC_R_XEN
                0x00000000080007c4       0x20 Drivers/BSP/Components/LSM303AGR_ACC_driver.o
                0x00000000080007c4                LSM303AGR_ACC_R_XEN
 .text.LSM303AGR_ACC_W_YEN
                0x00000000080007e4       0x42 Drivers/BSP/Components/LSM303AGR_ACC_driver.o
                0x00000000080007e4                LSM303AGR_ACC_W_YEN
 .text.LSM303AGR_ACC_R_YEN
                0x0000000008000826       0x20 Drivers/BSP/Components/LSM303AGR_ACC_driver.o
                0x0000000008000826                LSM303AGR_ACC_R_YEN
 .text.LSM303AGR_ACC_W_ZEN
                0x0000000008000846       0x42 Drivers/BSP/Components/LSM303AGR_ACC_driver.o
                0x0000000008000846                LSM303AGR_ACC_W_ZEN
 .text.LSM303AGR_ACC_R_ZEN
                0x0000000008000888       0x20 Drivers/BSP/Components/LSM303AGR_ACC_driver.o
                0x0000000008000888                LSM303AGR_ACC_R_ZEN
 .text.LSM303AGR_ACC_R_LOWPWR_EN
                0x00000000080008a8       0x20 Drivers/BSP/Components/LSM303AGR_ACC_driver.o
                0x00000000080008a8                LSM303AGR_ACC_R_LOWPWR_EN
 .text.LSM303AGR_ACC_R_HiRes
                0x00000000080008c8       0x20 Drivers/BSP/Components/LSM303AGR_ACC_driver.o
                0x00000000080008c8                LSM303AGR_ACC_R_HiRes
 .text.LSM303AGR_ACC_Get_Acceleration
                0x00000000080008e8      0x12c Drivers/BSP/Components/LSM303AGR_ACC_driver.o
                0x00000000080008e8                LSM303AGR_ACC_Get_Acceleration
 .text.LSM303AGR_ACC_R_XDataAvail
                0x0000000008000a14       0x20 Drivers/BSP/Components/LSM303AGR_ACC_driver.o
                0x0000000008000a14                LSM303AGR_ACC_R_XDataAvail
 .text.LSM303AGR_ACC_W_FifoMode
                0x0000000008000a34       0x42 Drivers/BSP/Components/LSM303AGR_ACC_driver.o
                0x0000000008000a34                LSM303AGR_ACC_W_FifoMode
 *fill*         0x0000000008000a76        0x2 
 .text.LSM303AGR_X_Set_ODR_When_Disabled
                0x0000000008000a78       0x50 Drivers/BSP/Components/LSM303AGR_ACC_driver_HL.o
 .text.LSM303AGR_X_Set_ODR_Value_When_Disabled
                0x0000000008000ac8       0x9c Drivers/BSP/Components/LSM303AGR_ACC_driver_HL.o
 .text.LSM303AGR_X_Get_DRDY_Status
                0x0000000008000b64       0x30 Drivers/BSP/Components/LSM303AGR_ACC_driver_HL.o
 .text.LSM303AGR_X_Write_Reg
                0x0000000008000b94       0x1e Drivers/BSP/Components/LSM303AGR_ACC_driver_HL.o
 .text.LSM303AGR_X_Read_Reg
                0x0000000008000bb2       0x12 Drivers/BSP/Components/LSM303AGR_ACC_driver_HL.o
 .text.LSM303AGR_X_Set_Axes_Status
                0x0000000008000bc4       0x4e Drivers/BSP/Components/LSM303AGR_ACC_driver_HL.o
 .text.LSM303AGR_X_Get_Axes_Status
                0x0000000008000c12       0x66 Drivers/BSP/Components/LSM303AGR_ACC_driver_HL.o
 .text.LSM303AGR_X_Set_FS_Value
                0x0000000008000c78       0x48 Drivers/BSP/Components/LSM303AGR_ACC_driver_HL.o
 .text.LSM303AGR_X_Set_FS
                0x0000000008000cc0       0x24 Drivers/BSP/Components/LSM303AGR_ACC_driver_HL.o
 .text.LSM303AGR_X_Get_FS
                0x0000000008000ce4       0x60 Drivers/BSP/Components/LSM303AGR_ACC_driver_HL.o
 .text.LSM303AGR_X_Get_Sensitivity_Normal_Mode
                0x0000000008000d44       0x68 Drivers/BSP/Components/LSM303AGR_ACC_driver_HL.o
 .text.LSM303AGR_X_Get_Sensitivity_LP_Mode
                0x0000000008000dac       0x68 Drivers/BSP/Components/LSM303AGR_ACC_driver_HL.o
 .text.LSM303AGR_X_Get_Sensitivity_HR_Mode
                0x0000000008000e14       0x68 Drivers/BSP/Components/LSM303AGR_ACC_driver_HL.o
 .text.LSM303AGR_X_Set_ODR_Value_When_Enabled
                0x0000000008000e7c       0x8c Drivers/BSP/Components/LSM303AGR_ACC_driver_HL.o
 .text.LSM303AGR_X_Set_ODR_Value
                0x0000000008000f08       0x24 Drivers/BSP/Components/LSM303AGR_ACC_driver_HL.o
 .text.LSM303AGR_X_Sensor_Enable
                0x0000000008000f2c       0x28 Drivers/BSP/Components/LSM303AGR_ACC_driver_HL.o
 .text.LSM303AGR_X_Set_ODR_When_Enabled
                0x0000000008000f54       0x34 Drivers/BSP/Components/LSM303AGR_ACC_driver_HL.o
 .text.LSM303AGR_X_Set_ODR
                0x0000000008000f88       0x24 Drivers/BSP/Components/LSM303AGR_ACC_driver_HL.o
 .text.LSM303AGR_X_Get_ODR
                0x0000000008000fac       0xa4 Drivers/BSP/Components/LSM303AGR_ACC_driver_HL.o
 .text.LSM303AGR_X_Sensor_Disable
                0x0000000008001050       0x2e Drivers/BSP/Components/LSM303AGR_ACC_driver_HL.o
 .text.LSM303AGR_X_Get_Sensitivity
                0x000000000800107e       0x70 Drivers/BSP/Components/LSM303AGR_ACC_driver_HL.o
 .text.LSM303AGR_X_Get_Axes_Raw
                0x00000000080010ee       0x88 Drivers/BSP/Components/LSM303AGR_ACC_driver_HL.o
 .text.LSM303AGR_X_Get_AxesRaw
                0x0000000008001176       0x28 Drivers/BSP/Components/LSM303AGR_ACC_driver_HL.o
 .text.LSM303AGR_X_Get_Axes
                0x000000000800119e       0x24 Drivers/BSP/Components/LSM303AGR_ACC_driver_HL.o
 .text.LSM303AGR_X_Get_WhoAmI
                0x00000000080011c2       0x10 Drivers/BSP/Components/LSM303AGR_ACC_driver_HL.o
 .text.LSM303AGR_X_Check_WhoAmI
                0x00000000080011d2       0x2a Drivers/BSP/Components/LSM303AGR_ACC_driver_HL.o
 .text.LSM303AGR_X_DeInit
                0x00000000080011fc       0x28 Drivers/BSP/Components/LSM303AGR_ACC_driver_HL.o
 .text.LSM303AGR_X_Init
                0x0000000008001224       0x7c Drivers/BSP/Components/LSM303AGR_ACC_driver_HL.o
 .text.LSM6DSL_ACC_GYRO_ReadReg
                0x00000000080012a0       0x10 Drivers/BSP/Components/LSM6DSL_ACC_GYRO_driver.o
                0x00000000080012a0                LSM6DSL_ACC_GYRO_ReadReg
 .text.LSM6DSL_ACC_GYRO_WriteReg
                0x00000000080012b0       0x10 Drivers/BSP/Components/LSM6DSL_ACC_GYRO_driver.o
                0x00000000080012b0                LSM6DSL_ACC_GYRO_WriteReg
 .text.LSM6DSL_ACC_GYRO_R_WHO_AM_I
                0x00000000080012c0       0x16 Drivers/BSP/Components/LSM6DSL_ACC_GYRO_driver.o
                0x00000000080012c0                LSM6DSL_ACC_GYRO_R_WHO_AM_I
 .text.LSM6DSL_ACC_GYRO_W_BDU
                0x00000000080012d6       0x42 Drivers/BSP/Components/LSM6DSL_ACC_GYRO_driver.o
                0x00000000080012d6                LSM6DSL_ACC_GYRO_W_BDU
 .text.LSM6DSL_ACC_GYRO_W_FS_XL
                0x0000000008001318       0x42 Drivers/BSP/Components/LSM6DSL_ACC_GYRO_driver.o
                0x0000000008001318                LSM6DSL_ACC_GYRO_W_FS_XL
 .text.LSM6DSL_ACC_GYRO_R_FS_XL
                0x000000000800135a       0x20 Drivers/BSP/Components/LSM6DSL_ACC_GYRO_driver.o
                0x000000000800135a                LSM6DSL_ACC_GYRO_R_FS_XL
 .text.LSM6DSL_ACC_GYRO_GetRawAccData
                0x000000000800137a       0x4a Drivers/BSP/Components/LSM6DSL_ACC_GYRO_driver.o
                0x000000000800137a                LSM6DSL_ACC_GYRO_GetRawAccData
 .text.LSM6DSL_ACC_GYRO_W_ODR_XL
                0x00000000080013c4       0x42 Drivers/BSP/Components/LSM6DSL_ACC_GYRO_driver.o
                0x00000000080013c4                LSM6DSL_ACC_GYRO_W_ODR_XL
 .text.LSM6DSL_ACC_GYRO_R_ODR_XL
                0x0000000008001406       0x20 Drivers/BSP/Components/LSM6DSL_ACC_GYRO_driver.o
                0x0000000008001406                LSM6DSL_ACC_GYRO_R_ODR_XL
 .text.LSM6DSL_ACC_GYRO_W_FS_G
                0x0000000008001426       0x42 Drivers/BSP/Components/LSM6DSL_ACC_GYRO_driver.o
                0x0000000008001426                LSM6DSL_ACC_GYRO_W_FS_G
 .text.LSM6DSL_ACC_GYRO_R_FS_G
                0x0000000008001468       0x20 Drivers/BSP/Components/LSM6DSL_ACC_GYRO_driver.o
                0x0000000008001468                LSM6DSL_ACC_GYRO_R_FS_G
 .text.LSM6DSL_ACC_GYRO_GetRawGyroData
                0x0000000008001488       0x4a Drivers/BSP/Components/LSM6DSL_ACC_GYRO_driver.o
                0x0000000008001488                LSM6DSL_ACC_GYRO_GetRawGyroData
 .text.LSM6DSL_ACC_GYRO_W_ODR_G
                0x00000000080014d2       0x42 Drivers/BSP/Components/LSM6DSL_ACC_GYRO_driver.o
                0x00000000080014d2                LSM6DSL_ACC_GYRO_W_ODR_G
 .text.LSM6DSL_ACC_GYRO_R_ODR_G
                0x0000000008001514       0x20 Drivers/BSP/Components/LSM6DSL_ACC_GYRO_driver.o
                0x0000000008001514                LSM6DSL_ACC_GYRO_R_ODR_G
 .text.LSM6DSL_ACC_GYRO_W_FS_125
                0x0000000008001534       0x42 Drivers/BSP/Components/LSM6DSL_ACC_GYRO_driver.o
                0x0000000008001534                LSM6DSL_ACC_GYRO_W_FS_125
 .text.LSM6DSL_ACC_GYRO_R_FS_125
                0x0000000008001576       0x20 Drivers/BSP/Components/LSM6DSL_ACC_GYRO_driver.o
                0x0000000008001576                LSM6DSL_ACC_GYRO_R_FS_125
 .text.LSM6DSL_ACC_GYRO_W_EmbeddedAccess
                0x0000000008001596       0x42 Drivers/BSP/Components/LSM6DSL_ACC_GYRO_driver.o
                0x0000000008001596                LSM6DSL_ACC_GYRO_W_EmbeddedAccess
 .text.LSM6DSL_ACC_GYRO_W_FIFO_Watermark
                0x00000000080015d8       0x72 Drivers/BSP/Components/LSM6DSL_ACC_GYRO_driver.o
                0x00000000080015d8                LSM6DSL_ACC_GYRO_W_FIFO_Watermark
 .text.LSM6DSL_ACC_GYRO_W_DEC_FIFO_XL
                0x000000000800164a       0x42 Drivers/BSP/Components/LSM6DSL_ACC_GYRO_driver.o
                0x000000000800164a                LSM6DSL_ACC_GYRO_W_DEC_FIFO_XL
 .text.LSM6DSL_ACC_GYRO_W_DEC_FIFO_G
                0x000000000800168c       0x42 Drivers/BSP/Components/LSM6DSL_ACC_GYRO_driver.o
                0x000000000800168c                LSM6DSL_ACC_GYRO_W_DEC_FIFO_G
 .text.LSM6DSL_ACC_GYRO_W_STOP_ON_FTH
                0x00000000080016ce       0x42 Drivers/BSP/Components/LSM6DSL_ACC_GYRO_driver.o
                0x00000000080016ce                LSM6DSL_ACC_GYRO_W_STOP_ON_FTH
 .text.LSM6DSL_ACC_GYRO_W_FIFO_MODE
                0x0000000008001710       0x42 Drivers/BSP/Components/LSM6DSL_ACC_GYRO_driver.o
                0x0000000008001710                LSM6DSL_ACC_GYRO_W_FIFO_MODE
 .text.LSM6DSL_ACC_GYRO_W_ODR_FIFO
                0x0000000008001752       0x42 Drivers/BSP/Components/LSM6DSL_ACC_GYRO_driver.o
                0x0000000008001752                LSM6DSL_ACC_GYRO_W_ODR_FIFO
 .text.LSM6DSL_ACC_GYRO_W_FULL_FLAG_on_INT1
                0x0000000008001794       0x42 Drivers/BSP/Components/LSM6DSL_ACC_GYRO_driver.o
                0x0000000008001794                LSM6DSL_ACC_GYRO_W_FULL_FLAG_on_INT1
 .text.LSM6DSL_ACC_GYRO_W_STEP_DET_on_INT1
                0x00000000080017d6       0x42 Drivers/BSP/Components/LSM6DSL_ACC_GYRO_driver.o
                0x00000000080017d6                LSM6DSL_ACC_GYRO_W_STEP_DET_on_INT1
 .text.LSM6DSL_ACC_GYRO_W_IF_Addr_Incr
                0x0000000008001818       0x42 Drivers/BSP/Components/LSM6DSL_ACC_GYRO_driver.o
                0x0000000008001818                LSM6DSL_ACC_GYRO_W_IF_Addr_Incr
 .text.LSM6DSL_ACC_GYRO_W_SelfTest_XL
                0x000000000800185a       0x42 Drivers/BSP/Components/LSM6DSL_ACC_GYRO_driver.o
                0x000000000800185a                LSM6DSL_ACC_GYRO_W_SelfTest_XL
 .text.LSM6DSL_ACC_GYRO_W_SelfTest_G
                0x000000000800189c       0x42 Drivers/BSP/Components/LSM6DSL_ACC_GYRO_driver.o
                0x000000000800189c                LSM6DSL_ACC_GYRO_W_SelfTest_G
 .text.LSM6DSL_ACC_GYRO_W_PedoStepReset
                0x00000000080018de       0x42 Drivers/BSP/Components/LSM6DSL_ACC_GYRO_driver.o
                0x00000000080018de                LSM6DSL_ACC_GYRO_W_PedoStepReset
 .text.LSM6DSL_ACC_GYRO_W_TILT
                0x0000000008001920       0x42 Drivers/BSP/Components/LSM6DSL_ACC_GYRO_driver.o
                0x0000000008001920                LSM6DSL_ACC_GYRO_W_TILT
 .text.LSM6DSL_ACC_GYRO_W_PEDO
                0x0000000008001962       0x42 Drivers/BSP/Components/LSM6DSL_ACC_GYRO_driver.o
                0x0000000008001962                LSM6DSL_ACC_GYRO_W_PEDO
 .text.LSM6DSL_ACC_GYRO_W_FUNC_EN
                0x00000000080019a4       0x42 Drivers/BSP/Components/LSM6DSL_ACC_GYRO_driver.o
                0x00000000080019a4                LSM6DSL_ACC_GYRO_W_FUNC_EN
 .text.LSM6DSL_ACC_GYRO_R_WU_EV_STATUS
                0x00000000080019e6       0x20 Drivers/BSP/Components/LSM6DSL_ACC_GYRO_driver.o
                0x00000000080019e6                LSM6DSL_ACC_GYRO_R_WU_EV_STATUS
 .text.LSM6DSL_ACC_GYRO_R_FF_EV_STATUS
                0x0000000008001a06       0x20 Drivers/BSP/Components/LSM6DSL_ACC_GYRO_driver.o
                0x0000000008001a06                LSM6DSL_ACC_GYRO_R_FF_EV_STATUS
 .text.LSM6DSL_ACC_GYRO_R_DOUBLE_TAP_EV_STATUS
                0x0000000008001a26       0x20 Drivers/BSP/Components/LSM6DSL_ACC_GYRO_driver.o
                0x0000000008001a26                LSM6DSL_ACC_GYRO_R_DOUBLE_TAP_EV_STATUS
 .text.LSM6DSL_ACC_GYRO_R_SINGLE_TAP_EV_STATUS
                0x0000000008001a46       0x20 Drivers/BSP/Components/LSM6DSL_ACC_GYRO_driver.o
                0x0000000008001a46                LSM6DSL_ACC_GYRO_R_SINGLE_TAP_EV_STATUS
 .text.LSM6DSL_ACC_GYRO_R_DSD_XL
                0x0000000008001a66       0x20 Drivers/BSP/Components/LSM6DSL_ACC_GYRO_driver.o
                0x0000000008001a66                LSM6DSL_ACC_GYRO_R_DSD_XL
 .text.LSM6DSL_ACC_GYRO_R_DSD_XH
                0x0000000008001a86       0x20 Drivers/BSP/Components/LSM6DSL_ACC_GYRO_driver.o
                0x0000000008001a86                LSM6DSL_ACC_GYRO_R_DSD_XH
 .text.LSM6DSL_ACC_GYRO_R_DSD_YL
                0x0000000008001aa6       0x20 Drivers/BSP/Components/LSM6DSL_ACC_GYRO_driver.o
                0x0000000008001aa6                LSM6DSL_ACC_GYRO_R_DSD_YL
 .text.LSM6DSL_ACC_GYRO_R_DSD_YH
                0x0000000008001ac6       0x20 Drivers/BSP/Components/LSM6DSL_ACC_GYRO_driver.o
                0x0000000008001ac6                LSM6DSL_ACC_GYRO_R_DSD_YH
 .text.LSM6DSL_ACC_GYRO_R_DSD_ZL
                0x0000000008001ae6       0x20 Drivers/BSP/Components/LSM6DSL_ACC_GYRO_driver.o
                0x0000000008001ae6                LSM6DSL_ACC_GYRO_R_DSD_ZL
 .text.LSM6DSL_ACC_GYRO_R_DSD_ZH
                0x0000000008001b06       0x20 Drivers/BSP/Components/LSM6DSL_ACC_GYRO_driver.o
                0x0000000008001b06                LSM6DSL_ACC_GYRO_R_DSD_ZH
 .text.LSM6DSL_ACC_GYRO_R_D6D_EV_STATUS
                0x0000000008001b26       0x20 Drivers/BSP/Components/LSM6DSL_ACC_GYRO_driver.o
                0x0000000008001b26                LSM6DSL_ACC_GYRO_R_D6D_EV_STATUS
 .text.LSM6DSL_ACC_GYRO_R_XLDA
                0x0000000008001b46       0x20 Drivers/BSP/Components/LSM6DSL_ACC_GYRO_driver.o
                0x0000000008001b46                LSM6DSL_ACC_GYRO_R_XLDA
 .text.LSM6DSL_ACC_GYRO_R_GDA
                0x0000000008001b66       0x20 Drivers/BSP/Components/LSM6DSL_ACC_GYRO_driver.o
                0x0000000008001b66                LSM6DSL_ACC_GYRO_R_GDA
 .text.LSM6DSL_ACC_GYRO_R_FIFONumOfEntries
                0x0000000008001b86       0x48 Drivers/BSP/Components/LSM6DSL_ACC_GYRO_driver.o
                0x0000000008001b86                LSM6DSL_ACC_GYRO_R_FIFONumOfEntries
 .text.LSM6DSL_ACC_GYRO_R_FIFOEmpty
                0x0000000008001bce       0x20 Drivers/BSP/Components/LSM6DSL_ACC_GYRO_driver.o
                0x0000000008001bce                LSM6DSL_ACC_GYRO_R_FIFOEmpty
 .text.LSM6DSL_ACC_GYRO_R_FIFOFull
                0x0000000008001bee       0x20 Drivers/BSP/Components/LSM6DSL_ACC_GYRO_driver.o
                0x0000000008001bee                LSM6DSL_ACC_GYRO_R_FIFOFull
 .text.LSM6DSL_ACC_GYRO_R_OVERRUN
                0x0000000008001c0e       0x20 Drivers/BSP/Components/LSM6DSL_ACC_GYRO_driver.o
                0x0000000008001c0e                LSM6DSL_ACC_GYRO_R_OVERRUN
 .text.LSM6DSL_ACC_GYRO_R_FIFOPattern
                0x0000000008001c2e       0x48 Drivers/BSP/Components/LSM6DSL_ACC_GYRO_driver.o
                0x0000000008001c2e                LSM6DSL_ACC_GYRO_R_FIFOPattern
 .text.LSM6DSL_ACC_GYRO_R_PEDO_EV_STATUS
                0x0000000008001c76       0x20 Drivers/BSP/Components/LSM6DSL_ACC_GYRO_driver.o
                0x0000000008001c76                LSM6DSL_ACC_GYRO_R_PEDO_EV_STATUS
 .text.LSM6DSL_ACC_GYRO_R_TILT_EV_STATUS
                0x0000000008001c96       0x20 Drivers/BSP/Components/LSM6DSL_ACC_GYRO_driver.o
                0x0000000008001c96                LSM6DSL_ACC_GYRO_R_TILT_EV_STATUS
 .text.LSM6DSL_ACC_GYRO_W_LIR
                0x0000000008001cb6       0x42 Drivers/BSP/Components/LSM6DSL_ACC_GYRO_driver.o
                0x0000000008001cb6                LSM6DSL_ACC_GYRO_W_LIR
 .text.LSM6DSL_ACC_GYRO_W_TAP_Z_EN
                0x0000000008001cf8       0x42 Drivers/BSP/Components/LSM6DSL_ACC_GYRO_driver.o
                0x0000000008001cf8                LSM6DSL_ACC_GYRO_W_TAP_Z_EN
 .text.LSM6DSL_ACC_GYRO_W_TAP_Y_EN
                0x0000000008001d3a       0x42 Drivers/BSP/Components/LSM6DSL_ACC_GYRO_driver.o
                0x0000000008001d3a                LSM6DSL_ACC_GYRO_W_TAP_Y_EN
 .text.LSM6DSL_ACC_GYRO_W_TAP_X_EN
                0x0000000008001d7c       0x42 Drivers/BSP/Components/LSM6DSL_ACC_GYRO_driver.o
                0x0000000008001d7c                LSM6DSL_ACC_GYRO_W_TAP_X_EN
 .text.LSM6DSL_ACC_GYRO_W_BASIC_INT
                0x0000000008001dbe       0x42 Drivers/BSP/Components/LSM6DSL_ACC_GYRO_driver.o
                0x0000000008001dbe                LSM6DSL_ACC_GYRO_W_BASIC_INT
 .text.LSM6DSL_ACC_GYRO_W_TAP_THS
                0x0000000008001e00       0x44 Drivers/BSP/Components/LSM6DSL_ACC_GYRO_driver.o
                0x0000000008001e00                LSM6DSL_ACC_GYRO_W_TAP_THS
 .text.LSM6DSL_ACC_GYRO_W_SIXD_THS
                0x0000000008001e44       0x42 Drivers/BSP/Components/LSM6DSL_ACC_GYRO_driver.o
                0x0000000008001e44                LSM6DSL_ACC_GYRO_W_SIXD_THS
 .text.LSM6DSL_ACC_GYRO_W_SHOCK_Duration
                0x0000000008001e86       0x44 Drivers/BSP/Components/LSM6DSL_ACC_GYRO_driver.o
                0x0000000008001e86                LSM6DSL_ACC_GYRO_W_SHOCK_Duration
 .text.LSM6DSL_ACC_GYRO_W_QUIET_Duration
                0x0000000008001eca       0x46 Drivers/BSP/Components/LSM6DSL_ACC_GYRO_driver.o
                0x0000000008001eca                LSM6DSL_ACC_GYRO_W_QUIET_Duration
 .text.LSM6DSL_ACC_GYRO_W_DUR
                0x0000000008001f10       0x44 Drivers/BSP/Components/LSM6DSL_ACC_GYRO_driver.o
                0x0000000008001f10                LSM6DSL_ACC_GYRO_W_DUR
 .text.LSM6DSL_ACC_GYRO_W_WK_THS
                0x0000000008001f54       0x44 Drivers/BSP/Components/LSM6DSL_ACC_GYRO_driver.o
                0x0000000008001f54                LSM6DSL_ACC_GYRO_W_WK_THS
 .text.LSM6DSL_ACC_GYRO_W_SINGLE_DOUBLE_TAP_EV
                0x0000000008001f98       0x42 Drivers/BSP/Components/LSM6DSL_ACC_GYRO_driver.o
                0x0000000008001f98                LSM6DSL_ACC_GYRO_W_SINGLE_DOUBLE_TAP_EV
 .text.LSM6DSL_ACC_GYRO_W_SLEEP_DUR
                0x0000000008001fda       0x44 Drivers/BSP/Components/LSM6DSL_ACC_GYRO_driver.o
                0x0000000008001fda                LSM6DSL_ACC_GYRO_W_SLEEP_DUR
 .text.LSM6DSL_ACC_GYRO_W_TIMER_HR
                0x000000000800201e       0x42 Drivers/BSP/Components/LSM6DSL_ACC_GYRO_driver.o
                0x000000000800201e                LSM6DSL_ACC_GYRO_W_TIMER_HR
 .text.LSM6DSL_ACC_GYRO_W_WAKE_DUR
                0x0000000008002060       0x46 Drivers/BSP/Components/LSM6DSL_ACC_GYRO_driver.o
                0x0000000008002060                LSM6DSL_ACC_GYRO_W_WAKE_DUR
 .text.LSM6DSL_ACC_GYRO_W_FF_THS
                0x00000000080020a6       0x42 Drivers/BSP/Components/LSM6DSL_ACC_GYRO_driver.o
                0x00000000080020a6                LSM6DSL_ACC_GYRO_W_FF_THS
 .text.LSM6DSL_ACC_GYRO_W_FF_Duration
                0x00000000080020e8       0x7e Drivers/BSP/Components/LSM6DSL_ACC_GYRO_driver.o
                0x00000000080020e8                LSM6DSL_ACC_GYRO_W_FF_Duration
 .text.LSM6DSL_ACC_GYRO_W_TiltEvOnInt1
                0x0000000008002166       0x42 Drivers/BSP/Components/LSM6DSL_ACC_GYRO_driver.o
                0x0000000008002166                LSM6DSL_ACC_GYRO_W_TiltEvOnInt1
 .text.LSM6DSL_ACC_GYRO_W_6DEvOnInt1
                0x00000000080021a8       0x42 Drivers/BSP/Components/LSM6DSL_ACC_GYRO_driver.o
                0x00000000080021a8                LSM6DSL_ACC_GYRO_W_6DEvOnInt1
 .text.LSM6DSL_ACC_GYRO_W_TapEvOnInt1
                0x00000000080021ea       0x42 Drivers/BSP/Components/LSM6DSL_ACC_GYRO_driver.o
                0x00000000080021ea                LSM6DSL_ACC_GYRO_W_TapEvOnInt1
 .text.LSM6DSL_ACC_GYRO_W_FFEvOnInt1
                0x000000000800222c       0x42 Drivers/BSP/Components/LSM6DSL_ACC_GYRO_driver.o
                0x000000000800222c                LSM6DSL_ACC_GYRO_W_FFEvOnInt1
 .text.LSM6DSL_ACC_GYRO_W_WUEvOnInt1
                0x000000000800226e       0x42 Drivers/BSP/Components/LSM6DSL_ACC_GYRO_driver.o
                0x000000000800226e                LSM6DSL_ACC_GYRO_W_WUEvOnInt1
 .text.LSM6DSL_ACC_GYRO_W_SingleTapOnInt1
                0x00000000080022b0       0x42 Drivers/BSP/Components/LSM6DSL_ACC_GYRO_driver.o
                0x00000000080022b0                LSM6DSL_ACC_GYRO_W_SingleTapOnInt1
 .text.LSM6DSL_ACC_GYRO_W_TiltEvOnInt2
                0x00000000080022f2       0x42 Drivers/BSP/Components/LSM6DSL_ACC_GYRO_driver.o
                0x00000000080022f2                LSM6DSL_ACC_GYRO_W_TiltEvOnInt2
 .text.LSM6DSL_ACC_GYRO_W_6DEvOnInt2
                0x0000000008002334       0x42 Drivers/BSP/Components/LSM6DSL_ACC_GYRO_driver.o
                0x0000000008002334                LSM6DSL_ACC_GYRO_W_6DEvOnInt2
 .text.LSM6DSL_ACC_GYRO_W_TapEvOnInt2
                0x0000000008002376       0x42 Drivers/BSP/Components/LSM6DSL_ACC_GYRO_driver.o
                0x0000000008002376                LSM6DSL_ACC_GYRO_W_TapEvOnInt2
 .text.LSM6DSL_ACC_GYRO_W_FFEvOnInt2
                0x00000000080023b8       0x42 Drivers/BSP/Components/LSM6DSL_ACC_GYRO_driver.o
                0x00000000080023b8                LSM6DSL_ACC_GYRO_W_FFEvOnInt2
 .text.LSM6DSL_ACC_GYRO_W_WUEvOnInt2
                0x00000000080023fa       0x42 Drivers/BSP/Components/LSM6DSL_ACC_GYRO_driver.o
                0x00000000080023fa                LSM6DSL_ACC_GYRO_W_WUEvOnInt2
 .text.LSM6DSL_ACC_GYRO_W_SingleTapOnInt2
                0x000000000800243c       0x42 Drivers/BSP/Components/LSM6DSL_ACC_GYRO_driver.o
                0x000000000800243c                LSM6DSL_ACC_GYRO_W_SingleTapOnInt2
 .text.LSM6DSL_ACC_GYRO_Get_GetFIFOData
                0x000000000800247e       0x42 Drivers/BSP/Components/LSM6DSL_ACC_GYRO_driver.o
                0x000000000800247e                LSM6DSL_ACC_GYRO_Get_GetFIFOData
 .text.LSM6DSL_ACC_GYRO_Get_GetStepCounter
                0x00000000080024c0       0x42 Drivers/BSP/Components/LSM6DSL_ACC_GYRO_driver.o
                0x00000000080024c0                LSM6DSL_ACC_GYRO_Get_GetStepCounter
 .text.LSM6DSL_ACC_GYRO_W_PedoThreshold
                0x0000000008002502       0x4a Drivers/BSP/Components/LSM6DSL_ACC_GYRO_driver.o
                0x0000000008002502                LSM6DSL_ACC_GYRO_W_PedoThreshold
 .text.LSM6DSL_X_Set_ODR_When_Disabled
                0x000000000800254c       0x50 Drivers/BSP/Components/LSM6DSL_ACC_GYRO_driver_HL.o
 .text.LSM6DSL_X_Set_ODR_Value_When_Disabled
                0x000000000800259c       0xf0 Drivers/BSP/Components/LSM6DSL_ACC_GYRO_driver_HL.o
 .text.LSM6DSL_G_Set_ODR_When_Disabled
                0x000000000800268c       0x50 Drivers/BSP/Components/LSM6DSL_ACC_GYRO_driver_HL.o
 .text.LSM6DSL_G_Set_ODR_Value_When_Disabled
                0x00000000080026dc       0xf0 Drivers/BSP/Components/LSM6DSL_ACC_GYRO_driver_HL.o
 .text.LSM6DSL_X_Set_SelfTest
                0x00000000080027cc       0x18 Drivers/BSP/Components/LSM6DSL_ACC_GYRO_driver_HL.o
 .text.LSM6DSL_Set_Interrupt_Latch
                0x00000000080027e4       0x18 Drivers/BSP/Components/LSM6DSL_ACC_GYRO_driver_HL.o
 .text.LSM6DSL_X_Set_Interrupt_Latch
                0x00000000080027fc        0x8 Drivers/BSP/Components/LSM6DSL_ACC_GYRO_driver_HL.o
 .text.LSM6DSL_G_Set_Interrupt_Latch
                0x0000000008002804        0x8 Drivers/BSP/Components/LSM6DSL_ACC_GYRO_driver_HL.o
 .text.LSM6DSL_FIFO_Set_Stop_On_Fth
                0x000000000800280c       0x1e Drivers/BSP/Components/LSM6DSL_ACC_GYRO_driver_HL.o
 .text.LSM6DSL_FIFO_Set_Watermark_Level
                0x000000000800282a       0x10 Drivers/BSP/Components/LSM6DSL_ACC_GYRO_driver_HL.o
 .text.LSM6DSL_FIFO_Set_INT1_FIFO_Full
                0x000000000800283a       0x1e Drivers/BSP/Components/LSM6DSL_ACC_GYRO_driver_HL.o
 .text.LSM6DSL_FIFO_Set_Mode
                0x0000000008002858       0x24 Drivers/BSP/Components/LSM6DSL_ACC_GYRO_driver_HL.o
 .text.LSM6DSL_X_Get_Sensitivity
                0x000000000800287c       0x6c Drivers/BSP/Components/LSM6DSL_ACC_GYRO_driver_HL.o
 .text.LSM6DSL_X_Get_FS
                0x00000000080028e8       0x64 Drivers/BSP/Components/LSM6DSL_ACC_GYRO_driver_HL.o
 .text.LSM6DSL_FIFO_X_Set_Decimation
                0x000000000800294c       0x18 Drivers/BSP/Components/LSM6DSL_ACC_GYRO_driver_HL.o
 .text.LSM6DSL_FIFO_Get_Num_Of_Samples
                0x0000000008002964       0x10 Drivers/BSP/Components/LSM6DSL_ACC_GYRO_driver_HL.o
 .text.LSM6DSL_FIFO_Get_Data
                0x0000000008002974       0x10 Drivers/BSP/Components/LSM6DSL_ACC_GYRO_driver_HL.o
 .text.LSM6DSL_FIFO_X_Get_Axis
                0x0000000008002984       0x4e Drivers/BSP/Components/LSM6DSL_ACC_GYRO_driver_HL.o
 .text.LSM6DSL_FIFO_Get_Pattern
                0x00000000080029d2       0x10 Drivers/BSP/Components/LSM6DSL_ACC_GYRO_driver_HL.o
 .text.LSM6DSL_FIFO_Get_Overrun_Status
                0x00000000080029e2       0x32 Drivers/BSP/Components/LSM6DSL_ACC_GYRO_driver_HL.o
 .text.LSM6DSL_FIFO_Get_Empty_Status
                0x0000000008002a14       0x32 Drivers/BSP/Components/LSM6DSL_ACC_GYRO_driver_HL.o
 .text.LSM6DSL_FIFO_Get_Full_Status
                0x0000000008002a46       0x32 Drivers/BSP/Components/LSM6DSL_ACC_GYRO_driver_HL.o
 .text.LSM6DSL_FIFO_Set_ODR_Value
                0x0000000008002a78       0xd0 Drivers/BSP/Components/LSM6DSL_ACC_GYRO_driver_HL.o
 .text.LSM6DSL_Read_Reg
                0x0000000008002b48       0x12 Drivers/BSP/Components/LSM6DSL_ACC_GYRO_driver_HL.o
 .text.LSM6DSL_X_Read_Reg
                0x0000000008002b5a        0xe Drivers/BSP/Components/LSM6DSL_ACC_GYRO_driver_HL.o
 .text.LSM6DSL_X_Get_Event_Status
                0x0000000008002b68      0x1ac Drivers/BSP/Components/LSM6DSL_ACC_GYRO_driver_HL.o
 .text.LSM6DSL_G_Read_Reg
                0x0000000008002d14        0xe Drivers/BSP/Components/LSM6DSL_ACC_GYRO_driver_HL.o
 .text.LSM6DSL_X_Get_6D_Orientation_ZH
                0x0000000008002d22       0x32 Drivers/BSP/Components/LSM6DSL_ACC_GYRO_driver_HL.o
 .text.LSM6DSL_X_Get_6D_Orientation_ZL
                0x0000000008002d54       0x32 Drivers/BSP/Components/LSM6DSL_ACC_GYRO_driver_HL.o
 .text.LSM6DSL_X_Get_6D_Orientation_YH
                0x0000000008002d86       0x32 Drivers/BSP/Components/LSM6DSL_ACC_GYRO_driver_HL.o
 .text.LSM6DSL_X_Get_6D_Orientation_YL
                0x0000000008002db8       0x32 Drivers/BSP/Components/LSM6DSL_ACC_GYRO_driver_HL.o
 .text.LSM6DSL_X_Get_6D_Orientation_XH
                0x0000000008002dea       0x32 Drivers/BSP/Components/LSM6DSL_ACC_GYRO_driver_HL.o
 .text.LSM6DSL_X_Get_6D_Orientation_XL
                0x0000000008002e1c       0x30 Drivers/BSP/Components/LSM6DSL_ACC_GYRO_driver_HL.o
 .text.LSM6DSL_X_Get_6D_Orientation_Status
                0x0000000008002e4c       0x32 Drivers/BSP/Components/LSM6DSL_ACC_GYRO_driver_HL.o
 .text.LSM6DSL_X_Disable_6D_Orientation
                0x0000000008002e7e       0x3e Drivers/BSP/Components/LSM6DSL_ACC_GYRO_driver_HL.o
 .text.LSM6DSL_X_Set_FS_Value
                0x0000000008002ebc       0x48 Drivers/BSP/Components/LSM6DSL_ACC_GYRO_driver_HL.o
 .text.LSM6DSL_X_Set_FS
                0x0000000008002f04       0x24 Drivers/BSP/Components/LSM6DSL_ACC_GYRO_driver_HL.o
 .text.LSM6DSL_X_Set_ODR_Value_When_Enabled
                0x0000000008002f28       0xd0 Drivers/BSP/Components/LSM6DSL_ACC_GYRO_driver_HL.o
 .text.LSM6DSL_X_Set_ODR_Value
                0x0000000008002ff8       0x24 Drivers/BSP/Components/LSM6DSL_ACC_GYRO_driver_HL.o
 .text.LSM6DSL_X_Enable_6D_Orientation
                0x000000000800301c       0x70 Drivers/BSP/Components/LSM6DSL_ACC_GYRO_driver_HL.o
 .text.LSM6DSL_X_Sensor_Enable
                0x000000000800308c       0x28 Drivers/BSP/Components/LSM6DSL_ACC_GYRO_driver_HL.o
 .text.LSM6DSL_X_Set_ODR_When_Enabled
                0x00000000080030b4       0x30 Drivers/BSP/Components/LSM6DSL_ACC_GYRO_driver_HL.o
 .text.LSM6DSL_X_Set_ODR
                0x00000000080030e4       0x24 Drivers/BSP/Components/LSM6DSL_ACC_GYRO_driver_HL.o
 .text.LSM6DSL_X_Set_Tap_Duration_Time
                0x0000000008003108       0x10 Drivers/BSP/Components/LSM6DSL_ACC_GYRO_driver_HL.o
 .text.LSM6DSL_X_Set_Tap_Quiet_Time
                0x0000000008003118       0x10 Drivers/BSP/Components/LSM6DSL_ACC_GYRO_driver_HL.o
 .text.LSM6DSL_X_Set_Tap_Shock_Time
                0x0000000008003128       0x10 Drivers/BSP/Components/LSM6DSL_ACC_GYRO_driver_HL.o
 .text.LSM6DSL_X_Set_Tap_Threshold
                0x0000000008003138       0x10 Drivers/BSP/Components/LSM6DSL_ACC_GYRO_driver_HL.o
 .text.LSM6DSL_X_Get_Double_Tap_Detection_Status
                0x0000000008003148       0x32 Drivers/BSP/Components/LSM6DSL_ACC_GYRO_driver_HL.o
 .text.LSM6DSL_X_Disable_Double_Tap_Detection
                0x000000000800317a       0x98 Drivers/BSP/Components/LSM6DSL_ACC_GYRO_driver_HL.o
 *fill*         0x0000000008003212        0x2 
 .text.LSM6DSL_X_Enable_Double_Tap_Detection
                0x0000000008003214       0xc8 Drivers/BSP/Components/LSM6DSL_ACC_GYRO_driver_HL.o
 .text.LSM6DSL_X_Get_Single_Tap_Detection_Status
                0x00000000080032dc       0x32 Drivers/BSP/Components/LSM6DSL_ACC_GYRO_driver_HL.o
 .text.LSM6DSL_X_Disable_Single_Tap_Detection
                0x000000000800330e       0x7e Drivers/BSP/Components/LSM6DSL_ACC_GYRO_driver_HL.o
 .text.LSM6DSL_X_Enable_Single_Tap_Detection
                0x000000000800338c       0xb0 Drivers/BSP/Components/LSM6DSL_ACC_GYRO_driver_HL.o
 .text.LSM6DSL_X_Set_Wake_Up_Threshold
                0x000000000800343c       0x10 Drivers/BSP/Components/LSM6DSL_ACC_GYRO_driver_HL.o
 .text.LSM6DSL_X_Get_Wake_Up_Detection_Status
                0x000000000800344c       0x32 Drivers/BSP/Components/LSM6DSL_ACC_GYRO_driver_HL.o
 .text.LSM6DSL_X_Disable_Wake_Up_Detection
                0x000000000800347e       0x4c Drivers/BSP/Components/LSM6DSL_ACC_GYRO_driver_HL.o
 *fill*         0x00000000080034ca        0x2 
 .text.LSM6DSL_X_Enable_Wake_Up_Detection
                0x00000000080034cc       0x7c Drivers/BSP/Components/LSM6DSL_ACC_GYRO_driver_HL.o
 .text.LSM6DSL_X_Get_Tilt_Detection_Status
                0x0000000008003548       0x32 Drivers/BSP/Components/LSM6DSL_ACC_GYRO_driver_HL.o
 .text.LSM6DSL_X_Disable_Tilt_Detection
                0x000000000800357a       0x3e Drivers/BSP/Components/LSM6DSL_ACC_GYRO_driver_HL.o
 .text.LSM6DSL_X_Enable_Tilt_Detection
                0x00000000080035b8       0x6a Drivers/BSP/Components/LSM6DSL_ACC_GYRO_driver_HL.o
 .text.LSM6DSL_X_Set_Pedometer_Threshold
                0x0000000008003622       0x10 Drivers/BSP/Components/LSM6DSL_ACC_GYRO_driver_HL.o
 .text.LSM6DSL_X_Disable_Step_Counter_Reset
                0x0000000008003632       0x12 Drivers/BSP/Components/LSM6DSL_ACC_GYRO_driver_HL.o
 .text.LSM6DSL_X_Enable_Step_Counter_Reset
                0x0000000008003644       0x12 Drivers/BSP/Components/LSM6DSL_ACC_GYRO_driver_HL.o
 .text.LSM6DSL_X_Get_Step_Count
                0x0000000008003656       0x10 Drivers/BSP/Components/LSM6DSL_ACC_GYRO_driver_HL.o
 .text.LSM6DSL_X_Get_Pedometer_Status
                0x0000000008003666       0x32 Drivers/BSP/Components/LSM6DSL_ACC_GYRO_driver_HL.o
 .text.LSM6DSL_X_Disable_Pedometer
                0x0000000008003698       0x3e Drivers/BSP/Components/LSM6DSL_ACC_GYRO_driver_HL.o
 .text.LSM6DSL_X_Enable_Pedometer
                0x00000000080036d6       0x58 Drivers/BSP/Components/LSM6DSL_ACC_GYRO_driver_HL.o
 .text.LSM6DSL_X_Set_Free_Fall_Threshold
                0x000000000800372e       0x10 Drivers/BSP/Components/LSM6DSL_ACC_GYRO_driver_HL.o
 .text.LSM6DSL_X_Get_Free_Fall_Detection_Status
                0x000000000800373e       0x32 Drivers/BSP/Components/LSM6DSL_ACC_GYRO_driver_HL.o
 .text.LSM6DSL_X_Disable_Free_Fall_Detection
                0x0000000008003770       0x4c Drivers/BSP/Components/LSM6DSL_ACC_GYRO_driver_HL.o
 .text.LSM6DSL_X_Enable_Free_Fall_Detection
                0x00000000080037bc       0xa8 Drivers/BSP/Components/LSM6DSL_ACC_GYRO_driver_HL.o
 .text.LSM6DSL_G_Set_SelfTest
                0x0000000008003864       0x2a Drivers/BSP/Components/LSM6DSL_ACC_GYRO_driver_HL.o
 *fill*         0x000000000800388e        0x2 
 .text.LSM6DSL_G_Get_Sensitivity
                0x0000000008003890       0x94 Drivers/BSP/Components/LSM6DSL_ACC_GYRO_driver_HL.o
 .text.LSM6DSL_FIFO_G_Get_Axis
                0x0000000008003924       0x4e Drivers/BSP/Components/LSM6DSL_ACC_GYRO_driver_HL.o
 *fill*         0x0000000008003972        0x2 
 .text.LSM6DSL_G_Get_FS
                0x0000000008003974       0x94 Drivers/BSP/Components/LSM6DSL_ACC_GYRO_driver_HL.o
 .text.LSM6DSL_FIFO_G_Set_Decimation
                0x0000000008003a08       0x56 Drivers/BSP/Components/LSM6DSL_ACC_GYRO_driver_HL.o
 .text.LSM6DSL_X_Get_DRDY_Status
                0x0000000008003a5e       0x30 Drivers/BSP/Components/LSM6DSL_ACC_GYRO_driver_HL.o
 .text.LSM6DSL_Write_Reg
                0x0000000008003a8e       0x1e Drivers/BSP/Components/LSM6DSL_ACC_GYRO_driver_HL.o
 .text.LSM6DSL_X_Write_Reg
                0x0000000008003aac        0xe Drivers/BSP/Components/LSM6DSL_ACC_GYRO_driver_HL.o
 .text.LSM6DSL_G_Write_Reg
                0x0000000008003aba        0xe Drivers/BSP/Components/LSM6DSL_ACC_GYRO_driver_HL.o
 .text.LSM6DSL_X_Get_ODR
                0x0000000008003ac8       0xd8 Drivers/BSP/Components/LSM6DSL_ACC_GYRO_driver_HL.o
 .text.LSM6DSL_X_Sensor_Disable
                0x0000000008003ba0       0x2e Drivers/BSP/Components/LSM6DSL_ACC_GYRO_driver_HL.o
 .text.LSM6DSL_X_Get_Axes_Raw
                0x0000000008003bce       0x4a Drivers/BSP/Components/LSM6DSL_ACC_GYRO_driver_HL.o
 .text.LSM6DSL_X_Get_AxesRaw
                0x0000000008003c18       0x28 Drivers/BSP/Components/LSM6DSL_ACC_GYRO_driver_HL.o
 .text.LSM6DSL_X_Get_Axes
                0x0000000008003c40       0x74 Drivers/BSP/Components/LSM6DSL_ACC_GYRO_driver_HL.o
 .text.LSM6DSL_Get_WhoAmI
                0x0000000008003cb4       0x10 Drivers/BSP/Components/LSM6DSL_ACC_GYRO_driver_HL.o
 .text.LSM6DSL_Check_WhoAmI
                0x0000000008003cc4       0x2a Drivers/BSP/Components/LSM6DSL_ACC_GYRO_driver_HL.o
 .text.LSM6DSL_X_Check_WhoAmI
                0x0000000008003cee        0x8 Drivers/BSP/Components/LSM6DSL_ACC_GYRO_driver_HL.o
 .text.LSM6DSL_X_DeInit
                0x0000000008003cf6       0x6e Drivers/BSP/Components/LSM6DSL_ACC_GYRO_driver_HL.o
 .text.LSM6DSL_G_Check_WhoAmI
                0x0000000008003d64        0x8 Drivers/BSP/Components/LSM6DSL_ACC_GYRO_driver_HL.o
 .text.LSM6DSL_X_Get_WhoAmI
                0x0000000008003d6c        0x8 Drivers/BSP/Components/LSM6DSL_ACC_GYRO_driver_HL.o
 .text.LSM6DSL_G_Get_WhoAmI
                0x0000000008003d74        0x8 Drivers/BSP/Components/LSM6DSL_ACC_GYRO_driver_HL.o
 .text.LSM6DSL_X_Init
                0x0000000008003d7c       0x68 Drivers/BSP/Components/LSM6DSL_ACC_GYRO_driver_HL.o
 .text.LSM6DSL_G_Get_DRDY_Status
                0x0000000008003de4       0x32 Drivers/BSP/Components/LSM6DSL_ACC_GYRO_driver_HL.o
 *fill*         0x0000000008003e16        0x2 
 .text.LSM6DSL_G_Set_FS_Value
                0x0000000008003e18       0x8c Drivers/BSP/Components/LSM6DSL_ACC_GYRO_driver_HL.o
 .text.LSM6DSL_G_Set_FS
                0x0000000008003ea4       0x24 Drivers/BSP/Components/LSM6DSL_ACC_GYRO_driver_HL.o
 .text.LSM6DSL_G_Set_ODR_Value_When_Enabled
                0x0000000008003ec8       0xd0 Drivers/BSP/Components/LSM6DSL_ACC_GYRO_driver_HL.o
 .text.LSM6DSL_G_Set_ODR_Value
                0x0000000008003f98       0x24 Drivers/BSP/Components/LSM6DSL_ACC_GYRO_driver_HL.o
 .text.LSM6DSL_G_Sensor_Enable
                0x0000000008003fbc       0x28 Drivers/BSP/Components/LSM6DSL_ACC_GYRO_driver_HL.o
 .text.LSM6DSL_G_Set_ODR_When_Enabled
                0x0000000008003fe4       0x30 Drivers/BSP/Components/LSM6DSL_ACC_GYRO_driver_HL.o
 .text.LSM6DSL_G_Set_ODR
                0x0000000008004014       0x24 Drivers/BSP/Components/LSM6DSL_ACC_GYRO_driver_HL.o
 .text.LSM6DSL_G_Init
                0x0000000008004038       0x68 Drivers/BSP/Components/LSM6DSL_ACC_GYRO_driver_HL.o
 .text.LSM6DSL_G_Get_ODR
                0x00000000080040a0       0xd8 Drivers/BSP/Components/LSM6DSL_ACC_GYRO_driver_HL.o
 .text.LSM6DSL_G_Sensor_Disable
                0x0000000008004178       0x2e Drivers/BSP/Components/LSM6DSL_ACC_GYRO_driver_HL.o
 .text.LSM6DSL_G_DeInit
                0x00000000080041a6       0x28 Drivers/BSP/Components/LSM6DSL_ACC_GYRO_driver_HL.o
 .text.LSM6DSL_G_Get_Axes_Raw
                0x00000000080041ce       0x4a Drivers/BSP/Components/LSM6DSL_ACC_GYRO_driver_HL.o
 .text.LSM6DSL_G_Get_AxesRaw
                0x0000000008004218       0x28 Drivers/BSP/Components/LSM6DSL_ACC_GYRO_driver_HL.o
 .text.LSM6DSL_G_Get_Axes
                0x0000000008004240       0x74 Drivers/BSP/Components/LSM6DSL_ACC_GYRO_driver_HL.o
 .text.I2C_EXPBD_MspInit
                0x00000000080042b4       0x88 Drivers/BSP/X_NUCLEO_IKS01A2/x_nucleo_iks01a2.o
 .text.I2C_EXPBD_Init
                0x000000000800433c       0x4c Drivers/BSP/X_NUCLEO_IKS01A2/x_nucleo_iks01a2.o
 .text.I2C_EXPBD_Error
                0x0000000008004388       0x14 Drivers/BSP/X_NUCLEO_IKS01A2/x_nucleo_iks01a2.o
 .text.I2C_EXPBD_WriteData
                0x000000000800439c       0x34 Drivers/BSP/X_NUCLEO_IKS01A2/x_nucleo_iks01a2.o
 .text.I2C_EXPBD_ReadData
                0x00000000080043d0       0x34 Drivers/BSP/X_NUCLEO_IKS01A2/x_nucleo_iks01a2.o
 .text.Sensor_IO_Init
                0x0000000008004404       0x10 Drivers/BSP/X_NUCLEO_IKS01A2/x_nucleo_iks01a2.o
                0x0000000008004404                Sensor_IO_Init
 .text.LSM6DSL_Sensor_IO_ITConfig
                0x0000000008004414       0x94 Drivers/BSP/X_NUCLEO_IKS01A2/x_nucleo_iks01a2.o
                0x0000000008004414                LSM6DSL_Sensor_IO_ITConfig
 .text.Sensor_IO_Write
                0x00000000080044a8       0x7c Drivers/BSP/X_NUCLEO_IKS01A2/x_nucleo_iks01a2.o
                0x00000000080044a8                Sensor_IO_Write
 .text.Sensor_IO_Read
                0x0000000008004524       0x7c Drivers/BSP/X_NUCLEO_IKS01A2/x_nucleo_iks01a2.o
                0x0000000008004524                Sensor_IO_Read
 .text.BSP_LSM303AGR_ACCELERO_Init
                0x00000000080045a0       0x98 Drivers/BSP/X_NUCLEO_IKS01A2/x_nucleo_iks01a2_accelero.o
 .text.BSP_LSM6DSL_ACCELERO_Init
                0x0000000008004638       0x98 Drivers/BSP/X_NUCLEO_IKS01A2/x_nucleo_iks01a2_accelero.o
 .text.BSP_ACCELERO_Init
                0x00000000080046d0       0x4c Drivers/BSP/X_NUCLEO_IKS01A2/x_nucleo_iks01a2_accelero.o
                0x00000000080046d0                BSP_ACCELERO_Init
 .text.BSP_ACCELERO_Sensor_Enable
                0x000000000800471c       0x1e Drivers/BSP/X_NUCLEO_IKS01A2/x_nucleo_iks01a2_accelero.o
                0x000000000800471c                BSP_ACCELERO_Sensor_Enable
 *fill*         0x000000000800473a        0x2 
 .text.HAL_InitTick
                0x000000000800473c       0x2c Drivers/STM32F4xx_HAL_Driver/Src/stm32f4xx_hal.o
                0x000000000800473c                HAL_InitTick
 .text.HAL_Init
                0x0000000008004768       0x34 Drivers/STM32F4xx_HAL_Driver/Src/stm32f4xx_hal.o
                0x0000000008004768                HAL_Init
 .text.HAL_IncTick
                0x000000000800479c       0x10 Drivers/STM32F4xx_HAL_Driver/Src/stm32f4xx_hal.o
                0x000000000800479c                HAL_IncTick
 .text.HAL_GetTick
                0x00000000080047ac        0xc Drivers/STM32F4xx_HAL_Driver/Src/stm32f4xx_hal.o
                0x00000000080047ac                HAL_GetTick
 .text.HAL_Delay
                0x00000000080047b8       0x24 Drivers/STM32F4xx_HAL_Driver/Src/stm32f4xx_hal.o
                0x00000000080047b8                HAL_Delay
 .text.HAL_NVIC_SetPriorityGrouping
                0x00000000080047dc       0x24 Drivers/STM32F4xx_HAL_Driver/Src/stm32f4xx_hal_cortex.o
                0x00000000080047dc                HAL_NVIC_SetPriorityGrouping
 .text.HAL_NVIC_SetPriority
                0x0000000008004800       0x64 Drivers/STM32F4xx_HAL_Driver/Src/stm32f4xx_hal_cortex.o
                0x0000000008004800                HAL_NVIC_SetPriority
 .text.HAL_NVIC_EnableIRQ
                0x0000000008004864       0x18 Drivers/STM32F4xx_HAL_Driver/Src/stm32f4xx_hal_cortex.o
                0x0000000008004864                HAL_NVIC_EnableIRQ
 .text.HAL_SYSTICK_Config
                0x000000000800487c       0x2c Drivers/STM32F4xx_HAL_Driver/Src/stm32f4xx_hal_cortex.o
                0x000000000800487c                HAL_SYSTICK_Config
 .text.HAL_SYSTICK_CLKSourceConfig
                0x00000000080048a8       0x20 Drivers/STM32F4xx_HAL_Driver/Src/stm32f4xx_hal_cortex.o
                0x00000000080048a8                HAL_SYSTICK_CLKSourceConfig
 .text.HAL_SYSTICK_Callback
                0x00000000080048c8        0x2 Drivers/STM32F4xx_HAL_Driver/Src/stm32f4xx_hal_cortex.o
                0x00000000080048c8                HAL_SYSTICK_Callback
 .text.HAL_SYSTICK_IRQHandler
                0x00000000080048ca        0x8 Drivers/STM32F4xx_HAL_Driver/Src/stm32f4xx_hal_cortex.o
                0x00000000080048ca                HAL_SYSTICK_IRQHandler
 *fill*         0x00000000080048d2        0x2 
 .text.DMA_CalcBaseAndBitshift
                0x00000000080048d4       0x3c Drivers/STM32F4xx_HAL_Driver/Src/stm32f4xx_hal_dma.o
 .text.DMA_CheckFifoParam
                0x0000000008004910       0x8e Drivers/STM32F4xx_HAL_Driver/Src/stm32f4xx_hal_dma.o
 *fill*         0x000000000800499e        0x2 
 .text.HAL_DMA_Init
                0x00000000080049a0       0xd0 Drivers/STM32F4xx_HAL_Driver/Src/stm32f4xx_hal_dma.o
                0x00000000080049a0                HAL_DMA_Init
 .text.HAL_DMA_Abort_IT
                0x0000000008004a70       0x26 Drivers/STM32F4xx_HAL_Driver/Src/stm32f4xx_hal_dma.o
                0x0000000008004a70                HAL_DMA_Abort_IT
 *fill*         0x0000000008004a96        0x2 
 .text.HAL_DMA_IRQHandler
                0x0000000008004a98      0x1e4 Drivers/STM32F4xx_HAL_Driver/Src/stm32f4xx_hal_dma.o
                0x0000000008004a98                HAL_DMA_IRQHandler
 .text.HAL_GPIO_Init
                0x0000000008004c7c      0x1a8 Drivers/STM32F4xx_HAL_Driver/Src/stm32f4xx_hal_gpio.o
                0x0000000008004c7c                HAL_GPIO_Init
 .text.HAL_GPIO_DeInit
                0x0000000008004e24       0xfc Drivers/STM32F4xx_HAL_Driver/Src/stm32f4xx_hal_gpio.o
                0x0000000008004e24                HAL_GPIO_DeInit
 .text.HAL_GPIO_WritePin
                0x0000000008004f20        0xc Drivers/STM32F4xx_HAL_Driver/Src/stm32f4xx_hal_gpio.o
                0x0000000008004f20                HAL_GPIO_WritePin
 .text.HAL_GPIO_EXTI_IRQHandler
                0x0000000008004f2c       0x1c Drivers/STM32F4xx_HAL_Driver/Src/stm32f4xx_hal_gpio.o
                0x0000000008004f2c                HAL_GPIO_EXTI_IRQHandler
 .text.I2C_IsAcknowledgeFailed
                0x0000000008004f48       0x2a Drivers/STM32F4xx_HAL_Driver/Src/stm32f4xx_hal_i2c.o
 .text.I2C_WaitOnFlagUntilTimeout
                0x0000000008004f72       0x68 Drivers/STM32F4xx_HAL_Driver/Src/stm32f4xx_hal_i2c.o
 .text.I2C_WaitOnMasterAddressFlagUntilTimeout
                0x0000000008004fda       0x90 Drivers/STM32F4xx_HAL_Driver/Src/stm32f4xx_hal_i2c.o
 .text.I2C_WaitOnTXEFlagUntilTimeout
                0x000000000800506a       0x4e Drivers/STM32F4xx_HAL_Driver/Src/stm32f4xx_hal_i2c.o
 .text.I2C_RequestMemoryWrite
                0x00000000080050b8       0xd4 Drivers/STM32F4xx_HAL_Driver/Src/stm32f4xx_hal_i2c.o
 .text.I2C_RequestMemoryRead
                0x000000000800518c      0x148 Drivers/STM32F4xx_HAL_Driver/Src/stm32f4xx_hal_i2c.o
 .text.I2C_WaitOnBTFFlagUntilTimeout
                0x00000000080052d4       0x4e Drivers/STM32F4xx_HAL_Driver/Src/stm32f4xx_hal_i2c.o
 .text.I2C_WaitOnRXNEFlagUntilTimeout
                0x0000000008005322       0x5c Drivers/STM32F4xx_HAL_Driver/Src/stm32f4xx_hal_i2c.o
 *fill*         0x000000000800537e        0x2 
 .text.HAL_I2C_Init
                0x0000000008005380      0x11c Drivers/STM32F4xx_HAL_Driver/Src/stm32f4xx_hal_i2c.o
                0x0000000008005380                HAL_I2C_Init
 .text.HAL_I2C_DeInit
                0x000000000800549c       0x32 Drivers/STM32F4xx_HAL_Driver/Src/stm32f4xx_hal_i2c.o
                0x000000000800549c                HAL_I2C_DeInit
 *fill*         0x00000000080054ce        0x2 
 .text.HAL_I2C_Mem_Write
                0x00000000080054d0      0x17c Drivers/STM32F4xx_HAL_Driver/Src/stm32f4xx_hal_i2c.o
                0x00000000080054d0                HAL_I2C_Mem_Write
 .text.HAL_I2C_Mem_Read
                0x000000000800564c      0x2f4 Drivers/STM32F4xx_HAL_Driver/Src/stm32f4xx_hal_i2c.o
                0x000000000800564c                HAL_I2C_Mem_Read
 .text.HAL_I2C_GetState
                0x0000000008005940        0x6 Drivers/STM32F4xx_HAL_Driver/Src/stm32f4xx_hal_i2c.o
                0x0000000008005940                HAL_I2C_GetState
 *fill*         0x0000000008005946        0x2 
 .text.HAL_RCC_OscConfig
                0x0000000008005948      0x3b0 Drivers/STM32F4xx_HAL_Driver/Src/stm32f4xx_hal_rcc.o
                0x0000000008005948                HAL_RCC_OscConfig
 .text.HAL_RCC_GetSysClockFreq
                0x0000000008005cf8       0x94 Drivers/STM32F4xx_HAL_Driver/Src/stm32f4xx_hal_rcc.o
                0x0000000008005cf8                HAL_RCC_GetSysClockFreq
 .text.HAL_RCC_ClockConfig
                0x0000000008005d8c      0x19c Drivers/STM32F4xx_HAL_Driver/Src/stm32f4xx_hal_rcc.o
                0x0000000008005d8c                HAL_RCC_ClockConfig
 .text.HAL_RCC_GetHCLKFreq
                0x0000000008005f28        0xc Drivers/STM32F4xx_HAL_Driver/Src/stm32f4xx_hal_rcc.o
                0x0000000008005f28                HAL_RCC_GetHCLKFreq
 .text.HAL_RCC_GetPCLK1Freq
                0x0000000008005f34       0x2c Drivers/STM32F4xx_HAL_Driver/Src/stm32f4xx_hal_rcc.o
                0x0000000008005f34                HAL_RCC_GetPCLK1Freq
 .text.HAL_RCC_GetPCLK2Freq
                0x0000000008005f60       0x2c Drivers/STM32F4xx_HAL_Driver/Src/stm32f4xx_hal_rcc.o
                0x0000000008005f60                HAL_RCC_GetPCLK2Freq
 .text.HAL_SPI_Init
                0x0000000008005f8c       0x80 Drivers/STM32F4xx_HAL_Driver/Src/stm32f4xx_hal_spi.o
                0x0000000008005f8c                HAL_SPI_Init
 .text.HAL_SPI_ErrorCallback
                0x000000000800600c        0x2 Drivers/STM32F4xx_HAL_Driver/Src/stm32f4xx_hal_spi.o
                0x000000000800600c                HAL_SPI_ErrorCallback
 *fill*         0x000000000800600e        0x2 
 .text.HAL_SPI_IRQHandler
                0x0000000008006010      0x104 Drivers/STM32F4xx_HAL_Driver/Src/stm32f4xx_hal_spi.o
                0x0000000008006010                HAL_SPI_IRQHandler
 .text.SPI_DMAAbortOnError
                0x0000000008006114       0x10 Drivers/STM32F4xx_HAL_Driver/Src/stm32f4xx_hal_spi.o
 .text.TIM_TI1_ConfigInputStage
                0x0000000008006124       0x26 Drivers/STM32F4xx_HAL_Driver/Src/stm32f4xx_hal_tim.o
 .text.TIM_TI2_ConfigInputStage
                0x000000000800614a       0x28 Drivers/STM32F4xx_HAL_Driver/Src/stm32f4xx_hal_tim.o
 .text.TIM_ITRx_SetConfig
                0x0000000008006172       0x10 Drivers/STM32F4xx_HAL_Driver/Src/stm32f4xx_hal_tim.o
 .text.TIM_ETR_SetConfig
                0x0000000008006182       0x18 Drivers/STM32F4xx_HAL_Driver/Src/stm32f4xx_hal_tim.o
 .text.HAL_TIM_Base_Start_IT
                0x000000000800619a       0x18 Drivers/STM32F4xx_HAL_Driver/Src/stm32f4xx_hal_tim.o
                0x000000000800619a                HAL_TIM_Base_Start_IT
 .text.HAL_TIM_ConfigClockSource
                0x00000000080061b2      0x108 Drivers/STM32F4xx_HAL_Driver/Src/stm32f4xx_hal_tim.o
                0x00000000080061b2                HAL_TIM_ConfigClockSource
 .text.HAL_TIM_PeriodElapsedCallback
                0x00000000080062ba        0x2 Drivers/STM32F4xx_HAL_Driver/Src/stm32f4xx_hal_tim.o
                0x00000000080062ba                HAL_TIM_PeriodElapsedCallback
 .text.HAL_TIM_OC_DelayElapsedCallback
                0x00000000080062bc        0x2 Drivers/STM32F4xx_HAL_Driver/Src/stm32f4xx_hal_tim.o
                0x00000000080062bc                HAL_TIM_OC_DelayElapsedCallback
 .text.HAL_TIM_IC_CaptureCallback
                0x00000000080062be        0x2 Drivers/STM32F4xx_HAL_Driver/Src/stm32f4xx_hal_tim.o
                0x00000000080062be                HAL_TIM_IC_CaptureCallback
 .text.HAL_TIM_PWM_PulseFinishedCallback
                0x00000000080062c0        0x2 Drivers/STM32F4xx_HAL_Driver/Src/stm32f4xx_hal_tim.o
                0x00000000080062c0                HAL_TIM_PWM_PulseFinishedCallback
 .text.HAL_TIM_TriggerCallback
                0x00000000080062c2        0x2 Drivers/STM32F4xx_HAL_Driver/Src/stm32f4xx_hal_tim.o
                0x00000000080062c2                HAL_TIM_TriggerCallback
 .text.HAL_TIM_IRQHandler
                0x00000000080062c4      0x17a Drivers/STM32F4xx_HAL_Driver/Src/stm32f4xx_hal_tim.o
                0x00000000080062c4                HAL_TIM_IRQHandler
 *fill*         0x000000000800643e        0x2 
 .text.TIM_Base_SetConfig
                0x0000000008006440       0xd0 Drivers/STM32F4xx_HAL_Driver/Src/stm32f4xx_hal_tim.o
                0x0000000008006440                TIM_Base_SetConfig
 .text.HAL_TIM_Base_Init
                0x0000000008006510       0x32 Drivers/STM32F4xx_HAL_Driver/Src/stm32f4xx_hal_tim.o
                0x0000000008006510                HAL_TIM_Base_Init
 .text.HAL_TIMEx_MasterConfigSynchronization
                0x0000000008006542       0x52 Drivers/STM32F4xx_HAL_Driver/Src/stm32f4xx_hal_tim_ex.o
                0x0000000008006542                HAL_TIMEx_MasterConfigSynchronization
 .text.HAL_TIMEx_CommutationCallback
                0x0000000008006594        0x2 Drivers/STM32F4xx_HAL_Driver/Src/stm32f4xx_hal_tim_ex.o
                0x0000000008006594                HAL_TIMEx_CommutationCallback
 .text.HAL_TIMEx_BreakCallback
                0x0000000008006596        0x2 Drivers/STM32F4xx_HAL_Driver/Src/stm32f4xx_hal_tim_ex.o
                0x0000000008006596                HAL_TIMEx_BreakCallback
 .text.UART_SetConfig
                0x0000000008006598      0x344 Drivers/STM32F4xx_HAL_Driver/Src/stm32f4xx_hal_uart.o
 .text.UART_WaitOnFlagUntilTimeout
                0x00000000080068dc       0x64 Drivers/STM32F4xx_HAL_Driver/Src/stm32f4xx_hal_uart.o
 .text.HAL_UART_Init
                0x0000000008006940       0x5e Drivers/STM32F4xx_HAL_Driver/Src/stm32f4xx_hal_uart.o
                0x0000000008006940                HAL_UART_Init
 .text.HAL_UART_Transmit
                0x000000000800699e       0xe2 Drivers/STM32F4xx_HAL_Driver/Src/stm32f4xx_hal_uart.o
                0x000000000800699e                HAL_UART_Transmit
 .text.MX_GPIO_Init
                0x0000000008006a80       0xc0 Src/main.o
 .text.MX_DMA_Init
                0x0000000008006b40       0x44 Src/main.o
 .text.initializeAllSensors
                0x0000000008006b84       0x24 Src/main.o
 .text.enableAllSensors
                0x0000000008006ba8       0x10 Src/main.o
 .text.HAL_GPIO_EXTI_Callback
                0x0000000008006bb8       0x1c Src/main.o
                0x0000000008006bb8                HAL_GPIO_EXTI_Callback
 .text._Error_Handler
                0x0000000008006bd4        0x2 Src/main.o
                0x0000000008006bd4                _Error_Handler
 *fill*         0x0000000008006bd6        0x2 
 .text.MX_USART2_UART_Init
                0x0000000008006bd8       0x3c Src/main.o
 .text.MX_TIM1_Init
                0x0000000008006c14       0x78 Src/main.o
 .text.MX_SPI3_Init
                0x0000000008006c8c       0x48 Src/main.o
 .text.SystemClock_Config
                0x0000000008006cd4       0xc4 Src/main.o
                0x0000000008006cd4                SystemClock_Config
 .text.main     0x0000000008006d98       0xf0 Src/main.o
                0x0000000008006d98                main
 .text.HAL_MspInit
                0x0000000008006e88       0x5e Src/stm32f4xx_hal_msp.o
                0x0000000008006e88                HAL_MspInit
 *fill*         0x0000000008006ee6        0x2 
 .text.HAL_I2C_MspInit
                0x0000000008006ee8       0x58 Src/stm32f4xx_hal_msp.o
                0x0000000008006ee8                HAL_I2C_MspInit
 .text.HAL_I2C_MspDeInit
                0x0000000008006f40       0x30 Src/stm32f4xx_hal_msp.o
                0x0000000008006f40                HAL_I2C_MspDeInit
 .text.HAL_SPI_MspInit
                0x0000000008006f70       0x60 Src/stm32f4xx_hal_msp.o
                0x0000000008006f70                HAL_SPI_MspInit
 .text.HAL_TIM_Base_MspInit
                0x0000000008006fd0       0x40 Src/stm32f4xx_hal_msp.o
                0x0000000008006fd0                HAL_TIM_Base_MspInit
 .text.HAL_UART_MspInit
                0x0000000008007010       0xd8 Src/stm32f4xx_hal_msp.o
                0x0000000008007010                HAL_UART_MspInit
 .text.SysTick_Handler
                0x00000000080070e8        0xc Src/stm32f4xx_it.o
                0x00000000080070e8                SysTick_Handler
 .text.DMA1_Stream5_IRQHandler
                0x00000000080070f4       0x10 Src/stm32f4xx_it.o
                0x00000000080070f4                DMA1_Stream5_IRQHandler
 .text.DMA1_Stream6_IRQHandler
                0x0000000008007104       0x10 Src/stm32f4xx_it.o
                0x0000000008007104                DMA1_Stream6_IRQHandler
 .text.TIM1_UP_TIM10_IRQHandler
                0x0000000008007114       0x1c Src/stm32f4xx_it.o
                0x0000000008007114                TIM1_UP_TIM10_IRQHandler
 .text.SPI3_IRQHandler
                0x0000000008007130       0x10 Src/stm32f4xx_it.o
                0x0000000008007130                SPI3_IRQHandler
 .text.EXTI9_5_IRQHandler
                0x0000000008007140        0xa Src/stm32f4xx_it.o
                0x0000000008007140                EXTI9_5_IRQHandler
 *fill*         0x000000000800714a        0x2 
 .text.SystemInit
                0x000000000800714c       0x4c Src/system_stm32f4xx.o
                0x000000000800714c                SystemInit
 .text.Reset_Handler
                0x0000000008007198       0x50 startup/startup_stm32f401xe.o
                0x0000000008007198                Reset_Handler
 .text.Default_Handler
                0x00000000080071e8        0x2 startup/startup_stm32f401xe.o
                0x00000000080071e8                RTC_Alarm_IRQHandler
                0x00000000080071e8                EXTI2_IRQHandler
                0x00000000080071e8                DebugMon_Handler
                0x00000000080071e8                SPI4_IRQHandler
                0x00000000080071e8                TIM1_CC_IRQHandler
                0x00000000080071e8                DMA2_Stream5_IRQHandler
                0x00000000080071e8                HardFault_Handler
                0x00000000080071e8                PVD_IRQHandler
                0x00000000080071e8                SDIO_IRQHandler
                0x00000000080071e8                TAMP_STAMP_IRQHandler
                0x00000000080071e8                PendSV_Handler
                0x00000000080071e8                NMI_Handler
                0x00000000080071e8                EXTI3_IRQHandler
                0x00000000080071e8                I2C3_ER_IRQHandler
                0x00000000080071e8                EXTI0_IRQHandler
                0x00000000080071e8                I2C2_EV_IRQHandler
                0x00000000080071e8                DMA1_Stream2_IRQHandler
                0x00000000080071e8                FPU_IRQHandler
                0x00000000080071e8                UsageFault_Handler
                0x00000000080071e8                DMA2_Stream2_IRQHandler
                0x00000000080071e8                SPI1_IRQHandler
                0x00000000080071e8                TIM1_BRK_TIM9_IRQHandler
                0x00000000080071e8                DMA2_Stream3_IRQHandler
                0x00000000080071e8                USART6_IRQHandler
                0x00000000080071e8                DMA2_Stream0_IRQHandler
                0x00000000080071e8                TIM4_IRQHandler
                0x00000000080071e8                I2C1_EV_IRQHandler
                0x00000000080071e8                DMA1_Stream1_IRQHandler
                0x00000000080071e8                TIM3_IRQHandler
                0x00000000080071e8                RCC_IRQHandler
                0x00000000080071e8                Default_Handler
                0x00000000080071e8                EXTI15_10_IRQHandler
                0x00000000080071e8                ADC_IRQHandler
                0x00000000080071e8                DMA1_Stream7_IRQHandler
                0x00000000080071e8                TIM5_IRQHandler
                0x00000000080071e8                DMA2_Stream7_IRQHandler
                0x00000000080071e8                I2C3_EV_IRQHandler
                0x00000000080071e8                RTC_WKUP_IRQHandler
                0x00000000080071e8                SPI2_IRQHandler
                0x00000000080071e8                MemManage_Handler
                0x00000000080071e8                DMA1_Stream0_IRQHandler
                0x00000000080071e8                SVC_Handler
                0x00000000080071e8                EXTI4_IRQHandler
                0x00000000080071e8                WWDG_IRQHandler
                0x00000000080071e8                TIM2_IRQHandler
                0x00000000080071e8                OTG_FS_WKUP_IRQHandler
                0x00000000080071e8                TIM1_TRG_COM_TIM11_IRQHandler
                0x00000000080071e8                EXTI1_IRQHandler
                0x00000000080071e8                USART2_IRQHandler
                0x00000000080071e8                I2C2_ER_IRQHandler
                0x00000000080071e8                DMA2_Stream1_IRQHandler
                0x00000000080071e8                FLASH_IRQHandler
                0x00000000080071e8                DMA2_Stream4_IRQHandler
                0x00000000080071e8                BusFault_Handler
                0x00000000080071e8                USART1_IRQHandler
                0x00000000080071e8                OTG_FS_IRQHandler
                0x00000000080071e8                DMA1_Stream4_IRQHandler
                0x00000000080071e8                I2C1_ER_IRQHandler
                0x00000000080071e8                DMA2_Stream6_IRQHandler
                0x00000000080071e8                DMA1_Stream3_IRQHandler
 *fill*         0x00000000080071ea        0x2 
 .text.__libc_init_array
                0x00000000080071ec       0x48 /home/ps/Ac6/SystemWorkbench/plugins/fr.ac6.mcu.externaltools.arm-none.linux64_1.15.0.201708311556/tools/compiler/bin/../lib/gcc/arm-none-eabi/6.3.1/../../../../arm-none-eabi/lib/thumb/v7e-m/fpv4-sp/hard/libc_nano.a(lib_a-init.o)
                0x00000000080071ec                __libc_init_array
 .text.memset   0x0000000008007234       0x10 /home/ps/Ac6/SystemWorkbench/plugins/fr.ac6.mcu.externaltools.arm-none.linux64_1.15.0.201708311556/tools/compiler/bin/../lib/gcc/arm-none-eabi/6.3.1/../../../../arm-none-eabi/lib/thumb/v7e-m/fpv4-sp/hard/libc_nano.a(lib_a-memset.o)
                0x0000000008007234                memset
 .text.sprintf  0x0000000008007244       0x48 /home/ps/Ac6/SystemWorkbench/plugins/fr.ac6.mcu.externaltools.arm-none.linux64_1.15.0.201708311556/tools/compiler/bin/../lib/gcc/arm-none-eabi/6.3.1/../../../../arm-none-eabi/lib/thumb/v7e-m/fpv4-sp/hard/libc_nano.a(lib_a-sprintf.o)
                0x0000000008007244                sprintf
                0x0000000008007244                siprintf
 .text.__ssputs_r
                0x000000000800728c       0xb6 /home/ps/Ac6/SystemWorkbench/plugins/fr.ac6.mcu.externaltools.arm-none.linux64_1.15.0.201708311556/tools/compiler/bin/../lib/gcc/arm-none-eabi/6.3.1/../../../../arm-none-eabi/lib/thumb/v7e-m/fpv4-sp/hard/libc_nano.a(lib_a-nano-svfprintf.o)
                0x000000000800728c                __ssputs_r
 *fill*         0x0000000008007342        0x2 
 .text._svfprintf_r
                0x0000000008007344      0x1e8 /home/ps/Ac6/SystemWorkbench/plugins/fr.ac6.mcu.externaltools.arm-none.linux64_1.15.0.201708311556/tools/compiler/bin/../lib/gcc/arm-none-eabi/6.3.1/../../../../arm-none-eabi/lib/thumb/v7e-m/fpv4-sp/hard/libc_nano.a(lib_a-nano-svfprintf.o)
                0x0000000008007344                _svfprintf_r
                0x0000000008007344                _svfiprintf_r
 .text._printf_common
                0x000000000800752c       0xec /home/ps/Ac6/SystemWorkbench/plugins/fr.ac6.mcu.externaltools.arm-none.linux64_1.15.0.201708311556/tools/compiler/bin/../lib/gcc/arm-none-eabi/6.3.1/../../../../arm-none-eabi/lib/thumb/v7e-m/fpv4-sp/hard/libc_nano.a(lib_a-nano-vfprintf_i.o)
                0x000000000800752c                _printf_common
 .text._printf_i
                0x0000000008007618      0x240 /home/ps/Ac6/SystemWorkbench/plugins/fr.ac6.mcu.externaltools.arm-none.linux64_1.15.0.201708311556/tools/compiler/bin/../lib/gcc/arm-none-eabi/6.3.1/../../../../arm-none-eabi/lib/thumb/v7e-m/fpv4-sp/hard/libc_nano.a(lib_a-nano-vfprintf_i.o)
                0x0000000008007618                _printf_i
 .text.memcpy   0x0000000008007858       0x16 /home/ps/Ac6/SystemWorkbench/plugins/fr.ac6.mcu.externaltools.arm-none.linux64_1.15.0.201708311556/tools/compiler/bin/../lib/gcc/arm-none-eabi/6.3.1/../../../../arm-none-eabi/lib/thumb/v7e-m/fpv4-sp/hard/libc_nano.a(lib_a-memcpy-stub.o)
                0x0000000008007858                memcpy
 .text.memmove  0x000000000800786e       0x34 /home/ps/Ac6/SystemWorkbench/plugins/fr.ac6.mcu.externaltools.arm-none.linux64_1.15.0.201708311556/tools/compiler/bin/../lib/gcc/arm-none-eabi/6.3.1/../../../../arm-none-eabi/lib/thumb/v7e-m/fpv4-sp/hard/libc_nano.a(lib_a-memmove.o)
                0x000000000800786e                memmove
 *fill*         0x00000000080078a2        0x2 
 .text._free_r  0x00000000080078a4       0x9c /home/ps/Ac6/SystemWorkbench/plugins/fr.ac6.mcu.externaltools.arm-none.linux64_1.15.0.201708311556/tools/compiler/bin/../lib/gcc/arm-none-eabi/6.3.1/../../../../arm-none-eabi/lib/thumb/v7e-m/fpv4-sp/hard/libc_nano.a(lib_a-nano-freer.o)
                0x00000000080078a4                _free_r
 .text._malloc_r
                0x0000000008007940       0xbc /home/ps/Ac6/SystemWorkbench/plugins/fr.ac6.mcu.externaltools.arm-none.linux64_1.15.0.201708311556/tools/compiler/bin/../lib/gcc/arm-none-eabi/6.3.1/../../../../arm-none-eabi/lib/thumb/v7e-m/fpv4-sp/hard/libc_nano.a(lib_a-nano-mallocr.o)
                0x0000000008007940                _malloc_r
 .text._realloc_r
                0x00000000080079fc       0x4c /home/ps/Ac6/SystemWorkbench/plugins/fr.ac6.mcu.externaltools.arm-none.linux64_1.15.0.201708311556/tools/compiler/bin/../lib/gcc/arm-none-eabi/6.3.1/../../../../arm-none-eabi/lib/thumb/v7e-m/fpv4-sp/hard/libc_nano.a(lib_a-nano-reallocr.o)
                0x00000000080079fc                _realloc_r
 .text._sbrk_r  0x0000000008007a48       0x20 /home/ps/Ac6/SystemWorkbench/plugins/fr.ac6.mcu.externaltools.arm-none.linux64_1.15.0.201708311556/tools/compiler/bin/../lib/gcc/arm-none-eabi/6.3.1/../../../../arm-none-eabi/lib/thumb/v7e-m/fpv4-sp/hard/libc_nano.a(lib_a-sbrkr.o)
                0x0000000008007a48                _sbrk_r
 .text.__malloc_lock
                0x0000000008007a68        0x2 /home/ps/Ac6/SystemWorkbench/plugins/fr.ac6.mcu.externaltools.arm-none.linux64_1.15.0.201708311556/tools/compiler/bin/../lib/gcc/arm-none-eabi/6.3.1/../../../../arm-none-eabi/lib/thumb/v7e-m/fpv4-sp/hard/libc_nano.a(lib_a-mlock.o)
                0x0000000008007a68                __malloc_lock
 .text.__malloc_unlock
                0x0000000008007a6a        0x2 /home/ps/Ac6/SystemWorkbench/plugins/fr.ac6.mcu.externaltools.arm-none.linux64_1.15.0.201708311556/tools/compiler/bin/../lib/gcc/arm-none-eabi/6.3.1/../../../../arm-none-eabi/lib/thumb/v7e-m/fpv4-sp/hard/libc_nano.a(lib_a-mlock.o)
                0x0000000008007a6a                __malloc_unlock
 .text._malloc_usable_size_r
                0x0000000008007a6c       0x12 /home/ps/Ac6/SystemWorkbench/plugins/fr.ac6.mcu.externaltools.arm-none.linux64_1.15.0.201708311556/tools/compiler/bin/../lib/gcc/arm-none-eabi/6.3.1/../../../../arm-none-eabi/lib/thumb/v7e-m/fpv4-sp/hard/libc_nano.a(lib_a-nano-msizer.o)
                0x0000000008007a6c                _malloc_usable_size_r
 *fill*         0x0000000008007a7e        0x2 
 .text._sbrk    0x0000000008007a80       0x1c /home/ps/Ac6/SystemWorkbench/plugins/fr.ac6.mcu.externaltools.arm-none.linux64_1.15.0.201708311556/tools/compiler/bin/../lib/gcc/arm-none-eabi/6.3.1/../../../../arm-none-eabi/lib/thumb/v7e-m/fpv4-sp/hard/libnosys.a(sbrk.o)
                0x0000000008007a80                _sbrk
 *(.glue_7)
 .glue_7        0x0000000008007a9c        0x0 linker stubs
 *(.glue_7t)
 .glue_7t       0x0000000008007a9c        0x0 linker stubs
 *(.eh_frame)
 .eh_frame      0x0000000008007a9c        0x0 /home/ps/Ac6/SystemWorkbench/plugins/fr.ac6.mcu.externaltools.arm-none.linux64_1.15.0.201708311556/tools/compiler/bin/../lib/gcc/arm-none-eabi/6.3.1/thumb/v7e-m/fpv4-sp/hard/crtbegin.o
 *(.init)
 .init          0x0000000008007a9c        0x4 /home/ps/Ac6/SystemWorkbench/plugins/fr.ac6.mcu.externaltools.arm-none.linux64_1.15.0.201708311556/tools/compiler/bin/../lib/gcc/arm-none-eabi/6.3.1/thumb/v7e-m/fpv4-sp/hard/crti.o
                0x0000000008007a9c                _init
 .init          0x0000000008007aa0        0x8 /home/ps/Ac6/SystemWorkbench/plugins/fr.ac6.mcu.externaltools.arm-none.linux64_1.15.0.201708311556/tools/compiler/bin/../lib/gcc/arm-none-eabi/6.3.1/thumb/v7e-m/fpv4-sp/hard/crtn.o
 *(.fini)
 .fini          0x0000000008007aa8        0x4 /home/ps/Ac6/SystemWorkbench/plugins/fr.ac6.mcu.externaltools.arm-none.linux64_1.15.0.201708311556/tools/compiler/bin/../lib/gcc/arm-none-eabi/6.3.1/thumb/v7e-m/fpv4-sp/hard/crti.o
                0x0000000008007aa8                _fini
 .fini          0x0000000008007aac        0x8 /home/ps/Ac6/SystemWorkbench/plugins/fr.ac6.mcu.externaltools.arm-none.linux64_1.15.0.201708311556/tools/compiler/bin/../lib/gcc/arm-none-eabi/6.3.1/thumb/v7e-m/fpv4-sp/hard/crtn.o
                0x0000000008007ab4                . = ALIGN (0x4)
                0x0000000008007ab4                _etext = .

.vfp11_veneer   0x0000000008007ab4        0x0
 .vfp11_veneer  0x0000000008007ab4        0x0 linker stubs

.v4_bx          0x0000000008007ab4        0x0
 .v4_bx         0x0000000008007ab4        0x0 linker stubs

.iplt           0x0000000008007ab4        0x0
 .iplt          0x0000000008007ab4        0x0 /home/ps/Ac6/SystemWorkbench/plugins/fr.ac6.mcu.externaltools.arm-none.linux64_1.15.0.201708311556/tools/compiler/bin/../lib/gcc/arm-none-eabi/6.3.1/thumb/v7e-m/fpv4-sp/hard/crtbegin.o

.rodata         0x0000000008007ab8      0x108
                0x0000000008007ab8                . = ALIGN (0x4)
 *(.rodata)
 .rodata        0x0000000008007ab8       0x60 Drivers/BSP/Components/LSM303AGR_ACC_driver.o
                0x0000000008007ab8                LSM303AGR_ACC_Sensitivity_List
 .rodata        0x0000000008007b18        0x3 Drivers/BSP/Components/LSM303AGR_ACC_driver_HL.o
 *fill*         0x0000000008007b1b        0x1 
 .rodata        0x0000000008007b1c        0x8 Drivers/STM32F4xx_HAL_Driver/Src/stm32f4xx_hal_dma.o
 .rodata        0x0000000008007b24       0x18 Src/system_stm32f4xx.o
                0x0000000008007b24                AHBPrescTable
                0x0000000008007b34                APBPrescTable
 *(.rodata*)
 .rodata.str1.4
                0x0000000008007b3c       0x33 Src/main.o
 *fill*         0x0000000008007b6f        0x1 
 .rodata.str1.4
                0x0000000008007b70       0x1c Src/stm32f4xx_hal_msp.o
                                         0x1b (size before relaxing)
 .rodata._svfprintf_r.str1.1
                0x0000000008007b8c       0x11 /home/ps/Ac6/SystemWorkbench/plugins/fr.ac6.mcu.externaltools.arm-none.linux64_1.15.0.201708311556/tools/compiler/bin/../lib/gcc/arm-none-eabi/6.3.1/../../../../arm-none-eabi/lib/thumb/v7e-m/fpv4-sp/hard/libc_nano.a(lib_a-nano-svfprintf.o)
 .rodata._printf_i.str1.1
                0x0000000008007b9d       0x22 /home/ps/Ac6/SystemWorkbench/plugins/fr.ac6.mcu.externaltools.arm-none.linux64_1.15.0.201708311556/tools/compiler/bin/../lib/gcc/arm-none-eabi/6.3.1/../../../../arm-none-eabi/lib/thumb/v7e-m/fpv4-sp/hard/libc_nano.a(lib_a-nano-vfprintf_i.o)
                0x0000000008007bc0                . = ALIGN (0x4)
 *fill*         0x0000000008007bbf        0x1 

.ARM.extab
 *(.ARM.extab* .gnu.linkonce.armextab.*)

.ARM            0x0000000008007bc0        0x8
                0x0000000008007bc0                __exidx_start = .
 *(.ARM.exidx*)
 .ARM.exidx     0x0000000008007bc0        0x8 /home/ps/Ac6/SystemWorkbench/plugins/fr.ac6.mcu.externaltools.arm-none.linux64_1.15.0.201708311556/tools/compiler/bin/../lib/gcc/arm-none-eabi/6.3.1/thumb/v7e-m/fpv4-sp/hard/libgcc.a(_udivmoddi4.o)
                0x0000000008007bc8                __exidx_end = .

.rel.dyn        0x0000000008007bc8        0x0
 .rel.iplt      0x0000000008007bc8        0x0 /home/ps/Ac6/SystemWorkbench/plugins/fr.ac6.mcu.externaltools.arm-none.linux64_1.15.0.201708311556/tools/compiler/bin/../lib/gcc/arm-none-eabi/6.3.1/thumb/v7e-m/fpv4-sp/hard/crtbegin.o

.preinit_array  0x0000000008007bc8        0x0
                0x0000000008007bc8                PROVIDE (__preinit_array_start, .)
 *(.preinit_array*)
                0x0000000008007bc8                PROVIDE (__preinit_array_end, .)

.init_array     0x0000000008007bc8        0x4
                0x0000000008007bc8                PROVIDE (__init_array_start, .)
 *(SORT(.init_array.*))
 *(.init_array*)
 .init_array    0x0000000008007bc8        0x4 /home/ps/Ac6/SystemWorkbench/plugins/fr.ac6.mcu.externaltools.arm-none.linux64_1.15.0.201708311556/tools/compiler/bin/../lib/gcc/arm-none-eabi/6.3.1/thumb/v7e-m/fpv4-sp/hard/crtbegin.o
                0x0000000008007bcc                PROVIDE (__init_array_end, .)

.fini_array     0x0000000008007bcc        0x4
                [!provide]                        PROVIDE (__fini_array_start, .)
 *(SORT(.fini_array.*))
 *(.fini_array*)
 .fini_array    0x0000000008007bcc        0x4 /home/ps/Ac6/SystemWorkbench/plugins/fr.ac6.mcu.externaltools.arm-none.linux64_1.15.0.201708311556/tools/compiler/bin/../lib/gcc/arm-none-eabi/6.3.1/thumb/v7e-m/fpv4-sp/hard/crtbegin.o
                [!provide]                        PROVIDE (__fini_array_end, .)
                0x0000000008007bd0                _sidata = LOADADDR (.data)

.data           0x0000000020000000      0x268 load address 0x0000000008007bd0
                0x0000000020000000                . = ALIGN (0x4)
                0x0000000020000000                _sdata = .
 *(.data)
 .data          0x0000000020000000       0x50 Drivers/BSP/Components/LSM303AGR_ACC_driver_HL.o
                0x0000000020000000                LSM303AGR_X_Drv
 .data          0x0000000020000050      0x1b0 Drivers/BSP/Components/LSM6DSL_ACC_GYRO_driver_HL.o
                0x0000000020000050                LSM6DSL_G_Drv
                0x00000000200000a0                LSM6DSL_X_Drv
                0x00000000200000f0                LSM6DSL_G_ExtDrv
                0x000000002000012c                LSM6DSL_X_ExtDrv
 .data          0x0000000020000200        0x4 Src/system_stm32f4xx.o
                0x0000000020000200                SystemCoreClock
 *(.data*)
 .data._impure_ptr
                0x0000000020000204        0x4 /home/ps/Ac6/SystemWorkbench/plugins/fr.ac6.mcu.externaltools.arm-none.linux64_1.15.0.201708311556/tools/compiler/bin/../lib/gcc/arm-none-eabi/6.3.1/../../../../arm-none-eabi/lib/thumb/v7e-m/fpv4-sp/hard/libc_nano.a(lib_a-impure.o)
                0x0000000020000204                _impure_ptr
 .data.impure_data
                0x0000000020000208       0x60 /home/ps/Ac6/SystemWorkbench/plugins/fr.ac6.mcu.externaltools.arm-none.linux64_1.15.0.201708311556/tools/compiler/bin/../lib/gcc/arm-none-eabi/6.3.1/../../../../arm-none-eabi/lib/thumb/v7e-m/fpv4-sp/hard/libc_nano.a(lib_a-impure.o)
                0x0000000020000268                . = ALIGN (0x4)
                0x0000000020000268                _edata = .

.jcr            0x0000000020000268        0x0 load address 0x0000000008007e38
 .jcr           0x0000000020000268        0x0 /home/ps/Ac6/SystemWorkbench/plugins/fr.ac6.mcu.externaltools.arm-none.linux64_1.15.0.201708311556/tools/compiler/bin/../lib/gcc/arm-none-eabi/6.3.1/thumb/v7e-m/fpv4-sp/hard/crtbegin.o

.igot.plt       0x0000000020000268        0x0 load address 0x0000000008007e38
 .igot.plt      0x0000000020000268        0x0 /home/ps/Ac6/SystemWorkbench/plugins/fr.ac6.mcu.externaltools.arm-none.linux64_1.15.0.201708311556/tools/compiler/bin/../lib/gcc/arm-none-eabi/6.3.1/thumb/v7e-m/fpv4-sp/hard/crtbegin.o
                0x0000000020000268                . = ALIGN (0x4)

.bss            0x0000000020000268      0x2c4 load address 0x0000000008007e38
                0x0000000020000268                _sbss = .
                0x0000000020000268                __bss_start__ = _sbss
 *(.bss)
 .bss           0x0000000020000268       0x1c /home/ps/Ac6/SystemWorkbench/plugins/fr.ac6.mcu.externaltools.arm-none.linux64_1.15.0.201708311556/tools/compiler/bin/../lib/gcc/arm-none-eabi/6.3.1/thumb/v7e-m/fpv4-sp/hard/crtbegin.o
 .bss           0x0000000020000284       0x54 Drivers/BSP/X_NUCLEO_IKS01A2/x_nucleo_iks01a2.o
 .bss           0x00000000200002d8       0x48 Drivers/BSP/X_NUCLEO_IKS01A2/x_nucleo_iks01a2_accelero.o
 .bss           0x0000000020000320        0x6 Src/main.o
                0x0000000020000324                StatusFlag
 *(.bss*)
 *fill*         0x0000000020000326        0x2 
 .bss.__malloc_free_list
                0x0000000020000328        0x4 /home/ps/Ac6/SystemWorkbench/plugins/fr.ac6.mcu.externaltools.arm-none.linux64_1.15.0.201708311556/tools/compiler/bin/../lib/gcc/arm-none-eabi/6.3.1/../../../../arm-none-eabi/lib/thumb/v7e-m/fpv4-sp/hard/libc_nano.a(lib_a-nano-mallocr.o)
                0x0000000020000328                __malloc_free_list
 .bss.__malloc_sbrk_start
                0x000000002000032c        0x4 /home/ps/Ac6/SystemWorkbench/plugins/fr.ac6.mcu.externaltools.arm-none.linux64_1.15.0.201708311556/tools/compiler/bin/../lib/gcc/arm-none-eabi/6.3.1/../../../../arm-none-eabi/lib/thumb/v7e-m/fpv4-sp/hard/libc_nano.a(lib_a-nano-mallocr.o)
                0x000000002000032c                __malloc_sbrk_start
 .bss.heap_end.5239
                0x0000000020000330        0x4 /home/ps/Ac6/SystemWorkbench/plugins/fr.ac6.mcu.externaltools.arm-none.linux64_1.15.0.201708311556/tools/compiler/bin/../lib/gcc/arm-none-eabi/6.3.1/../../../../arm-none-eabi/lib/thumb/v7e-m/fpv4-sp/hard/libnosys.a(sbrk.o)
 *(COMMON)
 COMMON         0x0000000020000334        0x2 Drivers/BSP/Components/LSM303AGR_ACC_driver_HL.o
                0x0000000020000334                LSM303AGR_Combo_Data
 *fill*         0x0000000020000336        0x2 
 COMMON         0x0000000020000338        0x2 Drivers/BSP/Components/LSM6DSL_ACC_GYRO_driver_HL.o
                0x0000000020000338                LSM6DSL_Combo_Data
 *fill*         0x000000002000033a        0x2 
 COMMON         0x000000002000033c        0x4 Drivers/STM32F4xx_HAL_Driver/Src/stm32f4xx_hal.o
                0x000000002000033c                uwTick
 COMMON         0x0000000020000340      0x1e8 Src/main.o
                0x0000000020000340                hdma_usart2_rx
                0x00000000200003a0                hi2c1
                0x00000000200003f4                hspi3
                0x000000002000044c                hdma_usart2_tx
                0x00000000200004ac                htim1
                0x00000000200004e8                huart2
 COMMON         0x0000000020000528        0x4 /home/ps/Ac6/SystemWorkbench/plugins/fr.ac6.mcu.externaltools.arm-none.linux64_1.15.0.201708311556/tools/compiler/bin/../lib/gcc/arm-none-eabi/6.3.1/../../../../arm-none-eabi/lib/thumb/v7e-m/fpv4-sp/hard/libc_nano.a(lib_a-reent.o)
                0x0000000020000528                errno
                0x000000002000052c                . = ALIGN (0x4)
                0x000000002000052c                _ebss = .
                0x000000002000052c                __bss_end__ = _ebss

._user_heap_stack
                0x000000002000052c      0x604 load address 0x0000000008007e38
                0x0000000020000530                . = ALIGN (0x8)
 *fill*         0x000000002000052c        0x4 
                0x0000000020000530                PROVIDE (end, .)
                [!provide]                        PROVIDE (_end, .)
                0x0000000020000730                . = (. + _Min_Heap_Size)
 *fill*         0x0000000020000530      0x200 
                0x0000000020000b30                . = (. + _Min_Stack_Size)
 *fill*         0x0000000020000730      0x400 
                0x0000000020000b30                . = ALIGN (0x8)

/DISCARD/
 libc.a(*)
 libm.a(*)
 libgcc.a(*)

.ARM.attributes
                0x0000000000000000       0x30
 *(.ARM.attributes)
 .ARM.attributes
                0x0000000000000000       0x22 /home/ps/Ac6/SystemWorkbench/plugins/fr.ac6.mcu.externaltools.arm-none.linux64_1.15.0.201708311556/tools/compiler/bin/../lib/gcc/arm-none-eabi/6.3.1/thumb/v7e-m/fpv4-sp/hard/crti.o
 .ARM.attributes
                0x0000000000000022       0x34 /home/ps/Ac6/SystemWorkbench/plugins/fr.ac6.mcu.externaltools.arm-none.linux64_1.15.0.201708311556/tools/compiler/bin/../lib/gcc/arm-none-eabi/6.3.1/thumb/v7e-m/fpv4-sp/hard/crtbegin.o
 .ARM.attributes
                0x0000000000000056       0x39 Drivers/BSP/Components/LSM303AGR_ACC_driver.o
 .ARM.attributes
                0x000000000000008f       0x39 Drivers/BSP/Components/LSM303AGR_ACC_driver_HL.o
 .ARM.attributes
                0x00000000000000c8       0x39 Drivers/BSP/Components/LSM6DSL_ACC_GYRO_driver.o
 .ARM.attributes
                0x0000000000000101       0x39 Drivers/BSP/Components/LSM6DSL_ACC_GYRO_driver_HL.o
 .ARM.attributes
                0x000000000000013a       0x39 Drivers/BSP/X_NUCLEO_IKS01A2/x_nucleo_iks01a2.o
 .ARM.attributes
                0x0000000000000173       0x39 Drivers/BSP/X_NUCLEO_IKS01A2/x_nucleo_iks01a2_accelero.o
 .ARM.attributes
                0x00000000000001ac       0x39 Drivers/STM32F4xx_HAL_Driver/Src/stm32f4xx_hal.o
 .ARM.attributes
                0x00000000000001e5       0x39 Drivers/STM32F4xx_HAL_Driver/Src/stm32f4xx_hal_cortex.o
 .ARM.attributes
                0x000000000000021e       0x39 Drivers/STM32F4xx_HAL_Driver/Src/stm32f4xx_hal_dma.o
 .ARM.attributes
                0x0000000000000257       0x39 Drivers/STM32F4xx_HAL_Driver/Src/stm32f4xx_hal_gpio.o
 .ARM.attributes
                0x0000000000000290       0x39 Drivers/STM32F4xx_HAL_Driver/Src/stm32f4xx_hal_i2c.o
 .ARM.attributes
                0x00000000000002c9       0x39 Drivers/STM32F4xx_HAL_Driver/Src/stm32f4xx_hal_rcc.o
 .ARM.attributes
                0x0000000000000302       0x39 Drivers/STM32F4xx_HAL_Driver/Src/stm32f4xx_hal_spi.o
 .ARM.attributes
                0x000000000000033b       0x39 Drivers/STM32F4xx_HAL_Driver/Src/stm32f4xx_hal_tim.o
 .ARM.attributes
                0x0000000000000374       0x39 Drivers/STM32F4xx_HAL_Driver/Src/stm32f4xx_hal_tim_ex.o
 .ARM.attributes
                0x00000000000003ad       0x39 Drivers/STM32F4xx_HAL_Driver/Src/stm32f4xx_hal_uart.o
 .ARM.attributes
                0x00000000000003e6       0x39 Src/main.o
 .ARM.attributes
                0x000000000000041f       0x39 Src/stm32f4xx_hal_msp.o
 .ARM.attributes
                0x0000000000000458       0x39 Src/stm32f4xx_it.o
 .ARM.attributes
                0x0000000000000491       0x39 Src/system_stm32f4xx.o
 .ARM.attributes
                0x00000000000004ca       0x21 startup/startup_stm32f401xe.o
 .ARM.attributes
                0x00000000000004eb       0x22 /home/ps/Ac6/SystemWorkbench/plugins/fr.ac6.mcu.externaltools.arm-none.linux64_1.15.0.201708311556/tools/compiler/bin/../lib/gcc/arm-none-eabi/6.3.1/thumb/v7e-m/fpv4-sp/hard/libgcc.a(_aeabi_ldivmod.o)
 .ARM.attributes
                0x000000000000050d       0x34 /home/ps/Ac6/SystemWorkbench/plugins/fr.ac6.mcu.externaltools.arm-none.linux64_1.15.0.201708311556/tools/compiler/bin/../lib/gcc/arm-none-eabi/6.3.1/thumb/v7e-m/fpv4-sp/hard/libgcc.a(_udivmoddi4.o)
 .ARM.attributes
                0x0000000000000541       0x22 /home/ps/Ac6/SystemWorkbench/plugins/fr.ac6.mcu.externaltools.arm-none.linux64_1.15.0.201708311556/tools/compiler/bin/../lib/gcc/arm-none-eabi/6.3.1/thumb/v7e-m/fpv4-sp/hard/libgcc.a(_dvmd_tls.o)
 .ARM.attributes
                0x0000000000000563       0x34 /home/ps/Ac6/SystemWorkbench/plugins/fr.ac6.mcu.externaltools.arm-none.linux64_1.15.0.201708311556/tools/compiler/bin/../lib/gcc/arm-none-eabi/6.3.1/../../../../arm-none-eabi/lib/thumb/v7e-m/fpv4-sp/hard/libc_nano.a(lib_a-impure.o)
 .ARM.attributes
                0x0000000000000597       0x34 /home/ps/Ac6/SystemWorkbench/plugins/fr.ac6.mcu.externaltools.arm-none.linux64_1.15.0.201708311556/tools/compiler/bin/../lib/gcc/arm-none-eabi/6.3.1/../../../../arm-none-eabi/lib/thumb/v7e-m/fpv4-sp/hard/libc_nano.a(lib_a-init.o)
 .ARM.attributes
                0x00000000000005cb       0x34 /home/ps/Ac6/SystemWorkbench/plugins/fr.ac6.mcu.externaltools.arm-none.linux64_1.15.0.201708311556/tools/compiler/bin/../lib/gcc/arm-none-eabi/6.3.1/../../../../arm-none-eabi/lib/thumb/v7e-m/fpv4-sp/hard/libc_nano.a(lib_a-memset.o)
 .ARM.attributes
                0x00000000000005ff       0x34 /home/ps/Ac6/SystemWorkbench/plugins/fr.ac6.mcu.externaltools.arm-none.linux64_1.15.0.201708311556/tools/compiler/bin/../lib/gcc/arm-none-eabi/6.3.1/../../../../arm-none-eabi/lib/thumb/v7e-m/fpv4-sp/hard/libc_nano.a(lib_a-sprintf.o)
 .ARM.attributes
                0x0000000000000633       0x34 /home/ps/Ac6/SystemWorkbench/plugins/fr.ac6.mcu.externaltools.arm-none.linux64_1.15.0.201708311556/tools/compiler/bin/../lib/gcc/arm-none-eabi/6.3.1/../../../../arm-none-eabi/lib/thumb/v7e-m/fpv4-sp/hard/libc_nano.a(lib_a-nano-svfprintf.o)
 .ARM.attributes
                0x0000000000000667       0x34 /home/ps/Ac6/SystemWorkbench/plugins/fr.ac6.mcu.externaltools.arm-none.linux64_1.15.0.201708311556/tools/compiler/bin/../lib/gcc/arm-none-eabi/6.3.1/../../../../arm-none-eabi/lib/thumb/v7e-m/fpv4-sp/hard/libc_nano.a(lib_a-nano-vfprintf_i.o)
 .ARM.attributes
                0x000000000000069b       0x20 /home/ps/Ac6/SystemWorkbench/plugins/fr.ac6.mcu.externaltools.arm-none.linux64_1.15.0.201708311556/tools/compiler/bin/../lib/gcc/arm-none-eabi/6.3.1/../../../../arm-none-eabi/lib/thumb/v7e-m/fpv4-sp/hard/libc_nano.a(lib_a-memchr.o)
 .ARM.attributes
                0x00000000000006bb       0x34 /home/ps/Ac6/SystemWorkbench/plugins/fr.ac6.mcu.externaltools.arm-none.linux64_1.15.0.201708311556/tools/compiler/bin/../lib/gcc/arm-none-eabi/6.3.1/../../../../arm-none-eabi/lib/thumb/v7e-m/fpv4-sp/hard/libc_nano.a(lib_a-memcpy-stub.o)
 .ARM.attributes
                0x00000000000006ef       0x34 /home/ps/Ac6/SystemWorkbench/plugins/fr.ac6.mcu.externaltools.arm-none.linux64_1.15.0.201708311556/tools/compiler/bin/../lib/gcc/arm-none-eabi/6.3.1/../../../../arm-none-eabi/lib/thumb/v7e-m/fpv4-sp/hard/libc_nano.a(lib_a-memmove.o)
 .ARM.attributes
                0x0000000000000723       0x34 /home/ps/Ac6/SystemWorkbench/plugins/fr.ac6.mcu.externaltools.arm-none.linux64_1.15.0.201708311556/tools/compiler/bin/../lib/gcc/arm-none-eabi/6.3.1/../../../../arm-none-eabi/lib/thumb/v7e-m/fpv4-sp/hard/libc_nano.a(lib_a-nano-freer.o)
 .ARM.attributes
                0x0000000000000757       0x34 /home/ps/Ac6/SystemWorkbench/plugins/fr.ac6.mcu.externaltools.arm-none.linux64_1.15.0.201708311556/tools/compiler/bin/../lib/gcc/arm-none-eabi/6.3.1/../../../../arm-none-eabi/lib/thumb/v7e-m/fpv4-sp/hard/libc_nano.a(lib_a-nano-mallocr.o)
 .ARM.attributes
                0x000000000000078b       0x34 /home/ps/Ac6/SystemWorkbench/plugins/fr.ac6.mcu.externaltools.arm-none.linux64_1.15.0.201708311556/tools/compiler/bin/../lib/gcc/arm-none-eabi/6.3.1/../../../../arm-none-eabi/lib/thumb/v7e-m/fpv4-sp/hard/libc_nano.a(lib_a-nano-reallocr.o)
 .ARM.attributes
                0x00000000000007bf       0x34 /home/ps/Ac6/SystemWorkbench/plugins/fr.ac6.mcu.externaltools.arm-none.linux64_1.15.0.201708311556/tools/compiler/bin/../lib/gcc/arm-none-eabi/6.3.1/../../../../arm-none-eabi/lib/thumb/v7e-m/fpv4-sp/hard/libc_nano.a(lib_a-sbrkr.o)