Archive member included to satisfy reference by file (symbol)

/home/ps/Ac6/SystemWorkbench/plugins/fr.ac6.mcu.externaltools.arm-none.linux64_1.15.0.201708311556/tools/compiler/bin/../lib/gcc/arm-none-eabi/6.3.1/thumb/v7e-m/fpv4-sp/hard/libgcc.a(_aeabi_ldivmod.o)
                              Drivers/BSP/Components/LSM303AGR_ACC_driver.o (__aeabi_ldivmod)
/home/ps/Ac6/SystemWorkbench/plugins/fr.ac6.mcu.externaltools.arm-none.linux64_1.15.0.201708311556/tools/compiler/bin/../lib/gcc/arm-none-eabi/6.3.1/thumb/v7e-m/fpv4-sp/hard/libgcc.a(_udivmoddi4.o)
                              /home/ps/Ac6/SystemWorkbench/plugins/fr.ac6.mcu.externaltools.arm-none.linux64_1.15.0.201708311556/tools/compiler/bin/../lib/gcc/arm-none-eabi/6.3.1/thumb/v7e-m/fpv4-sp/hard/libgcc.a(_aeabi_ldivmod.o) (__udivmoddi4)
/home/ps/Ac6/SystemWorkbench/plugins/fr.ac6.mcu.externaltools.arm-none.linux64_1.15.0.201708311556/tools/compiler/bin/../lib/gcc/arm-none-eabi/6.3.1/thumb/v7e-m/fpv4-sp/hard/libgcc.a(_dvmd_tls.o)
                              /home/ps/Ac6/SystemWorkbench/plugins/fr.ac6.mcu.externaltools.arm-none.linux64_1.15.0.201708311556/tools/compiler/bin/../lib/gcc/arm-none-eabi/6.3.1/thumb/v7e-m/fpv4-sp/hard/libgcc.a(_aeabi_ldivmod.o) (__aeabi_ldiv0)
/home/ps/Ac6/SystemWorkbench/plugins/fr.ac6.mcu.externaltools.arm-none.linux64_1.15.0.201708311556/tools/compiler/bin/../lib/gcc/arm-none-eabi/6.3.1/../../../../arm-none-eabi/lib/thumb/v7e-m/fpv4-sp/hard/libc_nano.a(lib_a-exit.o)
                              /home/ps/Ac6/SystemWorkbench/plugins/fr.ac6.mcu.externaltools.arm-none.linux64_1.15.0.201708311556/tools/compiler/bin/../lib/gcc/arm-none-eabi/6.3.1/../../../../arm-none-eabi/lib/thumb/v7e-m/fpv4-sp/hard/crt0.o (exit)
/home/ps/Ac6/SystemWorkbench/plugins/fr.ac6.mcu.externaltools.arm-none.linux64_1.15.0.201708311556/tools/compiler/bin/../lib/gcc/arm-none-eabi/6.3.1/../../../../arm-none-eabi/lib/thumb/v7e-m/fpv4-sp/hard/libc_nano.a(lib_a-impure.o)
                              /home/ps/Ac6/SystemWorkbench/plugins/fr.ac6.mcu.externaltools.arm-none.linux64_1.15.0.201708311556/tools/compiler/bin/../lib/gcc/arm-none-eabi/6.3.1/../../../../arm-none-eabi/lib/thumb/v7e-m/fpv4-sp/hard/libc_nano.a(lib_a-exit.o) (_global_impure_ptr)
/home/ps/Ac6/SystemWorkbench/plugins/fr.ac6.mcu.externaltools.arm-none.linux64_1.15.0.201708311556/tools/compiler/bin/../lib/gcc/arm-none-eabi/6.3.1/../../../../arm-none-eabi/lib/thumb/v7e-m/fpv4-sp/hard/libc_nano.a(lib_a-init.o)
                              /home/ps/Ac6/SystemWorkbench/plugins/fr.ac6.mcu.externaltools.arm-none.linux64_1.15.0.201708311556/tools/compiler/bin/../lib/gcc/arm-none-eabi/6.3.1/../../../../arm-none-eabi/lib/thumb/v7e-m/fpv4-sp/hard/crt0.o (__libc_init_array)
/home/ps/Ac6/SystemWorkbench/plugins/fr.ac6.mcu.externaltools.arm-none.linux64_1.15.0.201708311556/tools/compiler/bin/../lib/gcc/arm-none-eabi/6.3.1/../../../../arm-none-eabi/lib/thumb/v7e-m/fpv4-sp/hard/libc_nano.a(lib_a-memset.o)
                              /home/ps/Ac6/SystemWorkbench/plugins/fr.ac6.mcu.externaltools.arm-none.linux64_1.15.0.201708311556/tools/compiler/bin/../lib/gcc/arm-none-eabi/6.3.1/../../../../arm-none-eabi/lib/thumb/v7e-m/fpv4-sp/hard/crt0.o (memset)
/home/ps/Ac6/SystemWorkbench/plugins/fr.ac6.mcu.externaltools.arm-none.linux64_1.15.0.201708311556/tools/compiler/bin/../lib/gcc/arm-none-eabi/6.3.1/../../../../arm-none-eabi/lib/thumb/v7e-m/fpv4-sp/hard/libc_nano.a(lib_a-nano-vfprintf_float.o)
                              (_printf_float)
/home/ps/Ac6/SystemWorkbench/plugins/fr.ac6.mcu.externaltools.arm-none.linux64_1.15.0.201708311556/tools/compiler/bin/../lib/gcc/arm-none-eabi/6.3.1/../../../../arm-none-eabi/lib/thumb/v7e-m/fpv4-sp/hard/libc_nano.a(lib_a-nano-vfprintf_i.o)
                              /home/ps/Ac6/SystemWorkbench/plugins/fr.ac6.mcu.externaltools.arm-none.linux64_1.15.0.201708311556/tools/compiler/bin/../lib/gcc/arm-none-eabi/6.3.1/../../../../arm-none-eabi/lib/thumb/v7e-m/fpv4-sp/hard/libc_nano.a(lib_a-nano-vfprintf_float.o) (_printf_common)
/home/ps/Ac6/SystemWorkbench/plugins/fr.ac6.mcu.externaltools.arm-none.linux64_1.15.0.201708311556/tools/compiler/bin/../lib/gcc/arm-none-eabi/6.3.1/../../../../arm-none-eabi/lib/thumb/v7e-m/fpv4-sp/hard/libc_nano.a(lib_a-sprintf.o)
                              Src/main.o (sprintf)
/home/ps/Ac6/SystemWorkbench/plugins/fr.ac6.mcu.externaltools.arm-none.linux64_1.15.0.201708311556/tools/compiler/bin/../lib/gcc/arm-none-eabi/6.3.1/../../../../arm-none-eabi/lib/thumb/v7e-m/fpv4-sp/hard/libc_nano.a(lib_a-strlen.o)
                              Src/main.o (strlen)
/home/ps/Ac6/SystemWorkbench/plugins/fr.ac6.mcu.externaltools.arm-none.linux64_1.15.0.201708311556/tools/compiler/bin/../lib/gcc/arm-none-eabi/6.3.1/../../../../arm-none-eabi/lib/thumb/v7e-m/fpv4-sp/hard/libc_nano.a(lib_a-dtoa.o)
[...]
Memory Configuration

Name             Origin             Length             Attributes
RAM              0x0000000020000000 0x0000000000018000 xrw
FLASH            0x0000000008000000 0x0000000000080000 xr
*default*        0x0000000000000000 0xffffffffffffffff

Linker script and memory map

LOAD /home/ps/Ac6/SystemWorkbench/plugins/fr.ac6.mcu.externaltools.arm-none.linux64_1.15.0.201708311556/tools/compiler/bin/../lib/gcc/arm-none-eabi/6.3.1/thumb/v7e-m/fpv4-sp/hard/crti.o
LOAD /home/ps/Ac6/SystemWorkbench/plugins/fr.ac6.mcu.externaltools.arm-none.linux64_1.15.0.201708311556/tools/compiler/bin/../lib/gcc/arm-none-eabi/6.3.1/thumb/v7e-m/fpv4-sp/hard/crtbegin.o
LOAD /home/ps/Ac6/SystemWorkbench/plugins/fr.ac6.mcu.externaltools.arm-none.linux64_1.15.0.201708311556/tools/compiler/bin/../lib/gcc/arm-none-eabi/6.3.1/../../../../arm-none-eabi/lib/thumb/v7e-m/fpv4-sp/hard/crt0.o
LOAD Drivers/BSP/Components/LSM303AGR_ACC_driver.o
LOAD Drivers/BSP/Components/LSM303AGR_ACC_driver_HL.o
LOAD Drivers/BSP/Components/LSM6DSL_ACC_GYRO_driver.o
LOAD Drivers/BSP/Components/LSM6DSL_ACC_GYRO_driver_HL.o
LOAD Drivers/BSP/STM32F4xx-Nucleo/stm32f4xx_nucleo.o
LOAD Drivers/BSP/X_NUCLEO_IKS01A2/x_nucleo_iks01a2.o
LOAD Drivers/BSP/X_NUCLEO_IKS01A2/x_nucleo_iks01a2_accelero.o
LOAD Drivers/STM32F4xx_HAL_Driver/Src/stm32f4xx_hal.o
LOAD Drivers/STM32F4xx_HAL_Driver/Src/stm32f4xx_hal_cortex.o
LOAD Drivers/STM32F4xx_HAL_Driver/Src/stm32f4xx_hal_dma.o
LOAD Drivers/STM32F4xx_HAL_Driver/Src/stm32f4xx_hal_dma_ex.o
LOAD Drivers/STM32F4xx_HAL_Driver/Src/stm32f4xx_hal_flash.o
LOAD Drivers/STM32F4xx_HAL_Driver/Src/stm32f4xx_hal_flash_ex.o
LOAD Drivers/STM32F4xx_HAL_Driver/Src/stm32f4xx_hal_flash_ramfunc.o
LOAD Drivers/STM32F4xx_HAL_Driver/Src/stm32f4xx_hal_gpio.o
LOAD Drivers/STM32F4xx_HAL_Driver/Src/stm32f4xx_hal_i2c.o
LOAD Drivers/STM32F4xx_HAL_Driver/Src/stm32f4xx_hal_i2c_ex.o
LOAD Drivers/STM32F4xx_HAL_Driver/Src/stm32f4xx_hal_pwr.o
LOAD Drivers/STM32F4xx_HAL_Driver/Src/stm32f4xx_hal_pwr_ex.o
LOAD Drivers/STM32F4xx_HAL_Driver/Src/stm32f4xx_hal_rcc.o
LOAD Drivers/STM32F4xx_HAL_Driver/Src/stm32f4xx_hal_rcc_ex.o
LOAD Drivers/STM32F4xx_HAL_Driver/Src/stm32f4xx_hal_tim.o
LOAD Drivers/STM32F4xx_HAL_Driver/Src/stm32f4xx_hal_tim_ex.o
LOAD Drivers/STM32F4xx_HAL_Driver/Src/stm32f4xx_hal_uart.o
LOAD Src/main.o
LOAD Src/stm32f4xx_hal_msp.o
LOAD Src/stm32f4xx_it.o
LOAD Src/system_stm32f4xx.o
LOAD startup/startup_stm32f401xe.o
LOAD /home/ps/Ac6/SystemWorkbench/plugins/fr.ac6.mcu.externaltools.arm-none.linux64_1.15.0.201708311556/tools/compiler/bin/../lib/gcc/arm-none-eabi/6.3.1/../../../../arm-none-eabi/lib/thumb/v7e-m/fpv4-sp/hard/libm.a
START GROUP
LOAD /home/ps/Ac6/SystemWorkbench/plugins/fr.ac6.mcu.externaltools.arm-none.linux64_1.15.0.201708311556/tools/compiler/bin/../lib/gcc/arm-none-eabi/6.3.1/thumb/v7e-m/fpv4-sp/hard/libgcc.a
LOAD /home/ps/Ac6/SystemWorkbench/plugins/fr.ac6.mcu.externaltools.arm-none.linux64_1.15.0.201708311556/tools/compiler/bin/../lib/gcc/arm-none-eabi/6.3.1/../../../../arm-none-eabi/lib/thumb/v7e-m/fpv4-sp/hard/libc_nano.a
END GROUP
START GROUP
LOAD /home/ps/Ac6/SystemWorkbench/plugins/fr.ac6.mcu.externaltools.arm-none.linux64_1.15.0.201708311556/tools/compiler/bin/../lib/gcc/arm-none-eabi/6.3.1/thumb/v7e-m/fpv4-sp/hard/libgcc.a
LOAD /home/ps/Ac6/SystemWorkbench/plugins/fr.ac6.mcu.externaltools.arm-none.linux64_1.15.0.201708311556/tools/compiler/bin/../lib/gcc/arm-none-eabi/6.3.1/../../../../arm-none-eabi/lib/thumb/v7e-m/fpv4-sp/hard/libc_nano.a
LOAD /home/ps/Ac6/SystemWorkbench/plugins/fr.ac6.mcu.externaltools.arm-none.linux64_1.15.0.201708311556/tools/compiler/bin/../lib/gcc/arm-none-eabi/6.3.1/../../../../arm-none-eabi/lib/thumb/v7e-m/fpv4-sp/hard/libnosys.a
END GROUP
START GROUP
LOAD /home/ps/Ac6/SystemWorkbench/plugins/fr.ac6.mcu.externaltools.arm-none.linux64_1.15.0.201708311556/tools/compiler/bin/../lib/gcc/arm-none-eabi/6.3.1/thumb/v7e-m/fpv4-sp/hard/libgcc.a
LOAD /home/ps/Ac6/SystemWorkbench/plugins/fr.ac6.mcu.externaltools.arm-none.linux64_1.15.0.201708311556/tools/compiler/bin/../lib/gcc/arm-none-eabi/6.3.1/../../../../arm-none-eabi/lib/thumb/v7e-m/fpv4-sp/hard/libc_nano.a
LOAD /home/ps/Ac6/SystemWorkbench/plugins/fr.ac6.mcu.externaltools.arm-none.linux64_1.15.0.201708311556/tools/compiler/bin/../lib/gcc/arm-none-eabi/6.3.1/../../../../arm-none-eabi/lib/thumb/v7e-m/fpv4-sp/hard/libnosys.a
END GROUP
LOAD /home/ps/Ac6/SystemWorkbench/plugins/fr.ac6.mcu.externaltools.arm-none.linux64_1.15.0.201708311556/tools/compiler/bin/../lib/gcc/arm-none-eabi/6.3.1/thumb/v7e-m/fpv4-sp/hard/crtend.o
LOAD /home/ps/Ac6/SystemWorkbench/plugins/fr.ac6.mcu.externaltools.arm-none.linux64_1.15.0.201708311556/tools/compiler/bin/../lib/gcc/arm-none-eabi/6.3.1/thumb/v7e-m/fpv4-sp/hard/crtn.o
                0x0000000020018000                _estack = 0x20018000
                0x0000000000000200                _Min_Heap_Size = 0x200
                0x0000000000000400                _Min_Stack_Size = 0x400

.isr_vector     0x0000000008000000      0x194
                0x0000000008000000                . = ALIGN (0x4)
 *(.isr_vector)
 .isr_vector    0x0000000008000000      0x194 startup/startup_stm32f401xe.o
                0x0000000008000000                g_pfnVectors
                0x0000000008000194                . = ALIGN (0x4)

.text           0x00000000080001a0     0x9c24
                0x00000000080001a0                . = ALIGN (0x4)
 *(.text)
 .text          0x00000000080001a0       0x6c /home/ps/Ac6/SystemWorkbench/plugins/fr.ac6.mcu.externaltools.arm-none.linux64_1.15.0.201708311556/tools/compiler/bin/../lib/gcc/arm-none-eabi/6.3.1/thumb/v7e-m/fpv4-sp/hard/crtbegin.o
 .text          0x000000000800020c       0xa0 /home/ps/Ac6/SystemWorkbench/plugins/fr.ac6.mcu.externaltools.arm-none.linux64_1.15.0.201708311556/tools/compiler/bin/../lib/gcc/arm-none-eabi/6.3.1/thumb/v7e-m/fpv4-sp/hard/libgcc.a(_aeabi_ldivmod.o)
                0x000000000800020c                __aeabi_ldivmod
 .text          0x00000000080002ac      0x2dc /home/ps/Ac6/SystemWorkbench/plugins/fr.ac6.mcu.externaltools.arm-none.linux64_1.15.0.201708311556/tools/compiler/bin/../lib/gcc/arm-none-eabi/6.3.1/thumb/v7e-m/fpv4-sp/hard/libgcc.a(_udivmoddi4.o)
                0x00000000080002ac                __udivmoddi4
 .text          0x0000000008000588        0x4 /home/ps/Ac6/SystemWorkbench/plugins/fr.ac6.mcu.externaltools.arm-none.linux64_1.15.0.201708311556/tools/compiler/bin/../lib/gcc/arm-none-eabi/6.3.1/thumb/v7e-m/fpv4-sp/hard/libgcc.a(_dvmd_tls.o)
                0x0000000008000588                __aeabi_ldiv0
                0x0000000008000588                __aeabi_idiv0
 .text          0x000000000800058c       0x10 /home/ps/Ac6/SystemWorkbench/plugins/fr.ac6.mcu.externaltools.arm-none.linux64_1.15.0.201708311556/tools/compiler/bin/../lib/gcc/arm-none-eabi/6.3.1/../../../../arm-none-eabi/lib/thumb/v7e-m/fpv4-sp/hard/libc_nano.a(lib_a-strlen.o)
                0x000000000800058c                strlen
 *fill*         0x000000000800059c        0x4 
 .text          0x00000000080005a0       0xa0 /home/ps/Ac6/SystemWorkbench/plugins/fr.ac6.mcu.externaltools.arm-none.linux64_1.15.0.201708311556/tools/compiler/bin/../lib/gcc/arm-none-eabi/6.3.1/../../../../arm-none-eabi/lib/thumb/v7e-m/fpv4-sp/hard/libc_nano.a(lib_a-memchr.o)
                0x00000000080005a0                memchr
 .text          0x0000000008000640      0x370 /home/ps/Ac6/SystemWorkbench/plugins/fr.ac6.mcu.externaltools.arm-none.linux64_1.15.0.201708311556/tools/compiler/bin/../lib/gcc/arm-none-eabi/6.3.1/thumb/v7e-m/fpv4-sp/hard/libgcc.a(_arm_addsubdf3.o)
                0x0000000008000640                __aeabi_drsub
                0x0000000008000648                __aeabi_dsub
                0x0000000008000648                __subdf3
                0x000000000800064c                __adddf3
                0x000000000800064c                __aeabi_dadd
                0x00000000080008c4                __aeabi_ui2d
                0x00000000080008c4                __floatunsidf
                0x00000000080008e4                __floatsidf
                0x00000000080008e4                __aeabi_i2d
                0x0000000008000908                __extendsfdf2
                0x0000000008000908                __aeabi_f2d
                0x0000000008000944                __aeabi_ul2d
                0x0000000008000944                __floatundidf
                0x0000000008000954                __floatdidf
                0x0000000008000954                __aeabi_l2d
 .text          0x00000000080009b0      0x424 /home/ps/Ac6/SystemWorkbench/plugins/fr.ac6.mcu.externaltools.arm-none.linux64_1.15.0.201708311556/tools/compiler/bin/../lib/gcc/arm-none-eabi/6.3.1/thumb/v7e-m/fpv4-sp/hard/libgcc.a(_arm_muldivdf3.o)
                0x00000000080009b0                __aeabi_dmul
                0x00000000080009b0                __muldf3
                0x0000000008000c04                __aeabi_ddiv
                0x0000000008000c04                __divdf3
 .text          0x0000000008000dd4      0x110 /home/ps/Ac6/SystemWorkbench/plugins/fr.ac6.mcu.externaltools.arm-none.linux64_1.15.0.201708311556/tools/compiler/bin/../lib/gcc/arm-none-eabi/6.3.1/thumb/v7e-m/fpv4-sp/hard/libgcc.a(_arm_cmpdf2.o)
                0x0000000008000dd4                __gtdf2
                0x0000000008000dd4                __gedf2
                0x0000000008000ddc                __ltdf2
                0x0000000008000ddc                __ledf2
                0x0000000008000de4                __cmpdf2
                0x0000000008000de4                __eqdf2
                0x0000000008000de4                __nedf2
                0x0000000008000e60                __aeabi_cdrcmple
                0x0000000008000e70                __aeabi_cdcmple
                0x0000000008000e70                __aeabi_cdcmpeq
                0x0000000008000e80                __aeabi_dcmpeq
                0x0000000008000e94                __aeabi_dcmplt
                0x0000000008000ea8                __aeabi_dcmple
                0x0000000008000ebc                __aeabi_dcmpge
                0x0000000008000ed0                __aeabi_dcmpgt
 .text          0x0000000008000ee4       0x2c /home/ps/Ac6/SystemWorkbench/plugins/fr.ac6.mcu.externaltools.arm-none.linux64_1.15.0.201708311556/tools/compiler/bin/../lib/gcc/arm-none-eabi/6.3.1/thumb/v7e-m/fpv4-sp/hard/libgcc.a(_arm_unorddf2.o)
                0x0000000008000ee4                __aeabi_dcmpun
                0x0000000008000ee4                __unorddf2
 .text          0x0000000008000f10       0x50 /home/ps/Ac6/SystemWorkbench/plugins/fr.ac6.mcu.externaltools.arm-none.linux64_1.15.0.201708311556/tools/compiler/bin/../lib/gcc/arm-none-eabi/6.3.1/thumb/v7e-m/fpv4-sp/hard/libgcc.a(_arm_fixdfsi.o)
                0x0000000008000f10                __fixdfsi
                0x0000000008000f10                __aeabi_d2iz
 *(.text*)
 .text.LSM303AGR_ACC_WriteReg
                0x0000000008000f60       0x10 Drivers/BSP/Components/LSM303AGR_ACC_driver.o
                0x0000000008000f60                LSM303AGR_ACC_WriteReg
 .text.LSM303AGR_ACC_ReadReg
                0x0000000008000f70       0x10 Drivers/BSP/Components/LSM303AGR_ACC_driver.o
                0x0000000008000f70                LSM303AGR_ACC_ReadReg
 .text.LSM303AGR_ACC_R_WHO_AM_I
                0x0000000008000f80       0x16 Drivers/BSP/Components/LSM303AGR_ACC_driver.o
                0x0000000008000f80                LSM303AGR_ACC_R_WHO_AM_I
 .text.LSM303AGR_ACC_W_BlockDataUpdate
                0x0000000008000f96       0x42 Drivers/BSP/Components/LSM303AGR_ACC_driver.o
                0x0000000008000f96                LSM303AGR_ACC_W_BlockDataUpdate
 .text.LSM303AGR_ACC_W_FullScale
                0x0000000008000fd8       0x42 Drivers/BSP/Components/LSM303AGR_ACC_driver.o
                0x0000000008000fd8                LSM303AGR_ACC_W_FullScale
 .text.LSM303AGR_ACC_R_FullScale
                0x000000000800101a       0x20 Drivers/BSP/Components/LSM303AGR_ACC_driver.o
                0x000000000800101a                LSM303AGR_ACC_R_FullScale
 .text.LSM303AGR_ACC_Get_Raw_Acceleration
                0x000000000800103a       0x16 Drivers/BSP/Components/LSM303AGR_ACC_driver.o
                0x000000000800103a                LSM303AGR_ACC_Get_Raw_Acceleration
 .text.LSM303AGR_ACC_W_ODR
                0x0000000008001050       0x42 Drivers/BSP/Components/LSM303AGR_ACC_driver.o
                0x0000000008001050                LSM303AGR_ACC_W_ODR
 .text.LSM303AGR_ACC_R_ODR
                0x0000000008001092       0x20 Drivers/BSP/Components/LSM303AGR_ACC_driver.o
                0x0000000008001092                LSM303AGR_ACC_R_ODR
 .text.LSM303AGR_ACC_W_XEN
                0x00000000080010b2       0x42 Drivers/BSP/Components/LSM303AGR_ACC_driver.o
                0x00000000080010b2                LSM303AGR_ACC_W_XEN
 .text.LSM303AGR_ACC_R_XEN
                0x00000000080010f4       0x20 Drivers/BSP/Components/LSM303AGR_ACC_driver.o
                0x00000000080010f4                LSM303AGR_ACC_R_XEN
 .text.LSM303AGR_ACC_W_YEN
                0x0000000008001114       0x42 Drivers/BSP/Components/LSM303AGR_ACC_driver.o
                0x0000000008001114                LSM303AGR_ACC_W_YEN
 .text.LSM303AGR_ACC_R_YEN
                0x0000000008001156       0x20 Drivers/BSP/Components/LSM303AGR_ACC_driver.o
                0x0000000008001156                LSM303AGR_ACC_R_YEN
 .text.LSM303AGR_ACC_W_ZEN
                0x0000000008001176       0x42 Drivers/BSP/Components/LSM303AGR_ACC_driver.o
                0x0000000008001176                LSM303AGR_ACC_W_ZEN
 .text.LSM303AGR_ACC_R_ZEN
                0x00000000080011b8       0x20 Drivers/BSP/Components/LSM303AGR_ACC_driver.o
                0x00000000080011b8                LSM303AGR_ACC_R_ZEN
 .text.LSM303AGR_ACC_R_LOWPWR_EN
                0x00000000080011d8       0x20 Drivers/BSP/Components/LSM303AGR_ACC_driver.o
                0x00000000080011d8                LSM303AGR_ACC_R_LOWPWR_EN
 .text.LSM303AGR_ACC_R_HiRes
                0x00000000080011f8       0x20 Drivers/BSP/Components/LSM303AGR_ACC_driver.o
                0x00000000080011f8                LSM303AGR_ACC_R_HiRes
 .text.LSM303AGR_ACC_Get_Acceleration
                0x0000000008001218      0x12c Drivers/BSP/Components/LSM303AGR_ACC_driver.o
                0x0000000008001218                LSM303AGR_ACC_Get_Acceleration
 .text.LSM303AGR_ACC_R_XDataAvail
                0x0000000008001344       0x20 Drivers/BSP/Components/LSM303AGR_ACC_driver.o
                0x0000000008001344                LSM303AGR_ACC_R_XDataAvail
 .text.LSM303AGR_ACC_W_FifoMode
                0x0000000008001364       0x42 Drivers/BSP/Components/LSM303AGR_ACC_driver.o
                0x0000000008001364                LSM303AGR_ACC_W_FifoMode
 *fill*         0x00000000080013a6        0x2 
 .text.LSM303AGR_X_Set_ODR_When_Disabled
                0x00000000080013a8       0x50 Drivers/BSP/Components/LSM303AGR_ACC_driver_HL.o
 .text.LSM303AGR_X_Set_ODR_Value_When_Disabled
                0x00000000080013f8       0x9c Drivers/BSP/Components/LSM303AGR_ACC_driver_HL.o
 .text.LSM303AGR_X_Get_DRDY_Status
                0x0000000008001494       0x30 Drivers/BSP/Components/LSM303AGR_ACC_driver_HL.o
 .text.LSM303AGR_X_Write_Reg
                0x00000000080014c4       0x1e Drivers/BSP/Components/LSM303AGR_ACC_driver_HL.o
 .text.LSM303AGR_X_Read_Reg
                0x00000000080014e2       0x12 Drivers/BSP/Components/LSM303AGR_ACC_driver_HL.o
 .text.LSM303AGR_X_Set_Axes_Status
                0x00000000080014f4       0x4e Drivers/BSP/Components/LSM303AGR_ACC_driver_HL.o
 .text.LSM303AGR_X_Get_Axes_Status
                0x0000000008001542       0x66 Drivers/BSP/Components/LSM303AGR_ACC_driver_HL.o
 .text.LSM303AGR_X_Set_FS_Value
                0x00000000080015a8       0x48 Drivers/BSP/Components/LSM303AGR_ACC_driver_HL.o
 .text.LSM303AGR_X_Set_FS
                0x00000000080015f0       0x24 Drivers/BSP/Components/LSM303AGR_ACC_driver_HL.o
 .text.LSM303AGR_X_Get_FS
                0x0000000008001614       0x60 Drivers/BSP/Components/LSM303AGR_ACC_driver_HL.o
 .text.LSM303AGR_X_Get_Sensitivity_Normal_Mode
                0x0000000008001674       0x68 Drivers/BSP/Components/LSM303AGR_ACC_driver_HL.o
 .text.LSM303AGR_X_Get_Sensitivity_LP_Mode
                0x00000000080016dc       0x68 Drivers/BSP/Components/LSM303AGR_ACC_driver_HL.o
 .text.LSM303AGR_X_Get_Sensitivity_HR_Mode
                0x0000000008001744       0x68 Drivers/BSP/Components/LSM303AGR_ACC_driver_HL.o
 .text.LSM303AGR_X_Set_ODR_Value_When_Enabled
                0x00000000080017ac       0x8c Drivers/BSP/Components/LSM303AGR_ACC_driver_HL.o
 .text.LSM303AGR_X_Set_ODR_Value
                0x0000000008001838       0x24 Drivers/BSP/Components/LSM303AGR_ACC_driver_HL.o
 .text.LSM303AGR_X_Sensor_Enable
                0x000000000800185c       0x28 Drivers/BSP/Components/LSM303AGR_ACC_driver_HL.o
 .text.LSM303AGR_X_Set_ODR_When_Enabled
                0x0000000008001884       0x34 Drivers/BSP/Components/LSM303AGR_ACC_driver_HL.o
 .text.LSM303AGR_X_Set_ODR
                0x00000000080018b8       0x24 Drivers/BSP/Components/LSM303AGR_ACC_driver_HL.o
 .text.LSM303AGR_X_Get_ODR
                0x00000000080018dc       0xa4 Drivers/BSP/Components/LSM303AGR_ACC_driver_HL.o
 .text.LSM303AGR_X_Sensor_Disable
                0x0000000008001980       0x2e Drivers/BSP/Components/LSM303AGR_ACC_driver_HL.o
 .text.LSM303AGR_X_Get_Sensitivity
                0x00000000080019ae       0x70 Drivers/BSP/Components/LSM303AGR_ACC_driver_HL.o
 .text.LSM303AGR_X_Get_Axes_Raw
                0x0000000008001a1e       0x88 Drivers/BSP/Components/LSM303AGR_ACC_driver_HL.o
 .text.LSM303AGR_X_Get_AxesRaw
                0x0000000008001aa6       0x28 Drivers/BSP/Components/LSM303AGR_ACC_driver_HL.o
 .text.LSM303AGR_X_Get_Axes
                0x0000000008001ace       0x24 Drivers/BSP/Components/LSM303AGR_ACC_driver_HL.o
 .text.LSM303AGR_X_Get_WhoAmI
                0x0000000008001af2       0x10 Drivers/BSP/Components/LSM303AGR_ACC_driver_HL.o
 .text.LSM303AGR_X_Check_WhoAmI
                0x0000000008001b02       0x2a Drivers/BSP/Components/LSM303AGR_ACC_driver_HL.o
 .text.LSM303AGR_X_DeInit
                0x0000000008001b2c       0x28 Drivers/BSP/Components/LSM303AGR_ACC_driver_HL.o
 .text.LSM303AGR_X_Init
                0x0000000008001b54       0x7c Drivers/BSP/Components/LSM303AGR_ACC_driver_HL.o
 .text.LSM6DSL_ACC_GYRO_ReadReg
                0x0000000008001bd0       0x10 Drivers/BSP/Components/LSM6DSL_ACC_GYRO_driver.o
                0x0000000008001bd0                LSM6DSL_ACC_GYRO_ReadReg
 .text.LSM6DSL_ACC_GYRO_WriteReg
                0x0000000008001be0       0x10 Drivers/BSP/Components/LSM6DSL_ACC_GYRO_driver.o
                0x0000000008001be0                LSM6DSL_ACC_GYRO_WriteReg
 .text.LSM6DSL_ACC_GYRO_R_WHO_AM_I
                0x0000000008001bf0       0x16 Drivers/BSP/Components/LSM6DSL_ACC_GYRO_driver.o
                0x0000000008001bf0                LSM6DSL_ACC_GYRO_R_WHO_AM_I
 .text.LSM6DSL_ACC_GYRO_W_BDU
                0x0000000008001c06       0x42 Drivers/BSP/Components/LSM6DSL_ACC_GYRO_driver.o
                0x0000000008001c06                LSM6DSL_ACC_GYRO_W_BDU
 .text.LSM6DSL_ACC_GYRO_W_FS_XL
                0x0000000008001c48       0x42 Drivers/BSP/Components/LSM6DSL_ACC_GYRO_driver.o
                0x0000000008001c48                LSM6DSL_ACC_GYRO_W_FS_XL
 .text.LSM6DSL_ACC_GYRO_R_FS_XL
                0x0000000008001c8a       0x20 Drivers/BSP/Components/LSM6DSL_ACC_GYRO_driver.o
                0x0000000008001c8a                LSM6DSL_ACC_GYRO_R_FS_XL
 .text.LSM6DSL_ACC_GYRO_GetRawAccData
                0x0000000008001caa       0x4a Drivers/BSP/Components/LSM6DSL_ACC_GYRO_driver.o
                0x0000000008001caa                LSM6DSL_ACC_GYRO_GetRawAccData
 .text.LSM6DSL_ACC_GYRO_W_ODR_XL
                0x0000000008001cf4       0x42 Drivers/BSP/Components/LSM6DSL_ACC_GYRO_driver.o
                0x0000000008001cf4                LSM6DSL_ACC_GYRO_W_ODR_XL
 .text.LSM6DSL_ACC_GYRO_R_ODR_XL
                0x0000000008001d36       0x20 Drivers/BSP/Components/LSM6DSL_ACC_GYRO_driver.o
                0x0000000008001d36                LSM6DSL_ACC_GYRO_R_ODR_XL
 .text.LSM6DSL_ACC_GYRO_W_FS_G
                0x0000000008001d56       0x42 Drivers/BSP/Components/LSM6DSL_ACC_GYRO_driver.o
                0x0000000008001d56                LSM6DSL_ACC_GYRO_W_FS_G
 .text.LSM6DSL_ACC_GYRO_R_FS_G
                0x0000000008001d98       0x20 Drivers/BSP/Components/LSM6DSL_ACC_GYRO_driver.o
                0x0000000008001d98                LSM6DSL_ACC_GYRO_R_FS_G
 .text.LSM6DSL_ACC_GYRO_GetRawGyroData
                0x0000000008001db8       0x4a Drivers/BSP/Components/LSM6DSL_ACC_GYRO_driver.o
                0x0000000008001db8                LSM6DSL_ACC_GYRO_GetRawGyroData
 .text.LSM6DSL_ACC_GYRO_W_ODR_G
                0x0000000008001e02       0x42 Drivers/BSP/Components/LSM6DSL_ACC_GYRO_driver.o
                0x0000000008001e02                LSM6DSL_ACC_GYRO_W_ODR_G
 .text.LSM6DSL_ACC_GYRO_R_ODR_G
                0x0000000008001e44       0x20 Drivers/BSP/Components/LSM6DSL_ACC_GYRO_driver.o
                0x0000000008001e44                LSM6DSL_ACC_GYRO_R_ODR_G
 .text.LSM6DSL_ACC_GYRO_W_FS_125
                0x0000000008001e64       0x42 Drivers/BSP/Components/LSM6DSL_ACC_GYRO_driver.o
                0x0000000008001e64                LSM6DSL_ACC_GYRO_W_FS_125
 .text.LSM6DSL_ACC_GYRO_R_FS_125
                0x0000000008001ea6       0x20 Drivers/BSP/Components/LSM6DSL_ACC_GYRO_driver.o
                0x0000000008001ea6                LSM6DSL_ACC_GYRO_R_FS_125
 .text.LSM6DSL_ACC_GYRO_W_EmbeddedAccess
                0x0000000008001ec6       0x42 Drivers/BSP/Components/LSM6DSL_ACC_GYRO_driver.o
                0x0000000008001ec6                LSM6DSL_ACC_GYRO_W_EmbeddedAccess
 .text.LSM6DSL_ACC_GYRO_W_FIFO_Watermark
                0x0000000008001f08       0x72 Drivers/BSP/Components/LSM6DSL_ACC_GYRO_driver.o
                0x0000000008001f08                LSM6DSL_ACC_GYRO_W_FIFO_Watermark
 .text.LSM6DSL_ACC_GYRO_W_DEC_FIFO_XL
                0x0000000008001f7a       0x42 Drivers/BSP/Components/LSM6DSL_ACC_GYRO_driver.o
                0x0000000008001f7a                LSM6DSL_ACC_GYRO_W_DEC_FIFO_XL
 .text.LSM6DSL_ACC_GYRO_W_DEC_FIFO_G
                0x0000000008001fbc       0x42 Drivers/BSP/Components/LSM6DSL_ACC_GYRO_driver.o
                0x0000000008001fbc                LSM6DSL_ACC_GYRO_W_DEC_FIFO_G
 .text.LSM6DSL_ACC_GYRO_W_STOP_ON_FTH
                0x0000000008001ffe       0x42 Drivers/BSP/Components/LSM6DSL_ACC_GYRO_driver.o
                0x0000000008001ffe                LSM6DSL_ACC_GYRO_W_STOP_ON_FTH
 .text.LSM6DSL_ACC_GYRO_W_FIFO_MODE
                0x0000000008002040       0x42 Drivers/BSP/Components/LSM6DSL_ACC_GYRO_driver.o
                0x0000000008002040                LSM6DSL_ACC_GYRO_W_FIFO_MODE
 .text.LSM6DSL_ACC_GYRO_W_ODR_FIFO
                0x0000000008002082       0x42 Drivers/BSP/Components/LSM6DSL_ACC_GYRO_driver.o
                0x0000000008002082                LSM6DSL_ACC_GYRO_W_ODR_FIFO
 .text.LSM6DSL_ACC_GYRO_W_FULL_FLAG_on_INT1
                0x00000000080020c4       0x42 Drivers/BSP/Components/LSM6DSL_ACC_GYRO_driver.o
                0x00000000080020c4                LSM6DSL_ACC_GYRO_W_FULL_FLAG_on_INT1
 .text.LSM6DSL_ACC_GYRO_W_STEP_DET_on_INT1
                0x0000000008002106       0x42 Drivers/BSP/Components/LSM6DSL_ACC_GYRO_driver.o
                0x0000000008002106                LSM6DSL_ACC_GYRO_W_STEP_DET_on_INT1
 .text.LSM6DSL_ACC_GYRO_W_IF_Addr_Incr
                0x0000000008002148       0x42 Drivers/BSP/Components/LSM6DSL_ACC_GYRO_driver.o
                0x0000000008002148                LSM6DSL_ACC_GYRO_W_IF_Addr_Incr
 .text.LSM6DSL_ACC_GYRO_W_SelfTest_XL
                0x000000000800218a       0x42 Drivers/BSP/Components/LSM6DSL_ACC_GYRO_driver.o
                0x000000000800218a                LSM6DSL_ACC_GYRO_W_SelfTest_XL
 .text.LSM6DSL_ACC_GYRO_W_SelfTest_G
                0x00000000080021cc       0x42 Drivers/BSP/Components/LSM6DSL_ACC_GYRO_driver.o
                0x00000000080021cc                LSM6DSL_ACC_GYRO_W_SelfTest_G
 .text.LSM6DSL_ACC_GYRO_W_PedoStepReset
                0x000000000800220e       0x42 Drivers/BSP/Components/LSM6DSL_ACC_GYRO_driver.o
                0x000000000800220e                LSM6DSL_ACC_GYRO_W_PedoStepReset
 .text.LSM6DSL_ACC_GYRO_W_TILT
                0x0000000008002250       0x42 Drivers/BSP/Components/LSM6DSL_ACC_GYRO_driver.o
                0x0000000008002250                LSM6DSL_ACC_GYRO_W_TILT
 .text.LSM6DSL_ACC_GYRO_W_PEDO
                0x0000000008002292       0x42 Drivers/BSP/Components/LSM6DSL_ACC_GYRO_driver.o
                0x0000000008002292                LSM6DSL_ACC_GYRO_W_PEDO
 .text.LSM6DSL_ACC_GYRO_W_FUNC_EN
                0x00000000080022d4       0x42 Drivers/BSP/Components/LSM6DSL_ACC_GYRO_driver.o
                0x00000000080022d4                LSM6DSL_ACC_GYRO_W_FUNC_EN
 .text.LSM6DSL_ACC_GYRO_R_WU_EV_STATUS
                0x0000000008002316       0x20 Drivers/BSP/Components/LSM6DSL_ACC_GYRO_driver.o
                0x0000000008002316                LSM6DSL_ACC_GYRO_R_WU_EV_STATUS
 .text.LSM6DSL_ACC_GYRO_R_FF_EV_STATUS
                0x0000000008002336       0x20 Drivers/BSP/Components/LSM6DSL_ACC_GYRO_driver.o
                0x0000000008002336                LSM6DSL_ACC_GYRO_R_FF_EV_STATUS
 .text.LSM6DSL_ACC_GYRO_R_DOUBLE_TAP_EV_STATUS
                0x0000000008002356       0x20 Drivers/BSP/Components/LSM6DSL_ACC_GYRO_driver.o
                0x0000000008002356                LSM6DSL_ACC_GYRO_R_DOUBLE_TAP_EV_STATUS
 .text.LSM6DSL_ACC_GYRO_R_SINGLE_TAP_EV_STATUS
                0x0000000008002376       0x20 Drivers/BSP/Components/LSM6DSL_ACC_GYRO_driver.o
                0x0000000008002376                LSM6DSL_ACC_GYRO_R_SINGLE_TAP_EV_STATUS
 .text.LSM6DSL_ACC_GYRO_R_DSD_XL
                0x0000000008002396       0x20 Drivers/BSP/Components/LSM6DSL_ACC_GYRO_driver.o
                0x0000000008002396                LSM6DSL_ACC_GYRO_R_DSD_XL
 .text.LSM6DSL_ACC_GYRO_R_DSD_XH
                0x00000000080023b6       0x20 Drivers/BSP/Components/LSM6DSL_ACC_GYRO_driver.o
                0x00000000080023b6                LSM6DSL_ACC_GYRO_R_DSD_XH
 .text.LSM6DSL_ACC_GYRO_R_DSD_YL
                0x00000000080023d6       0x20 Drivers/BSP/Components/LSM6DSL_ACC_GYRO_driver.o
                0x00000000080023d6                LSM6DSL_ACC_GYRO_R_DSD_YL
 .text.LSM6DSL_ACC_GYRO_R_DSD_YH
                0x00000000080023f6       0x20 Drivers/BSP/Components/LSM6DSL_ACC_GYRO_driver.o
                0x00000000080023f6                LSM6DSL_ACC_GYRO_R_DSD_YH
 .text.LSM6DSL_ACC_GYRO_R_DSD_ZL
                0x0000000008002416       0x20 Drivers/BSP/Components/LSM6DSL_ACC_GYRO_driver.o
                0x0000000008002416                LSM6DSL_ACC_GYRO_R_DSD_ZL
 .text.LSM6DSL_ACC_GYRO_R_DSD_ZH
                0x0000000008002436       0x20 Drivers/BSP/Components/LSM6DSL_ACC_GYRO_driver.o
                0x0000000008002436                LSM6DSL_ACC_GYRO_R_DSD_ZH
 .text.LSM6DSL_ACC_GYRO_R_D6D_EV_STATUS
                0x0000000008002456       0x20 Drivers/BSP/Components/LSM6DSL_ACC_GYRO_driver.o
                0x0000000008002456                LSM6DSL_ACC_GYRO_R_D6D_EV_STATUS
 .text.LSM6DSL_ACC_GYRO_R_XLDA
                0x0000000008002476       0x20 Drivers/BSP/Components/LSM6DSL_ACC_GYRO_driver.o
                0x0000000008002476                LSM6DSL_ACC_GYRO_R_XLDA
 .text.LSM6DSL_ACC_GYRO_R_GDA
                0x0000000008002496       0x20 Drivers/BSP/Components/LSM6DSL_ACC_GYRO_driver.o
                0x0000000008002496                LSM6DSL_ACC_GYRO_R_GDA
 .text.LSM6DSL_ACC_GYRO_R_FIFONumOfEntries
                0x00000000080024b6       0x48 Drivers/BSP/Components/LSM6DSL_ACC_GYRO_driver.o
                0x00000000080024b6                LSM6DSL_ACC_GYRO_R_FIFONumOfEntries
 .text.LSM6DSL_ACC_GYRO_R_FIFOEmpty
                0x00000000080024fe       0x20 Drivers/BSP/Components/LSM6DSL_ACC_GYRO_driver.o
                0x00000000080024fe                LSM6DSL_ACC_GYRO_R_FIFOEmpty
 .text.LSM6DSL_ACC_GYRO_R_FIFOFull
                0x000000000800251e       0x20 Drivers/BSP/Components/LSM6DSL_ACC_GYRO_driver.o
                0x000000000800251e                LSM6DSL_ACC_GYRO_R_FIFOFull
 .text.LSM6DSL_ACC_GYRO_R_OVERRUN
                0x000000000800253e       0x20 Drivers/BSP/Components/LSM6DSL_ACC_GYRO_driver.o
                0x000000000800253e                LSM6DSL_ACC_GYRO_R_OVERRUN
 .text.LSM6DSL_ACC_GYRO_R_FIFOPattern
                0x000000000800255e       0x48 Drivers/BSP/Components/LSM6DSL_ACC_GYRO_driver.o
                0x000000000800255e                LSM6DSL_ACC_GYRO_R_FIFOPattern
 .text.LSM6DSL_ACC_GYRO_R_PEDO_EV_STATUS
                0x00000000080025a6       0x20 Drivers/BSP/Components/LSM6DSL_ACC_GYRO_driver.o
                0x00000000080025a6                LSM6DSL_ACC_GYRO_R_PEDO_EV_STATUS
 .text.LSM6DSL_ACC_GYRO_R_TILT_EV_STATUS
                0x00000000080025c6       0x20 Drivers/BSP/Components/LSM6DSL_ACC_GYRO_driver.o
                0x00000000080025c6                LSM6DSL_ACC_GYRO_R_TILT_EV_STATUS
 .text.LSM6DSL_ACC_GYRO_W_LIR
                0x00000000080025e6       0x42 Drivers/BSP/Components/LSM6DSL_ACC_GYRO_driver.o
                0x00000000080025e6                LSM6DSL_ACC_GYRO_W_LIR
 .text.LSM6DSL_ACC_GYRO_W_TAP_Z_EN
                0x0000000008002628       0x42 Drivers/BSP/Components/LSM6DSL_ACC_GYRO_driver.o
                0x0000000008002628                LSM6DSL_ACC_GYRO_W_TAP_Z_EN
 .text.LSM6DSL_ACC_GYRO_W_TAP_Y_EN
                0x000000000800266a       0x42 Drivers/BSP/Components/LSM6DSL_ACC_GYRO_driver.o
                0x000000000800266a                LSM6DSL_ACC_GYRO_W_TAP_Y_EN
 .text.LSM6DSL_ACC_GYRO_W_TAP_X_EN
                0x00000000080026ac       0x42 Drivers/BSP/Components/LSM6DSL_ACC_GYRO_driver.o
                0x00000000080026ac                LSM6DSL_ACC_GYRO_W_TAP_X_EN
 .text.LSM6DSL_ACC_GYRO_W_BASIC_INT
                0x00000000080026ee       0x42 Drivers/BSP/Components/LSM6DSL_ACC_GYRO_driver.o
                0x00000000080026ee                LSM6DSL_ACC_GYRO_W_BASIC_INT
 .text.LSM6DSL_ACC_GYRO_W_TAP_THS
                0x0000000008002730       0x44 Drivers/BSP/Components/LSM6DSL_ACC_GYRO_driver.o
                0x0000000008002730                LSM6DSL_ACC_GYRO_W_TAP_THS
 .text.LSM6DSL_ACC_GYRO_W_SIXD_THS
                0x0000000008002774       0x42 Drivers/BSP/Components/LSM6DSL_ACC_GYRO_driver.o
                0x0000000008002774                LSM6DSL_ACC_GYRO_W_SIXD_THS
 .text.LSM6DSL_ACC_GYRO_W_SHOCK_Duration
                0x00000000080027b6       0x44 Drivers/BSP/Components/LSM6DSL_ACC_GYRO_driver.o
                0x00000000080027b6                LSM6DSL_ACC_GYRO_W_SHOCK_Duration
 .text.LSM6DSL_ACC_GYRO_W_QUIET_Duration
                0x00000000080027fa       0x46 Drivers/BSP/Components/LSM6DSL_ACC_GYRO_driver.o
                0x00000000080027fa                LSM6DSL_ACC_GYRO_W_QUIET_Duration
 .text.LSM6DSL_ACC_GYRO_W_DUR
                0x0000000008002840       0x44 Drivers/BSP/Components/LSM6DSL_ACC_GYRO_driver.o
                0x0000000008002840                LSM6DSL_ACC_GYRO_W_DUR
 .text.LSM6DSL_ACC_GYRO_W_WK_THS
                0x0000000008002884       0x44 Drivers/BSP/Components/LSM6DSL_ACC_GYRO_driver.o
                0x0000000008002884                LSM6DSL_ACC_GYRO_W_WK_THS
 .text.LSM6DSL_ACC_GYRO_W_SINGLE_DOUBLE_TAP_EV
                0x00000000080028c8       0x42 Drivers/BSP/Components/LSM6DSL_ACC_GYRO_driver.o
                0x00000000080028c8                LSM6DSL_ACC_GYRO_W_SINGLE_DOUBLE_TAP_EV
 .text.LSM6DSL_ACC_GYRO_W_SLEEP_DUR
                0x000000000800290a       0x44 Drivers/BSP/Components/LSM6DSL_ACC_GYRO_driver.o
                0x000000000800290a                LSM6DSL_ACC_GYRO_W_SLEEP_DUR
 .text.LSM6DSL_ACC_GYRO_W_TIMER_HR
                0x000000000800294e       0x42 Drivers/BSP/Components/LSM6DSL_ACC_GYRO_driver.o
                0x000000000800294e                LSM6DSL_ACC_GYRO_W_TIMER_HR
 .text.LSM6DSL_ACC_GYRO_W_WAKE_DUR
                0x0000000008002990       0x46 Drivers/BSP/Components/LSM6DSL_ACC_GYRO_driver.o
                0x0000000008002990                LSM6DSL_ACC_GYRO_W_WAKE_DUR
 .text.LSM6DSL_ACC_GYRO_W_FF_THS
                0x00000000080029d6       0x42 Drivers/BSP/Components/LSM6DSL_ACC_GYRO_driver.o
                0x00000000080029d6                LSM6DSL_ACC_GYRO_W_FF_THS
 .text.LSM6DSL_ACC_GYRO_W_FF_Duration
                0x0000000008002a18       0x7e Drivers/BSP/Components/LSM6DSL_ACC_GYRO_driver.o
                0x0000000008002a18                LSM6DSL_ACC_GYRO_W_FF_Duration
 .text.LSM6DSL_ACC_GYRO_W_TiltEvOnInt1
                0x0000000008002a96       0x42 Drivers/BSP/Components/LSM6DSL_ACC_GYRO_driver.o
                0x0000000008002a96                LSM6DSL_ACC_GYRO_W_TiltEvOnInt1
 .text.LSM6DSL_ACC_GYRO_W_6DEvOnInt1
                0x0000000008002ad8       0x42 Drivers/BSP/Components/LSM6DSL_ACC_GYRO_driver.o
                0x0000000008002ad8                LSM6DSL_ACC_GYRO_W_6DEvOnInt1
 .text.LSM6DSL_ACC_GYRO_W_TapEvOnInt1
                0x0000000008002b1a       0x42 Drivers/BSP/Components/LSM6DSL_ACC_GYRO_driver.o
                0x0000000008002b1a                LSM6DSL_ACC_GYRO_W_TapEvOnInt1
 .text.LSM6DSL_ACC_GYRO_W_FFEvOnInt1
                0x0000000008002b5c       0x42 Drivers/BSP/Components/LSM6DSL_ACC_GYRO_driver.o
                0x0000000008002b5c                LSM6DSL_ACC_GYRO_W_FFEvOnInt1
 .text.LSM6DSL_ACC_GYRO_W_WUEvOnInt1
                0x0000000008002b9e       0x42 Drivers/BSP/Components/LSM6DSL_ACC_GYRO_driver.o
                0x0000000008002b9e                LSM6DSL_ACC_GYRO_W_WUEvOnInt1
 .text.LSM6DSL_ACC_GYRO_W_SingleTapOnInt1
                0x0000000008002be0       0x42 Drivers/BSP/Components/LSM6DSL_ACC_GYRO_driver.o
                0x0000000008002be0                LSM6DSL_ACC_GYRO_W_SingleTapOnInt1
 .text.LSM6DSL_ACC_GYRO_W_TiltEvOnInt2
                0x0000000008002c22       0x42 Drivers/BSP/Components/LSM6DSL_ACC_GYRO_driver.o
                0x0000000008002c22                LSM6DSL_ACC_GYRO_W_TiltEvOnInt2
 .text.LSM6DSL_ACC_GYRO_W_6DEvOnInt2
                0x0000000008002c64       0x42 Drivers/BSP/Components/LSM6DSL_ACC_GYRO_driver.o
                0x0000000008002c64                LSM6DSL_ACC_GYRO_W_6DEvOnInt2
 .text.LSM6DSL_ACC_GYRO_W_TapEvOnInt2
                0x0000000008002ca6       0x42 Drivers/BSP/Components/LSM6DSL_ACC_GYRO_driver.o
                0x0000000008002ca6                LSM6DSL_ACC_GYRO_W_TapEvOnInt2
 .text.LSM6DSL_ACC_GYRO_W_FFEvOnInt2
                0x0000000008002ce8       0x42 Drivers/BSP/Components/LSM6DSL_ACC_GYRO_driver.o
                0x0000000008002ce8                LSM6DSL_ACC_GYRO_W_FFEvOnInt2
 .text.LSM6DSL_ACC_GYRO_W_WUEvOnInt2
                0x0000000008002d2a       0x42 Drivers/BSP/Components/LSM6DSL_ACC_GYRO_driver.o
                0x0000000008002d2a                LSM6DSL_ACC_GYRO_W_WUEvOnInt2
 .text.LSM6DSL_ACC_GYRO_W_SingleTapOnInt2
                0x0000000008002d6c       0x42 Drivers/BSP/Components/LSM6DSL_ACC_GYRO_driver.o
                0x0000000008002d6c                LSM6DSL_ACC_GYRO_W_SingleTapOnInt2
 .text.LSM6DSL_ACC_GYRO_Get_GetFIFOData
                0x0000000008002dae       0x42 Drivers/BSP/Components/LSM6DSL_ACC_GYRO_driver.o
                0x0000000008002dae                LSM6DSL_ACC_GYRO_Get_GetFIFOData
 .text.LSM6DSL_ACC_GYRO_Get_GetStepCounter
                0x0000000008002df0       0x42 Drivers/BSP/Components/LSM6DSL_ACC_GYRO_driver.o
                0x0000000008002df0                LSM6DSL_ACC_GYRO_Get_GetStepCounter
 .text.LSM6DSL_ACC_GYRO_W_PedoThreshold
                0x0000000008002e32       0x4a Drivers/BSP/Components/LSM6DSL_ACC_GYRO_driver.o
                0x0000000008002e32                LSM6DSL_ACC_GYRO_W_PedoThreshold
 .text.LSM6DSL_X_Set_ODR_When_Disabled
                0x0000000008002e7c       0x50 Drivers/BSP/Components/LSM6DSL_ACC_GYRO_driver_HL.o
 .text.LSM6DSL_X_Set_ODR_Value_When_Disabled
                0x0000000008002ecc       0xf0 Drivers/BSP/Components/LSM6DSL_ACC_GYRO_driver_HL.o
 .text.LSM6DSL_G_Set_ODR_When_Disabled
                0x0000000008002fbc       0x50 Drivers/BSP/Components/LSM6DSL_ACC_GYRO_driver_HL.o
 .text.LSM6DSL_G_Set_ODR_Value_When_Disabled
                0x000000000800300c       0xf0 Drivers/BSP/Components/LSM6DSL_ACC_GYRO_driver_HL.o
 .text.LSM6DSL_X_Set_SelfTest
                0x00000000080030fc       0x18 Drivers/BSP/Components/LSM6DSL_ACC_GYRO_driver_HL.o
 .text.LSM6DSL_Set_Interrupt_Latch
                0x0000000008003114       0x18 Drivers/BSP/Components/LSM6DSL_ACC_GYRO_driver_HL.o
 .text.LSM6DSL_X_Set_Interrupt_Latch
                0x000000000800312c        0x8 Drivers/BSP/Components/LSM6DSL_ACC_GYRO_driver_HL.o
 .text.LSM6DSL_G_Set_Interrupt_Latch
                0x0000000008003134        0x8 Drivers/BSP/Components/LSM6DSL_ACC_GYRO_driver_HL.o
 .text.LSM6DSL_FIFO_Set_Stop_On_Fth
                0x000000000800313c       0x1e Drivers/BSP/Components/LSM6DSL_ACC_GYRO_driver_HL.o
 .text.LSM6DSL_FIFO_Set_Watermark_Level
                0x000000000800315a       0x10 Drivers/BSP/Components/LSM6DSL_ACC_GYRO_driver_HL.o
 .text.LSM6DSL_FIFO_Set_INT1_FIFO_Full
                0x000000000800316a       0x1e Drivers/BSP/Components/LSM6DSL_ACC_GYRO_driver_HL.o
 .text.LSM6DSL_FIFO_Set_Mode
                0x0000000008003188       0x24 Drivers/BSP/Components/LSM6DSL_ACC_GYRO_driver_HL.o
 .text.LSM6DSL_X_Get_Sensitivity
                0x00000000080031ac       0x6c Drivers/BSP/Components/LSM6DSL_ACC_GYRO_driver_HL.o
 .text.LSM6DSL_X_Get_FS
                0x0000000008003218       0x64 Drivers/BSP/Components/LSM6DSL_ACC_GYRO_driver_HL.o
 .text.LSM6DSL_FIFO_X_Set_Decimation
                0x000000000800327c       0x18 Drivers/BSP/Components/LSM6DSL_ACC_GYRO_driver_HL.o
 .text.LSM6DSL_FIFO_Get_Num_Of_Samples
                0x0000000008003294       0x10 Drivers/BSP/Components/LSM6DSL_ACC_GYRO_driver_HL.o
 .text.LSM6DSL_FIFO_Get_Data
                0x00000000080032a4       0x10 Drivers/BSP/Components/LSM6DSL_ACC_GYRO_driver_HL.o
 .text.LSM6DSL_FIFO_X_Get_Axis
                0x00000000080032b4       0x4e Drivers/BSP/Components/LSM6DSL_ACC_GYRO_driver_HL.o
 .text.LSM6DSL_FIFO_Get_Pattern
                0x0000000008003302       0x10 Drivers/BSP/Components/LSM6DSL_ACC_GYRO_driver_HL.o
 .text.LSM6DSL_FIFO_Get_Overrun_Status
                0x0000000008003312       0x32 Drivers/BSP/Components/LSM6DSL_ACC_GYRO_driver_HL.o
 .text.LSM6DSL_FIFO_Get_Empty_Status
                0x0000000008003344       0x32 Drivers/BSP/Components/LSM6DSL_ACC_GYRO_driver_HL.o
 .text.LSM6DSL_FIFO_Get_Full_Status
                0x0000000008003376       0x32 Drivers/BSP/Components/LSM6DSL_ACC_GYRO_driver_HL.o
 .text.LSM6DSL_FIFO_Set_ODR_Value
                0x00000000080033a8       0xd0 Drivers/BSP/Components/LSM6DSL_ACC_GYRO_driver_HL.o
 .text.LSM6DSL_Read_Reg
                0x0000000008003478       0x12 Drivers/BSP/Components/LSM6DSL_ACC_GYRO_driver_HL.o
 .text.LSM6DSL_X_Read_Reg
                0x000000000800348a        0xe Drivers/BSP/Components/LSM6DSL_ACC_GYRO_driver_HL.o
 .text.LSM6DSL_X_Get_Event_Status
                0x0000000008003498      0x1ac Drivers/BSP/Components/LSM6DSL_ACC_GYRO_driver_HL.o
 .text.LSM6DSL_G_Read_Reg
                0x0000000008003644        0xe Drivers/BSP/Components/LSM6DSL_ACC_GYRO_driver_HL.o
 .text.LSM6DSL_X_Get_6D_Orientation_ZH
                0x0000000008003652       0x32 Drivers/BSP/Components/LSM6DSL_ACC_GYRO_driver_HL.o
 .text.LSM6DSL_X_Get_6D_Orientation_ZL
                0x0000000008003684       0x32 Drivers/BSP/Components/LSM6DSL_ACC_GYRO_driver_HL.o
 .text.LSM6DSL_X_Get_6D_Orientation_YH
                0x00000000080036b6       0x32 Drivers/BSP/Components/LSM6DSL_ACC_GYRO_driver_HL.o
 .text.LSM6DSL_X_Get_6D_Orientation_YL
                0x00000000080036e8       0x32 Drivers/BSP/Components/LSM6DSL_ACC_GYRO_driver_HL.o
 .text.LSM6DSL_X_Get_6D_Orientation_XH
                0x000000000800371a       0x32 Drivers/BSP/Components/LSM6DSL_ACC_GYRO_driver_HL.o
 .text.LSM6DSL_X_Get_6D_Orientation_XL
                0x000000000800374c       0x30 Drivers/BSP/Components/LSM6DSL_ACC_GYRO_driver_HL.o
 .text.LSM6DSL_X_Get_6D_Orientation_Status
                0x000000000800377c       0x32 Drivers/BSP/Components/LSM6DSL_ACC_GYRO_driver_HL.o
 .text.LSM6DSL_X_Disable_6D_Orientation
                0x00000000080037ae       0x3e Drivers/BSP/Components/LSM6DSL_ACC_GYRO_driver_HL.o
 .text.LSM6DSL_X_Set_FS_Value
                0x00000000080037ec       0x48 Drivers/BSP/Components/LSM6DSL_ACC_GYRO_driver_HL.o
 .text.LSM6DSL_X_Set_FS
                0x0000000008003834       0x24 Drivers/BSP/Components/LSM6DSL_ACC_GYRO_driver_HL.o
 .text.LSM6DSL_X_Set_ODR_Value_When_Enabled
                0x0000000008003858       0xd0 Drivers/BSP/Components/LSM6DSL_ACC_GYRO_driver_HL.o
 .text.LSM6DSL_X_Set_ODR_Value
                0x0000000008003928       0x24 Drivers/BSP/Components/LSM6DSL_ACC_GYRO_driver_HL.o
 .text.LSM6DSL_X_Enable_6D_Orientation
                0x000000000800394c       0x70 Drivers/BSP/Components/LSM6DSL_ACC_GYRO_driver_HL.o
 .text.LSM6DSL_X_Sensor_Enable
                0x00000000080039bc       0x28 Drivers/BSP/Components/LSM6DSL_ACC_GYRO_driver_HL.o
 .text.LSM6DSL_X_Set_ODR_When_Enabled
                0x00000000080039e4       0x30 Drivers/BSP/Components/LSM6DSL_ACC_GYRO_driver_HL.o
 .text.LSM6DSL_X_Set_ODR
                0x0000000008003a14       0x24 Drivers/BSP/Components/LSM6DSL_ACC_GYRO_driver_HL.o
 .text.LSM6DSL_X_Set_Tap_Duration_Time
                0x0000000008003a38       0x10 Drivers/BSP/Components/LSM6DSL_ACC_GYRO_driver_HL.o
 .text.LSM6DSL_X_Set_Tap_Quiet_Time
                0x0000000008003a48       0x10 Drivers/BSP/Components/LSM6DSL_ACC_GYRO_driver_HL.o
 .text.LSM6DSL_X_Set_Tap_Shock_Time
                0x0000000008003a58       0x10 Drivers/BSP/Components/LSM6DSL_ACC_GYRO_driver_HL.o
 .text.LSM6DSL_X_Set_Tap_Threshold
                0x0000000008003a68       0x10 Drivers/BSP/Components/LSM6DSL_ACC_GYRO_driver_HL.o
 .text.LSM6DSL_X_Get_Double_Tap_Detection_Status
                0x0000000008003a78       0x32 Drivers/BSP/Components/LSM6DSL_ACC_GYRO_driver_HL.o
 .text.LSM6DSL_X_Disable_Double_Tap_Detection
                0x0000000008003aaa       0x98 Drivers/BSP/Components/LSM6DSL_ACC_GYRO_driver_HL.o
 *fill*         0x0000000008003b42        0x2 
 .text.LSM6DSL_X_Enable_Double_Tap_Detection
                0x0000000008003b44       0xc8 Drivers/BSP/Components/LSM6DSL_ACC_GYRO_driver_HL.o
 .text.LSM6DSL_X_Get_Single_Tap_Detection_Status
                0x0000000008003c0c       0x32 Drivers/BSP/Components/LSM6DSL_ACC_GYRO_driver_HL.o
 .text.LSM6DSL_X_Disable_Single_Tap_Detection
                0x0000000008003c3e       0x7e Drivers/BSP/Components/LSM6DSL_ACC_GYRO_driver_HL.o
 .text.LSM6DSL_X_Enable_Single_Tap_Detection
                0x0000000008003cbc       0xb0 Drivers/BSP/Components/LSM6DSL_ACC_GYRO_driver_HL.o
 .text.LSM6DSL_X_Set_Wake_Up_Threshold
                0x0000000008003d6c       0x10 Drivers/BSP/Components/LSM6DSL_ACC_GYRO_driver_HL.o
 .text.LSM6DSL_X_Get_Wake_Up_Detection_Status
                0x0000000008003d7c       0x32 Drivers/BSP/Components/LSM6DSL_ACC_GYRO_driver_HL.o
 .text.LSM6DSL_X_Disable_Wake_Up_Detection
                0x0000000008003dae       0x4c Drivers/BSP/Components/LSM6DSL_ACC_GYRO_driver_HL.o
 *fill*         0x0000000008003dfa        0x2 
 .text.LSM6DSL_X_Enable_Wake_Up_Detection
                0x0000000008003dfc       0x7c Drivers/BSP/Components/LSM6DSL_ACC_GYRO_driver_HL.o
 .text.LSM6DSL_X_Get_Tilt_Detection_Status
                0x0000000008003e78       0x32 Drivers/BSP/Components/LSM6DSL_ACC_GYRO_driver_HL.o
 .text.LSM6DSL_X_Disable_Tilt_Detection
                0x0000000008003eaa       0x3e Drivers/BSP/Components/LSM6DSL_ACC_GYRO_driver_HL.o
 .text.LSM6DSL_X_Enable_Tilt_Detection
                0x0000000008003ee8       0x6a Drivers/BSP/Components/LSM6DSL_ACC_GYRO_driver_HL.o
 .text.LSM6DSL_X_Set_Pedometer_Threshold
                0x0000000008003f52       0x10 Drivers/BSP/Components/LSM6DSL_ACC_GYRO_driver_HL.o
 .text.LSM6DSL_X_Disable_Step_Counter_Reset
                0x0000000008003f62       0x12 Drivers/BSP/Components/LSM6DSL_ACC_GYRO_driver_HL.o
 .text.LSM6DSL_X_Enable_Step_Counter_Reset
                0x0000000008003f74       0x12 Drivers/BSP/Components/LSM6DSL_ACC_GYRO_driver_HL.o
 .text.LSM6DSL_X_Get_Step_Count
                0x0000000008003f86       0x10 Drivers/BSP/Components/LSM6DSL_ACC_GYRO_driver_HL.o
 .text.LSM6DSL_X_Get_Pedometer_Status
                0x0000000008003f96       0x32 Drivers/BSP/Components/LSM6DSL_ACC_GYRO_driver_HL.o
 .text.LSM6DSL_X_Disable_Pedometer
                0x0000000008003fc8       0x3e Drivers/BSP/Components/LSM6DSL_ACC_GYRO_driver_HL.o
 .text.LSM6DSL_X_Enable_Pedometer
                0x0000000008004006       0x58 Drivers/BSP/Components/LSM6DSL_ACC_GYRO_driver_HL.o
 .text.LSM6DSL_X_Set_Free_Fall_Threshold
                0x000000000800405e       0x10 Drivers/BSP/Components/LSM6DSL_ACC_GYRO_driver_HL.o
 .text.LSM6DSL_X_Get_Free_Fall_Detection_Status
                0x000000000800406e       0x32 Drivers/BSP/Components/LSM6DSL_ACC_GYRO_driver_HL.o
 .text.LSM6DSL_X_Disable_Free_Fall_Detection
                0x00000000080040a0       0x4c Drivers/BSP/Components/LSM6DSL_ACC_GYRO_driver_HL.o
 .text.LSM6DSL_X_Enable_Free_Fall_Detection
                0x00000000080040ec       0xa8 Drivers/BSP/Components/LSM6DSL_ACC_GYRO_driver_HL.o
 .text.LSM6DSL_G_Set_SelfTest
                0x0000000008004194       0x2a Drivers/BSP/Components/LSM6DSL_ACC_GYRO_driver_HL.o
 *fill*         0x00000000080041be        0x2 
 .text.LSM6DSL_G_Get_Sensitivity
                0x00000000080041c0       0x94 Drivers/BSP/Components/LSM6DSL_ACC_GYRO_driver_HL.o
 .text.LSM6DSL_FIFO_G_Get_Axis
                0x0000000008004254       0x4e Drivers/BSP/Components/LSM6DSL_ACC_GYRO_driver_HL.o
 *fill*         0x00000000080042a2        0x2 
 .text.LSM6DSL_G_Get_FS
                0x00000000080042a4       0x94 Drivers/BSP/Components/LSM6DSL_ACC_GYRO_driver_HL.o
 .text.LSM6DSL_FIFO_G_Set_Decimation
                0x0000000008004338       0x56 Drivers/BSP/Components/LSM6DSL_ACC_GYRO_driver_HL.o
 .text.LSM6DSL_X_Get_DRDY_Status
                0x000000000800438e       0x30 Drivers/BSP/Components/LSM6DSL_ACC_GYRO_driver_HL.o
 .text.LSM6DSL_Write_Reg
                0x00000000080043be       0x1e Drivers/BSP/Components/LSM6DSL_ACC_GYRO_driver_HL.o
 .text.LSM6DSL_X_Write_Reg
                0x00000000080043dc        0xe Drivers/BSP/Components/LSM6DSL_ACC_GYRO_driver_HL.o
 .text.LSM6DSL_G_Write_Reg
                0x00000000080043ea        0xe Drivers/BSP/Components/LSM6DSL_ACC_GYRO_driver_HL.o
 .text.LSM6DSL_X_Get_ODR
                0x00000000080043f8       0xd8 Drivers/BSP/Components/LSM6DSL_ACC_GYRO_driver_HL.o
 .text.LSM6DSL_X_Sensor_Disable
                0x00000000080044d0       0x2e Drivers/BSP/Components/LSM6DSL_ACC_GYRO_driver_HL.o
 .text.LSM6DSL_X_Get_Axes_Raw
                0x00000000080044fe       0x4a Drivers/BSP/Components/LSM6DSL_ACC_GYRO_driver_HL.o
 .text.LSM6DSL_X_Get_AxesRaw
                0x0000000008004548       0x28 Drivers/BSP/Components/LSM6DSL_ACC_GYRO_driver_HL.o
 .text.LSM6DSL_X_Get_Axes
                0x0000000008004570       0x74 Drivers/BSP/Components/LSM6DSL_ACC_GYRO_driver_HL.o
 .text.LSM6DSL_Get_WhoAmI
                0x00000000080045e4       0x10 Drivers/BSP/Components/LSM6DSL_ACC_GYRO_driver_HL.o
 .text.LSM6DSL_Check_WhoAmI
                0x00000000080045f4       0x2a Drivers/BSP/Components/LSM6DSL_ACC_GYRO_driver_HL.o
 .text.LSM6DSL_X_Check_WhoAmI
                0x000000000800461e        0x8 Drivers/BSP/Components/LSM6DSL_ACC_GYRO_driver_HL.o
 .text.LSM6DSL_X_DeInit
                0x0000000008004626       0x6e Drivers/BSP/Components/LSM6DSL_ACC_GYRO_driver_HL.o
 .text.LSM6DSL_G_Check_WhoAmI
                0x0000000008004694        0x8 Drivers/BSP/Components/LSM6DSL_ACC_GYRO_driver_HL.o
 .text.LSM6DSL_X_Get_WhoAmI
                0x000000000800469c        0x8 Drivers/BSP/Components/LSM6DSL_ACC_GYRO_driver_HL.o
 .text.LSM6DSL_G_Get_WhoAmI
                0x00000000080046a4        0x8 Drivers/BSP/Components/LSM6DSL_ACC_GYRO_driver_HL.o
 .text.LSM6DSL_X_Init
                0x00000000080046ac       0x68 Drivers/BSP/Components/LSM6DSL_ACC_GYRO_driver_HL.o
 .text.LSM6DSL_G_Get_DRDY_Status
                0x0000000008004714       0x32 Drivers/BSP/Components/LSM6DSL_ACC_GYRO_driver_HL.o
 *fill*         0x0000000008004746        0x2 
 .text.LSM6DSL_G_Set_FS_Value
                0x0000000008004748       0x8c Drivers/BSP/Components/LSM6DSL_ACC_GYRO_driver_HL.o
 .text.LSM6DSL_G_Set_FS
                0x00000000080047d4       0x24 Drivers/BSP/Components/LSM6DSL_ACC_GYRO_driver_HL.o
 .text.LSM6DSL_G_Set_ODR_Value_When_Enabled
                0x00000000080047f8       0xd0 Drivers/BSP/Components/LSM6DSL_ACC_GYRO_driver_HL.o
 .text.LSM6DSL_G_Set_ODR_Value
                0x00000000080048c8       0x24 Drivers/BSP/Components/LSM6DSL_ACC_GYRO_driver_HL.o
 .text.LSM6DSL_G_Sensor_Enable
                0x00000000080048ec       0x28 Drivers/BSP/Components/LSM6DSL_ACC_GYRO_driver_HL.o
 .text.LSM6DSL_G_Set_ODR_When_Enabled
                0x0000000008004914       0x30 Drivers/BSP/Components/LSM6DSL_ACC_GYRO_driver_HL.o
 .text.LSM6DSL_G_Set_ODR
                0x0000000008004944       0x24 Drivers/BSP/Components/LSM6DSL_ACC_GYRO_driver_HL.o
 .text.LSM6DSL_G_Init
                0x0000000008004968       0x68 Drivers/BSP/Components/LSM6DSL_ACC_GYRO_driver_HL.o
 .text.LSM6DSL_G_Get_ODR
                0x00000000080049d0       0xd8 Drivers/BSP/Components/LSM6DSL_ACC_GYRO_driver_HL.o
 .text.LSM6DSL_G_Sensor_Disable
                0x0000000008004aa8       0x2e Drivers/BSP/Components/LSM6DSL_ACC_GYRO_driver_HL.o
 .text.LSM6DSL_G_DeInit
                0x0000000008004ad6       0x28 Drivers/BSP/Components/LSM6DSL_ACC_GYRO_driver_HL.o
 .text.LSM6DSL_G_Get_Axes_Raw
                0x0000000008004afe       0x4a Drivers/BSP/Components/LSM6DSL_ACC_GYRO_driver_HL.o
 .text.LSM6DSL_G_Get_AxesRaw
                0x0000000008004b48       0x28 Drivers/BSP/Components/LSM6DSL_ACC_GYRO_driver_HL.o
 .text.LSM6DSL_G_Get_Axes
                0x0000000008004b70       0x74 Drivers/BSP/Components/LSM6DSL_ACC_GYRO_driver_HL.o
 .text.BSP_LED_Init
                0x0000000008004be4       0x50 Drivers/BSP/STM32F4xx-Nucleo/stm32f4xx_nucleo.o
                0x0000000008004be4                BSP_LED_Init
 .text.BSP_LED_On
                0x0000000008004c34       0x18 Drivers/BSP/STM32F4xx-Nucleo/stm32f4xx_nucleo.o
                0x0000000008004c34                BSP_LED_On
 .text.BSP_LED_Off
                0x0000000008004c4c       0x18 Drivers/BSP/STM32F4xx-Nucleo/stm32f4xx_nucleo.o
                0x0000000008004c4c                BSP_LED_Off
 .text.BSP_PB_GetState
                0x0000000008004c64       0x18 Drivers/BSP/STM32F4xx-Nucleo/stm32f4xx_nucleo.o
                0x0000000008004c64                BSP_PB_GetState
 .text.I2C_EXPBD_MspInit
                0x0000000008004c7c       0x88 Drivers/BSP/X_NUCLEO_IKS01A2/x_nucleo_iks01a2.o
 .text.I2C_EXPBD_Init
                0x0000000008004d04       0x4c Drivers/BSP/X_NUCLEO_IKS01A2/x_nucleo_iks01a2.o
 .text.I2C_EXPBD_Error
                0x0000000008004d50       0x14 Drivers/BSP/X_NUCLEO_IKS01A2/x_nucleo_iks01a2.o
 .text.I2C_EXPBD_WriteData
                0x0000000008004d64       0x34 Drivers/BSP/X_NUCLEO_IKS01A2/x_nucleo_iks01a2.o
 .text.I2C_EXPBD_ReadData
                0x0000000008004d98       0x34 Drivers/BSP/X_NUCLEO_IKS01A2/x_nucleo_iks01a2.o
 .text.Sensor_IO_Init
                0x0000000008004dcc       0x10 Drivers/BSP/X_NUCLEO_IKS01A2/x_nucleo_iks01a2.o
                0x0000000008004dcc                Sensor_IO_Init
 .text.LSM6DSL_Sensor_IO_ITConfig
                0x0000000008004ddc       0x94 Drivers/BSP/X_NUCLEO_IKS01A2/x_nucleo_iks01a2.o
                0x0000000008004ddc                LSM6DSL_Sensor_IO_ITConfig
 .text.Sensor_IO_Write
                0x0000000008004e70       0x7c Drivers/BSP/X_NUCLEO_IKS01A2/x_nucleo_iks01a2.o
                0x0000000008004e70                Sensor_IO_Write
 .text.Sensor_IO_Read
                0x0000000008004eec       0x7c Drivers/BSP/X_NUCLEO_IKS01A2/x_nucleo_iks01a2.o
                0x0000000008004eec                Sensor_IO_Read
 .text.BSP_LSM303AGR_ACCELERO_Init
                0x0000000008004f68       0x98 Drivers/BSP/X_NUCLEO_IKS01A2/x_nucleo_iks01a2_accelero.o
 .text.BSP_LSM6DSL_ACCELERO_Init
                0x0000000008005000       0x98 Drivers/BSP/X_NUCLEO_IKS01A2/x_nucleo_iks01a2_accelero.o
 .text.BSP_ACCELERO_Init
                0x0000000008005098       0x4c Drivers/BSP/X_NUCLEO_IKS01A2/x_nucleo_iks01a2_accelero.o
                0x0000000008005098                BSP_ACCELERO_Init
 .text.BSP_ACCELERO_Sensor_Enable
                0x00000000080050e4       0x1e Drivers/BSP/X_NUCLEO_IKS01A2/x_nucleo_iks01a2_accelero.o
                0x00000000080050e4                BSP_ACCELERO_Sensor_Enable
 .text.BSP_ACCELERO_Enable_Free_Fall_Detection_Ext
                0x0000000008005102       0x2a Drivers/BSP/X_NUCLEO_IKS01A2/x_nucleo_iks01a2_accelero.o
                0x0000000008005102                BSP_ACCELERO_Enable_Free_Fall_Detection_Ext
 .text.BSP_ACCELERO_Get_Event_Status_Ext
                0x000000000800512c       0x32 Drivers/BSP/X_NUCLEO_IKS01A2/x_nucleo_iks01a2_accelero.o
                0x000000000800512c                BSP_ACCELERO_Get_Event_Status_Ext
 *fill*         0x000000000800515e        0x2 
 .text.HAL_InitTick
                0x0000000008005160       0x2c Drivers/STM32F4xx_HAL_Driver/Src/stm32f4xx_hal.o
                0x0000000008005160                HAL_InitTick
 .text.HAL_Init
                0x000000000800518c       0x34 Drivers/STM32F4xx_HAL_Driver/Src/stm32f4xx_hal.o
                0x000000000800518c                HAL_Init
 .text.HAL_IncTick
                0x00000000080051c0       0x10 Drivers/STM32F4xx_HAL_Driver/Src/stm32f4xx_hal.o
                0x00000000080051c0                HAL_IncTick
 .text.HAL_GetTick
                0x00000000080051d0        0xc Drivers/STM32F4xx_HAL_Driver/Src/stm32f4xx_hal.o
                0x00000000080051d0                HAL_GetTick
 .text.HAL_Delay
                0x00000000080051dc       0x24 Drivers/STM32F4xx_HAL_Driver/Src/stm32f4xx_hal.o
                0x00000000080051dc                HAL_Delay
 .text.HAL_NVIC_SetPriorityGrouping
                0x0000000008005200       0x24 Drivers/STM32F4xx_HAL_Driver/Src/stm32f4xx_hal_cortex.o
                0x0000000008005200                HAL_NVIC_SetPriorityGrouping
 .text.HAL_NVIC_SetPriority
                0x0000000008005224       0x64 Drivers/STM32F4xx_HAL_Driver/Src/stm32f4xx_hal_cortex.o
                0x0000000008005224                HAL_NVIC_SetPriority
 .text.HAL_NVIC_EnableIRQ
                0x0000000008005288       0x18 Drivers/STM32F4xx_HAL_Driver/Src/stm32f4xx_hal_cortex.o
                0x0000000008005288                HAL_NVIC_EnableIRQ
 .text.HAL_SYSTICK_Config
                0x00000000080052a0       0x2c Drivers/STM32F4xx_HAL_Driver/Src/stm32f4xx_hal_cortex.o
                0x00000000080052a0                HAL_SYSTICK_Config
 .text.HAL_SYSTICK_CLKSourceConfig
                0x00000000080052cc       0x20 Drivers/STM32F4xx_HAL_Driver/Src/stm32f4xx_hal_cortex.o
                0x00000000080052cc                HAL_SYSTICK_CLKSourceConfig
 .text.HAL_SYSTICK_Callback
                0x00000000080052ec        0x2 Drivers/STM32F4xx_HAL_Driver/Src/stm32f4xx_hal_cortex.o
                0x00000000080052ec                HAL_SYSTICK_Callback
 .text.HAL_SYSTICK_IRQHandler
                0x00000000080052ee        0x8 Drivers/STM32F4xx_HAL_Driver/Src/stm32f4xx_hal_cortex.o
                0x00000000080052ee                HAL_SYSTICK_IRQHandler
 *fill*         0x00000000080052f6        0x2 
 .text.HAL_GPIO_Init
                0x00000000080052f8      0x1a8 Drivers/STM32F4xx_HAL_Driver/Src/stm32f4xx_hal_gpio.o
                0x00000000080052f8                HAL_GPIO_Init
 .text.HAL_GPIO_DeInit
                0x00000000080054a0       0xfc Drivers/STM32F4xx_HAL_Driver/Src/stm32f4xx_hal_gpio.o
                0x00000000080054a0                HAL_GPIO_DeInit
 .text.HAL_GPIO_ReadPin
                0x000000000800559c        0xe Drivers/STM32F4xx_HAL_Driver/Src/stm32f4xx_hal_gpio.o
                0x000000000800559c                HAL_GPIO_ReadPin
 .text.HAL_GPIO_WritePin
                0x00000000080055aa        0xc Drivers/STM32F4xx_HAL_Driver/Src/stm32f4xx_hal_gpio.o
                0x00000000080055aa                HAL_GPIO_WritePin
 *fill*         0x00000000080055b6        0x2 
 .text.HAL_GPIO_EXTI_IRQHandler
                0x00000000080055b8       0x1c Drivers/STM32F4xx_HAL_Driver/Src/stm32f4xx_hal_gpio.o
                0x00000000080055b8                HAL_GPIO_EXTI_IRQHandler
 .text.I2C_IsAcknowledgeFailed
                0x00000000080055d4       0x2a Drivers/STM32F4xx_HAL_Driver/Src/stm32f4xx_hal_i2c.o
 .text.I2C_WaitOnFlagUntilTimeout
                0x00000000080055fe       0x68 Drivers/STM32F4xx_HAL_Driver/Src/stm32f4xx_hal_i2c.o
 .text.I2C_WaitOnMasterAddressFlagUntilTimeout
                0x0000000008005666       0x90 Drivers/STM32F4xx_HAL_Driver/Src/stm32f4xx_hal_i2c.o
 *fill*         0x00000000080056f6        0x2 
 .text.I2C_MasterRequestWrite
                0x00000000080056f8       0xbc Drivers/STM32F4xx_HAL_Driver/Src/stm32f4xx_hal_i2c.o
 .text.I2C_WaitOnTXEFlagUntilTimeout
                0x00000000080057b4       0x4e Drivers/STM32F4xx_HAL_Driver/Src/stm32f4xx_hal_i2c.o
 *fill*         0x0000000008005802        0x2 
 .text.I2C_RequestMemoryWrite
                0x0000000008005804       0xd4 Drivers/STM32F4xx_HAL_Driver/Src/stm32f4xx_hal_i2c.o
 .text.I2C_RequestMemoryRead
                0x00000000080058d8      0x148 Drivers/STM32F4xx_HAL_Driver/Src/stm32f4xx_hal_i2c.o
 .text.I2C_WaitOnBTFFlagUntilTimeout
                0x0000000008005a20       0x4e Drivers/STM32F4xx_HAL_Driver/Src/stm32f4xx_hal_i2c.o
 .text.I2C_WaitOnRXNEFlagUntilTimeout
                0x0000000008005a6e       0x5c Drivers/STM32F4xx_HAL_Driver/Src/stm32f4xx_hal_i2c.o
 *fill*         0x0000000008005aca        0x2 
 .text.HAL_I2C_Init
                0x0000000008005acc      0x11c Drivers/STM32F4xx_HAL_Driver/Src/stm32f4xx_hal_i2c.o
                0x0000000008005acc                HAL_I2C_Init
 .text.HAL_I2C_DeInit
                0x0000000008005be8       0x32 Drivers/STM32F4xx_HAL_Driver/Src/stm32f4xx_hal_i2c.o
                0x0000000008005be8                HAL_I2C_DeInit
 *fill*         0x0000000008005c1a        0x2 
 .text.HAL_I2C_Master_Transmit
                0x0000000008005c1c      0x184 Drivers/STM32F4xx_HAL_Driver/Src/stm32f4xx_hal_i2c.o
                0x0000000008005c1c                HAL_I2C_Master_Transmit
 .text.HAL_I2C_Mem_Write
                0x0000000008005da0      0x17c Drivers/STM32F4xx_HAL_Driver/Src/stm32f4xx_hal_i2c.o
                0x0000000008005da0                HAL_I2C_Mem_Write
 .text.HAL_I2C_Mem_Read
                0x0000000008005f1c      0x2f4 Drivers/STM32F4xx_HAL_Driver/Src/stm32f4xx_hal_i2c.o
                0x0000000008005f1c                HAL_I2C_Mem_Read
 .text.HAL_I2C_IsDeviceReady
                0x0000000008006210      0x18c Drivers/STM32F4xx_HAL_Driver/Src/stm32f4xx_hal_i2c.o
                0x0000000008006210                HAL_I2C_IsDeviceReady
 .text.HAL_I2C_GetState
                0x000000000800639c        0x6 Drivers/STM32F4xx_HAL_Driver/Src/stm32f4xx_hal_i2c.o
                0x000000000800639c                HAL_I2C_GetState
 *fill*         0x00000000080063a2        0x2 
 .text.HAL_RCC_OscConfig
                0x00000000080063a4      0x3b0 Drivers/STM32F4xx_HAL_Driver/Src/stm32f4xx_hal_rcc.o
                0x00000000080063a4                HAL_RCC_OscConfig
 .text.HAL_RCC_GetSysClockFreq
                0x0000000008006754       0x94 Drivers/STM32F4xx_HAL_Driver/Src/stm32f4xx_hal_rcc.o
                0x0000000008006754                HAL_RCC_GetSysClockFreq
 .text.HAL_RCC_ClockConfig
                0x00000000080067e8      0x19c Drivers/STM32F4xx_HAL_Driver/Src/stm32f4xx_hal_rcc.o
                0x00000000080067e8                HAL_RCC_ClockConfig
 .text.HAL_RCC_GetHCLKFreq
                0x0000000008006984        0xc Drivers/STM32F4xx_HAL_Driver/Src/stm32f4xx_hal_rcc.o
                0x0000000008006984                HAL_RCC_GetHCLKFreq
 .text.HAL_RCC_GetPCLK1Freq
                0x0000000008006990       0x2c Drivers/STM32F4xx_HAL_Driver/Src/stm32f4xx_hal_rcc.o
                0x0000000008006990                HAL_RCC_GetPCLK1Freq
 .text.HAL_RCC_GetPCLK2Freq
                0x00000000080069bc       0x2c Drivers/STM32F4xx_HAL_Driver/Src/stm32f4xx_hal_rcc.o
                0x00000000080069bc                HAL_RCC_GetPCLK2Freq
 .text.TIM_TI1_ConfigInputStage
                0x00000000080069e8       0x26 Drivers/STM32F4xx_HAL_Driver/Src/stm32f4xx_hal_tim.o
 .text.TIM_TI2_ConfigInputStage
                0x0000000008006a0e       0x28 Drivers/STM32F4xx_HAL_Driver/Src/stm32f4xx_hal_tim.o
 .text.TIM_ITRx_SetConfig
                0x0000000008006a36       0x10 Drivers/STM32F4xx_HAL_Driver/Src/stm32f4xx_hal_tim.o
 .text.TIM_ETR_SetConfig
                0x0000000008006a46       0x18 Drivers/STM32F4xx_HAL_Driver/Src/stm32f4xx_hal_tim.o
 .text.HAL_TIM_Base_Start_IT
                0x0000000008006a5e       0x18 Drivers/STM32F4xx_HAL_Driver/Src/stm32f4xx_hal_tim.o
                0x0000000008006a5e                HAL_TIM_Base_Start_IT
 .text.HAL_TIM_Base_Stop_IT
                0x0000000008006a76       0x2c Drivers/STM32F4xx_HAL_Driver/Src/stm32f4xx_hal_tim.o
                0x0000000008006a76                HAL_TIM_Base_Stop_IT
 .text.HAL_TIM_ConfigClockSource
                0x0000000008006aa2      0x108 Drivers/STM32F4xx_HAL_Driver/Src/stm32f4xx_hal_tim.o
                0x0000000008006aa2                HAL_TIM_ConfigClockSource
 .text.HAL_TIM_PeriodElapsedCallback
                0x0000000008006baa        0x2 Drivers/STM32F4xx_HAL_Driver/Src/stm32f4xx_hal_tim.o
                0x0000000008006baa                HAL_TIM_PeriodElapsedCallback
 .text.HAL_TIM_OC_DelayElapsedCallback
                0x0000000008006bac        0x2 Drivers/STM32F4xx_HAL_Driver/Src/stm32f4xx_hal_tim.o
                0x0000000008006bac                HAL_TIM_OC_DelayElapsedCallback
 .text.HAL_TIM_IC_CaptureCallback
                0x0000000008006bae        0x2 Drivers/STM32F4xx_HAL_Driver/Src/stm32f4xx_hal_tim.o
                0x0000000008006bae                HAL_TIM_IC_CaptureCallback
 .text.HAL_TIM_PWM_PulseFinishedCallback
                0x0000000008006bb0        0x2 Drivers/STM32F4xx_HAL_Driver/Src/stm32f4xx_hal_tim.o
                0x0000000008006bb0                HAL_TIM_PWM_PulseFinishedCallback
 .text.HAL_TIM_TriggerCallback
                0x0000000008006bb2        0x2 Drivers/STM32F4xx_HAL_Driver/Src/stm32f4xx_hal_tim.o
                0x0000000008006bb2                HAL_TIM_TriggerCallback
 .text.HAL_TIM_IRQHandler
                0x0000000008006bb4      0x17a Drivers/STM32F4xx_HAL_Driver/Src/stm32f4xx_hal_tim.o
                0x0000000008006bb4                HAL_TIM_IRQHandler
 *fill*         0x0000000008006d2e        0x2 
 .text.TIM_Base_SetConfig
                0x0000000008006d30       0xd0 Drivers/STM32F4xx_HAL_Driver/Src/stm32f4xx_hal_tim.o
                0x0000000008006d30                TIM_Base_SetConfig
 .text.HAL_TIM_Base_Init
                0x0000000008006e00       0x32 Drivers/STM32F4xx_HAL_Driver/Src/stm32f4xx_hal_tim.o
                0x0000000008006e00                HAL_TIM_Base_Init
 .text.HAL_TIMEx_MasterConfigSynchronization
                0x0000000008006e32       0x52 Drivers/STM32F4xx_HAL_Driver/Src/stm32f4xx_hal_tim_ex.o
                0x0000000008006e32                HAL_TIMEx_MasterConfigSynchronization
 .text.HAL_TIMEx_CommutationCallback
                0x0000000008006e84        0x2 Drivers/STM32F4xx_HAL_Driver/Src/stm32f4xx_hal_tim_ex.o
                0x0000000008006e84                HAL_TIMEx_CommutationCallback
 .text.HAL_TIMEx_BreakCallback
                0x0000000008006e86        0x2 Drivers/STM32F4xx_HAL_Driver/Src/stm32f4xx_hal_tim_ex.o
                0x0000000008006e86                HAL_TIMEx_BreakCallback
 .text.UART_SetConfig
                0x0000000008006e88      0x344 Drivers/STM32F4xx_HAL_Driver/Src/stm32f4xx_hal_uart.o
 .text.UART_WaitOnFlagUntilTimeout
                0x00000000080071cc       0x64 Drivers/STM32F4xx_HAL_Driver/Src/stm32f4xx_hal_uart.o
 .text.HAL_UART_Init
                0x0000000008007230       0x5e Drivers/STM32F4xx_HAL_Driver/Src/stm32f4xx_hal_uart.o
                0x0000000008007230                HAL_UART_Init
 .text.HAL_UART_Transmit
                0x000000000800728e       0xe2 Drivers/STM32F4xx_HAL_Driver/Src/stm32f4xx_hal_uart.o
                0x000000000800728e                HAL_UART_Transmit
 .text.MX_GPIO_Init
                0x0000000008007370       0xf8 Src/main.o
 .text.blinkLED
                0x0000000008007468       0x2a Src/main.o
 *fill*         0x0000000008007492        0x2 
 .text.print_UART
                0x0000000008007494       0x24 Src/main.o
 .text.i2c_scan
                0x00000000080074b8       0x80 Src/main.o
 .text.HAL_GPIO_EXTI_Callback
                0x0000000008007538       0x34 Src/main.o
                0x0000000008007538                HAL_GPIO_EXTI_Callback
 .text._Error_Handler
                0x000000000800756c       0x34 Src/main.o
                0x000000000800756c                _Error_Handler
 .text.MX_USART2_UART_Init
                0x00000000080075a0       0x3c Src/main.o
 .text.MX_TIM1_Init
                0x00000000080075dc       0x78 Src/main.o
 .text.MX_I2C3_Init
                0x0000000008007654       0x44 Src/main.o
 .text.initializeAllSensors
                0x0000000008007698       0x44 Src/main.o
 .text.enableAllSensors
                0x00000000080076dc       0x48 Src/main.o
 .text.SystemClock_Config
                0x0000000008007724       0xc4 Src/main.o
                0x0000000008007724                SystemClock_Config
 .text.main     0x00000000080077e8      0x210 Src/main.o
                0x00000000080077e8                main
 .text.HAL_MspInit
                0x00000000080079f8       0x5e Src/stm32f4xx_hal_msp.o
                0x00000000080079f8                HAL_MspInit
 *fill*         0x0000000008007a56        0x2 
 .text.HAL_I2C_MspInit
                0x0000000008007a58       0x74 Src/stm32f4xx_hal_msp.o
                0x0000000008007a58                HAL_I2C_MspInit
 .text.HAL_I2C_MspDeInit
                0x0000000008007acc       0x3c Src/stm32f4xx_hal_msp.o
                0x0000000008007acc                HAL_I2C_MspDeInit
 .text.HAL_TIM_Base_MspInit
                0x0000000008007b08       0x40 Src/stm32f4xx_hal_msp.o
                0x0000000008007b08                HAL_TIM_Base_MspInit
 .text.HAL_UART_MspInit
                0x0000000008007b48       0x50 Src/stm32f4xx_hal_msp.o
                0x0000000008007b48                HAL_UART_MspInit
 .text.SVC_Handler
                0x0000000008007b98        0x2 Src/stm32f4xx_it.o
                0x0000000008007b98                SVC_Handler
 .text.PendSV_Handler
                0x0000000008007b9a        0x2 Src/stm32f4xx_it.o
                0x0000000008007b9a                PendSV_Handler
 .text.SysTick_Handler
                0x0000000008007b9c        0xc Src/stm32f4xx_it.o
                0x0000000008007b9c                SysTick_Handler
 .text.EXTI9_5_IRQHandler
                0x0000000008007ba8        0xa Src/stm32f4xx_it.o
                0x0000000008007ba8                EXTI9_5_IRQHandler
 *fill*         0x0000000008007bb2        0x2 
 .text.TIM1_UP_TIM10_IRQHandler
                0x0000000008007bb4       0x18 Src/stm32f4xx_it.o
                0x0000000008007bb4                TIM1_UP_TIM10_IRQHandler
 .text.EXTI15_10_IRQHandler
                0x0000000008007bcc        0xc Src/stm32f4xx_it.o
                0x0000000008007bcc                EXTI15_10_IRQHandler
 .text.SystemInit
                0x0000000008007bd8       0x4c Src/system_stm32f4xx.o
                0x0000000008007bd8                SystemInit
 .text.Reset_Handler
                0x0000000008007c24       0x50 startup/startup_stm32f401xe.o
                0x0000000008007c24                Reset_Handler
 .text.Default_Handler
                0x0000000008007c74        0x2 startup/startup_stm32f401xe.o
                0x0000000008007c74                RTC_Alarm_IRQHandler
                0x0000000008007c74                EXTI2_IRQHandler
                0x0000000008007c74                DebugMon_Handler
                0x0000000008007c74                SPI4_IRQHandler
                0x0000000008007c74                TIM1_CC_IRQHandler
                0x0000000008007c74                DMA2_Stream5_IRQHandler
                0x0000000008007c74                HardFault_Handler
                0x0000000008007c74                DMA1_Stream5_IRQHandler
                0x0000000008007c74                PVD_IRQHandler
                0x0000000008007c74                SDIO_IRQHandler
                0x0000000008007c74                TAMP_STAMP_IRQHandler
                0x0000000008007c74                NMI_Handler
                0x0000000008007c74                EXTI3_IRQHandler
                0x0000000008007c74                I2C3_ER_IRQHandler
                0x0000000008007c74                EXTI0_IRQHandler
                0x0000000008007c74                I2C2_EV_IRQHandler
                0x0000000008007c74                DMA1_Stream2_IRQHandler
                0x0000000008007c74                FPU_IRQHandler
                0x0000000008007c74                UsageFault_Handler
                0x0000000008007c74                DMA2_Stream2_IRQHandler
                0x0000000008007c74                SPI1_IRQHandler
                0x0000000008007c74                TIM1_BRK_TIM9_IRQHandler
                0x0000000008007c74                DMA2_Stream3_IRQHandler
                0x0000000008007c74                USART6_IRQHandler
                0x0000000008007c74                DMA2_Stream0_IRQHandler
                0x0000000008007c74                TIM4_IRQHandler
                0x0000000008007c74                I2C1_EV_IRQHandler
                0x0000000008007c74                DMA1_Stream6_IRQHandler
                0x0000000008007c74                DMA1_Stream1_IRQHandler
                0x0000000008007c74                TIM3_IRQHandler
                0x0000000008007c74                RCC_IRQHandler
                0x0000000008007c74                Default_Handler
                0x0000000008007c74                ADC_IRQHandler
                0x0000000008007c74                DMA1_Stream7_IRQHandler
                0x0000000008007c74                TIM5_IRQHandler
                0x0000000008007c74                DMA2_Stream7_IRQHandler
                0x0000000008007c74                I2C3_EV_IRQHandler
                0x0000000008007c74                RTC_WKUP_IRQHandler
                0x0000000008007c74                SPI2_IRQHandler
                0x0000000008007c74                MemManage_Handler
                0x0000000008007c74                DMA1_Stream0_IRQHandler
                0x0000000008007c74                EXTI4_IRQHandler
                0x0000000008007c74                WWDG_IRQHandler
                0x0000000008007c74                TIM2_IRQHandler
                0x0000000008007c74                OTG_FS_WKUP_IRQHandler
                0x0000000008007c74                TIM1_TRG_COM_TIM11_IRQHandler
                0x0000000008007c74                EXTI1_IRQHandler
                0x0000000008007c74                USART2_IRQHandler
                0x0000000008007c74                I2C2_ER_IRQHandler
                0x0000000008007c74                DMA2_Stream1_IRQHandler
                0x0000000008007c74                FLASH_IRQHandler
                0x0000000008007c74                DMA2_Stream4_IRQHandler
                0x0000000008007c74                BusFault_Handler
                0x0000000008007c74                USART1_IRQHandler
                0x0000000008007c74                OTG_FS_IRQHandler
                0x0000000008007c74                SPI3_IRQHandler
                0x0000000008007c74                DMA1_Stream4_IRQHandler
                0x0000000008007c74                I2C1_ER_IRQHandler
                0x0000000008007c74                DMA2_Stream6_IRQHandler
                0x0000000008007c74                DMA1_Stream3_IRQHandler
 *fill*         0x0000000008007c76        0x2 
 .text.__libc_init_array
                0x0000000008007c78       0x48 /home/ps/Ac6/SystemWorkbench/plugins/fr.ac6.mcu.externaltools.arm-none.linux64_1.15.0.201708311556/tools/compiler/bin/../lib/gcc/arm-none-eabi/6.3.1/../../../../arm-none-eabi/lib/thumb/v7e-m/fpv4-sp/hard/libc_nano.a(lib_a-init.o)
                0x0000000008007c78                __libc_init_array
 .text.memset   0x0000000008007cc0       0x10 /home/ps/Ac6/SystemWorkbench/plugins/fr.ac6.mcu.externaltools.arm-none.linux64_1.15.0.201708311556/tools/compiler/bin/../lib/gcc/arm-none-eabi/6.3.1/../../../../arm-none-eabi/lib/thumb/v7e-m/fpv4-sp/hard/libc_nano.a(lib_a-memset.o)
                0x0000000008007cc0                memset
 .text.__cvt    0x0000000008007cd0       0xc2 /home/ps/Ac6/SystemWorkbench/plugins/fr.ac6.mcu.externaltools.arm-none.linux64_1.15.0.201708311556/tools/compiler/bin/../lib/gcc/arm-none-eabi/6.3.1/../../../../arm-none-eabi/lib/thumb/v7e-m/fpv4-sp/hard/libc_nano.a(lib_a-nano-vfprintf_float.o)
                0x0000000008007cd0                __cvt
 .text.__exponent
                0x0000000008007d92       0x6a /home/ps/Ac6/SystemWorkbench/plugins/fr.ac6.mcu.externaltools.arm-none.linux64_1.15.0.201708311556/tools/compiler/bin/../lib/gcc/arm-none-eabi/6.3.1/../../../../arm-none-eabi/lib/thumb/v7e-m/fpv4-sp/hard/libc_nano.a(lib_a-nano-vfprintf_float.o)
                0x0000000008007d92                __exponent
 .text._printf_float
                0x0000000008007dfc      0x480 /home/ps/Ac6/SystemWorkbench/plugins/fr.ac6.mcu.externaltools.arm-none.linux64_1.15.0.201708311556/tools/compiler/bin/../lib/gcc/arm-none-eabi/6.3.1/../../../../arm-none-eabi/lib/thumb/v7e-m/fpv4-sp/hard/libc_nano.a(lib_a-nano-vfprintf_float.o)
                0x0000000008007dfc                _printf_float
 .text._printf_common
                0x000000000800827c       0xec /home/ps/Ac6/SystemWorkbench/plugins/fr.ac6.mcu.externaltools.arm-none.linux64_1.15.0.201708311556/tools/compiler/bin/../lib/gcc/arm-none-eabi/6.3.1/../../../../arm-none-eabi/lib/thumb/v7e-m/fpv4-sp/hard/libc_nano.a(lib_a-nano-vfprintf_i.o)
                0x000000000800827c                _printf_common
 .text._printf_i
                0x0000000008008368      0x240 /home/ps/Ac6/SystemWorkbench/plugins/fr.ac6.mcu.externaltools.arm-none.linux64_1.15.0.201708311556/tools/compiler/bin/../lib/gcc/arm-none-eabi/6.3.1/../../../../arm-none-eabi/lib/thumb/v7e-m/fpv4-sp/hard/libc_nano.a(lib_a-nano-vfprintf_i.o)
                0x0000000008008368                _printf_i
 .text.sprintf  0x00000000080085a8       0x48 /home/ps/Ac6/SystemWorkbench/plugins/fr.ac6.mcu.externaltools.arm-none.linux64_1.15.0.201708311556/tools/compiler/bin/../lib/gcc/arm-none-eabi/6.3.1/../../../../arm-none-eabi/lib/thumb/v7e-m/fpv4-sp/hard/libc_nano.a(lib_a-sprintf.o)
                0x00000000080085a8                sprintf
                0x00000000080085a8                siprintf
 .text.quorem   0x00000000080085f0      0x118 /home/ps/Ac6/SystemWorkbench/plugins/fr.ac6.mcu.externaltools.arm-none.linux64_1.15.0.201708311556/tools/compiler/bin/../lib/gcc/arm-none-eabi/6.3.1/../../../../arm-none-eabi/lib/thumb/v7e-m/fpv4-sp/hard/libc_nano.a(lib_a-dtoa.o)
 .text._dtoa_r  0x0000000008008708      0xb9c /home/ps/Ac6/SystemWorkbench/plugins/fr.ac6.mcu.externaltools.arm-none.linux64_1.15.0.201708311556/tools/compiler/bin/../lib/gcc/arm-none-eabi/6.3.1/../../../../arm-none-eabi/lib/thumb/v7e-m/fpv4-sp/hard/libc_nano.a(lib_a-dtoa.o)
                0x0000000008008708                _dtoa_r
 .text._localeconv_r
                0x00000000080092a4       0x1c /home/ps/Ac6/SystemWorkbench/plugins/fr.ac6.mcu.externaltools.arm-none.linux64_1.15.0.201708311556/tools/compiler/bin/../lib/gcc/arm-none-eabi/6.3.1/../../../../arm-none-eabi/lib/thumb/v7e-m/fpv4-sp/hard/libc_nano.a(lib_a-localeconv.o)
                0x00000000080092a4                _localeconv_r
 .text.malloc   0x00000000080092c0       0x10 /home/ps/Ac6/SystemWorkbench/plugins/fr.ac6.mcu.externaltools.arm-none.linux64_1.15.0.201708311556/tools/compiler/bin/../lib/gcc/arm-none-eabi/6.3.1/../../../../arm-none-eabi/lib/thumb/v7e-m/fpv4-sp/hard/libc_nano.a(lib_a-malloc.o)
                0x00000000080092c0                malloc
 .text.memcpy   0x00000000080092d0       0x16 /home/ps/Ac6/SystemWorkbench/plugins/fr.ac6.mcu.externaltools.arm-none.linux64_1.15.0.201708311556/tools/compiler/bin/../lib/gcc/arm-none-eabi/6.3.1/../../../../arm-none-eabi/lib/thumb/v7e-m/fpv4-sp/hard/libc_nano.a(lib_a-memcpy-stub.o)
                0x00000000080092d0                memcpy
 .text._Balloc  0x00000000080092e6       0x68 /home/ps/Ac6/SystemWorkbench/plugins/fr.ac6.mcu.externaltools.arm-none.linux64_1.15.0.201708311556/tools/compiler/bin/../lib/gcc/arm-none-eabi/6.3.1/../../../../arm-none-eabi/lib/thumb/v7e-m/fpv4-sp/hard/libc_nano.a(lib_a-mprec.o)
                0x00000000080092e6                _Balloc
 .text._Bfree   0x000000000800934e       0x2e /home/ps/Ac6/SystemWorkbench/plugins/fr.ac6.mcu.externaltools.arm-none.linux64_1.15.0.201708311556/tools/compiler/bin/../lib/gcc/arm-none-eabi/6.3.1/../../../../arm-none-eabi/lib/thumb/v7e-m/fpv4-sp/hard/libc_nano.a(lib_a-mprec.o)
                0x000000000800934e                _Bfree
 .text.__multadd
                0x000000000800937c       0x76 /home/ps/Ac6/SystemWorkbench/plugins/fr.ac6.mcu.externaltools.arm-none.linux64_1.15.0.201708311556/tools/compiler/bin/../lib/gcc/arm-none-eabi/6.3.1/../../../../arm-none-eabi/lib/thumb/v7e-m/fpv4-sp/hard/libc_nano.a(lib_a-mprec.o)
                0x000000000800937c                __multadd
 .text.__hi0bits
                0x00000000080093f2       0x3e /home/ps/Ac6/SystemWorkbench/plugins/fr.ac6.mcu.externaltools.arm-none.linux64_1.15.0.201708311556/tools/compiler/bin/../lib/gcc/arm-none-eabi/6.3.1/../../../../arm-none-eabi/lib/thumb/v7e-m/fpv4-sp/hard/libc_nano.a(lib_a-mprec.o)
                0x00000000080093f2                __hi0bits
 .text.__lo0bits
                0x0000000008009430       0x5e /home/ps/Ac6/SystemWorkbench/plugins/fr.ac6.mcu.externaltools.arm-none.linux64_1.15.0.201708311556/tools/compiler/bin/../lib/gcc/arm-none-eabi/6.3.1/../../../../arm-none-eabi/lib/thumb/v7e-m/fpv4-sp/hard/libc_nano.a(lib_a-mprec.o)
                0x0000000008009430                __lo0bits
 .text.__i2b    0x000000000800948e       0x12 /home/ps/Ac6/SystemWorkbench/plugins/fr.ac6.mcu.externaltools.arm-none.linux64_1.15.0.201708311556/tools/compiler/bin/../lib/gcc/arm-none-eabi/6.3.1/../../../../arm-none-eabi/lib/thumb/v7e-m/fpv4-sp/hard/libc_nano.a(lib_a-mprec.o)
                0x000000000800948e                __i2b
 .text.__multiply
                0x00000000080094a0      0x11a /home/ps/Ac6/SystemWorkbench/plugins/fr.ac6.mcu.externaltools.arm-none.linux64_1.15.0.201708311556/tools/compiler/bin/../lib/gcc/arm-none-eabi/6.3.1/../../../../arm-none-eabi/lib/thumb/v7e-m/fpv4-sp/hard/libc_nano.a(lib_a-mprec.o)
                0x00000000080094a0                __multiply
 *fill*         0x00000000080095ba        0x2 
 .text.__pow5mult
                0x00000000080095bc       0x9c /home/ps/Ac6/SystemWorkbench/plugins/fr.ac6.mcu.externaltools.arm-none.linux64_1.15.0.201708311556/tools/compiler/bin/../lib/gcc/arm-none-eabi/6.3.1/../../../../arm-none-eabi/lib/thumb/v7e-m/fpv4-sp/hard/libc_nano.a(lib_a-mprec.o)
                0x00000000080095bc                __pow5mult
 .text.__lshift
                0x0000000008009658       0xa2 /home/ps/Ac6/SystemWorkbench/plugins/fr.ac6.mcu.externaltools.arm-none.linux64_1.15.0.201708311556/tools/compiler/bin/../lib/gcc/arm-none-eabi/6.3.1/../../../../arm-none-eabi/lib/thumb/v7e-m/fpv4-sp/hard/libc_nano.a(lib_a-mprec.o)
                0x0000000008009658                __lshift
 .text.__mcmp   0x00000000080096fa       0x34 /home/ps/Ac6/SystemWorkbench/plugins/fr.ac6.mcu.externaltools.arm-none.linux64_1.15.0.201708311556/tools/compiler/bin/../lib/gcc/arm-none-eabi/6.3.1/../../../../arm-none-eabi/lib/thumb/v7e-m/fpv4-sp/hard/libc_nano.a(lib_a-mprec.o)
                0x00000000080096fa                __mcmp
 .text.__mdiff  0x000000000800972e       0xbc /home/ps/Ac6/SystemWorkbench/plugins/fr.ac6.mcu.externaltools.arm-none.linux64_1.15.0.201708311556/tools/compiler/bin/../lib/gcc/arm-none-eabi/6.3.1/../../../../arm-none-eabi/lib/thumb/v7e-m/fpv4-sp/hard/libc_nano.a(lib_a-mprec.o)
                0x000000000800972e                __mdiff
 .text.__d2b    0x00000000080097ea       0x9e /home/ps/Ac6/SystemWorkbench/plugins/fr.ac6.mcu.externaltools.arm-none.linux64_1.15.0.201708311556/tools/compiler/bin/../lib/gcc/arm-none-eabi/6.3.1/../../../../arm-none-eabi/lib/thumb/v7e-m/fpv4-sp/hard/libc_nano.a(lib_a-mprec.o)
                0x00000000080097ea                __d2b
 .text._calloc_r
                0x0000000008009888       0x1c /home/ps/Ac6/SystemWorkbench/plugins/fr.ac6.mcu.externaltools.arm-none.linux64_1.15.0.201708311556/tools/compiler/bin/../lib/gcc/arm-none-eabi/6.3.1/../../../../arm-none-eabi/lib/thumb/v7e-m/fpv4-sp/hard/libc_nano.a(lib_a-nano-callocr.o)
                0x0000000008009888                _calloc_r
 .text._free_r  0x00000000080098a4       0x9c /home/ps/Ac6/SystemWorkbench/plugins/fr.ac6.mcu.externaltools.arm-none.linux64_1.15.0.201708311556/tools/compiler/bin/../lib/gcc/arm-none-eabi/6.3.1/../../../../arm-none-eabi/lib/thumb/v7e-m/fpv4-sp/hard/libc_nano.a(lib_a-nano-freer.o)
                0x00000000080098a4                _free_r
 .text._malloc_r
                0x0000000008009940       0xbc /home/ps/Ac6/SystemWorkbench/plugins/fr.ac6.mcu.externaltools.arm-none.linux64_1.15.0.201708311556/tools/compiler/bin/../lib/gcc/arm-none-eabi/6.3.1/../../../../arm-none-eabi/lib/thumb/v7e-m/fpv4-sp/hard/libc_nano.a(lib_a-nano-mallocr.o)
                0x0000000008009940                _malloc_r
 .text.__ssputs_r
                0x00000000080099fc       0xb6 /home/ps/Ac6/SystemWorkbench/plugins/fr.ac6.mcu.externaltools.arm-none.linux64_1.15.0.201708311556/tools/compiler/bin/../lib/gcc/arm-none-eabi/6.3.1/../../../../arm-none-eabi/lib/thumb/v7e-m/fpv4-sp/hard/libc_nano.a(lib_a-nano-svfprintf.o)
                0x00000000080099fc                __ssputs_r
 *fill*         0x0000000008009ab2        0x2 
 .text._svfprintf_r
                0x0000000008009ab4      0x1e8 /home/ps/Ac6/SystemWorkbench/plugins/fr.ac6.mcu.externaltools.arm-none.linux64_1.15.0.201708311556/tools/compiler/bin/../lib/gcc/arm-none-eabi/6.3.1/../../../../arm-none-eabi/lib/thumb/v7e-m/fpv4-sp/hard/libc_nano.a(lib_a-nano-svfprintf.o)
                0x0000000008009ab4                _svfprintf_r
                0x0000000008009ab4                _svfiprintf_r
 .text._sbrk_r  0x0000000008009c9c       0x20 /home/ps/Ac6/SystemWorkbench/plugins/fr.ac6.mcu.externaltools.arm-none.linux64_1.15.0.201708311556/tools/compiler/bin/../lib/gcc/arm-none-eabi/6.3.1/../../../../arm-none-eabi/lib/thumb/v7e-m/fpv4-sp/hard/libc_nano.a(lib_a-sbrkr.o)
                0x0000000008009c9c                _sbrk_r
 .text.__ascii_mbtowc
                0x0000000008009cbc       0x24 /home/ps/Ac6/SystemWorkbench/plugins/fr.ac6.mcu.externaltools.arm-none.linux64_1.15.0.201708311556/tools/compiler/bin/../lib/gcc/arm-none-eabi/6.3.1/../../../../arm-none-eabi/lib/thumb/v7e-m/fpv4-sp/hard/libc_nano.a(lib_a-mbtowc_r.o)
                0x0000000008009cbc                __ascii_mbtowc
 .text.memmove  0x0000000008009ce0       0x34 /home/ps/Ac6/SystemWorkbench/plugins/fr.ac6.mcu.externaltools.arm-none.linux64_1.15.0.201708311556/tools/compiler/bin/../lib/gcc/arm-none-eabi/6.3.1/../../../../arm-none-eabi/lib/thumb/v7e-m/fpv4-sp/hard/libc_nano.a(lib_a-memmove.o)
                0x0000000008009ce0                memmove
 .text.__malloc_lock
                0x0000000008009d14        0x2 /home/ps/Ac6/SystemWorkbench/plugins/fr.ac6.mcu.externaltools.arm-none.linux64_1.15.0.201708311556/tools/compiler/bin/../lib/gcc/arm-none-eabi/6.3.1/../../../../arm-none-eabi/lib/thumb/v7e-m/fpv4-sp/hard/libc_nano.a(lib_a-mlock.o)
                0x0000000008009d14                __malloc_lock
 .text.__malloc_unlock
                0x0000000008009d16        0x2 /home/ps/Ac6/SystemWorkbench/plugins/fr.ac6.mcu.externaltools.arm-none.linux64_1.15.0.201708311556/tools/compiler/bin/../lib/gcc/arm-none-eabi/6.3.1/../../../../arm-none-eabi/lib/thumb/v7e-m/fpv4-sp/hard/libc_nano.a(lib_a-mlock.o)
                0x0000000008009d16                __malloc_unlock
 .text._realloc_r
                0x0000000008009d18       0x4c /home/ps/Ac6/SystemWorkbench/plugins/fr.ac6.mcu.externaltools.arm-none.linux64_1.15.0.201708311556/tools/compiler/bin/../lib/gcc/arm-none-eabi/6.3.1/../../../../arm-none-eabi/lib/thumb/v7e-m/fpv4-sp/hard/libc_nano.a(lib_a-nano-reallocr.o)
                0x0000000008009d18                _realloc_r
 .text.__ascii_wctomb
                0x0000000008009d64       0x1a /home/ps/Ac6/SystemWorkbench/plugins/fr.ac6.mcu.externaltools.arm-none.linux64_1.15.0.201708311556/tools/compiler/bin/../lib/gcc/arm-none-eabi/6.3.1/../../../../arm-none-eabi/lib/thumb/v7e-m/fpv4-sp/hard/libc_nano.a(lib_a-wctomb_r.o)
                0x0000000008009d64                __ascii_wctomb
 .text._malloc_usable_size_r
                0x0000000008009d7e       0x12 /home/ps/Ac6/SystemWorkbench/plugins/fr.ac6.mcu.externaltools.arm-none.linux64_1.15.0.201708311556/tools/compiler/bin/../lib/gcc/arm-none-eabi/6.3.1/../../../../arm-none-eabi/lib/thumb/v7e-m/fpv4-sp/hard/libc_nano.a(lib_a-nano-msizer.o)
                0x0000000008009d7e                _malloc_usable_size_r
 .text._sbrk    0x0000000008009d90       0x1c /home/ps/Ac6/SystemWorkbench/plugins/fr.ac6.mcu.externaltools.arm-none.linux64_1.15.0.201708311556/tools/compiler/bin/../lib/gcc/arm-none-eabi/6.3.1/../../../../arm-none-eabi/lib/thumb/v7e-m/fpv4-sp/hard/libnosys.a(sbrk.o)
                0x0000000008009d90                _sbrk
 *(.glue_7)
 .glue_7        0x0000000008009dac        0x0 linker stubs
 *(.glue_7t)
 .glue_7t       0x0000000008009dac        0x0 linker stubs
 *(.eh_frame)
 .eh_frame      0x0000000008009dac        0x0 /home/ps/Ac6/SystemWorkbench/plugins/fr.ac6.mcu.externaltools.arm-none.linux64_1.15.0.201708311556/tools/compiler/bin/../lib/gcc/arm-none-eabi/6.3.1/thumb/v7e-m/fpv4-sp/hard/crtbegin.o
 *(.init)
 .init          0x0000000008009dac        0x4 /home/ps/Ac6/SystemWorkbench/plugins/fr.ac6.mcu.externaltools.arm-none.linux64_1.15.0.201708311556/tools/compiler/bin/../lib/gcc/arm-none-eabi/6.3.1/thumb/v7e-m/fpv4-sp/hard/crti.o
                0x0000000008009dac                _init
 .init          0x0000000008009db0        0x8 /home/ps/Ac6/SystemWorkbench/plugins/fr.ac6.mcu.externaltools.arm-none.linux64_1.15.0.201708311556/tools/compiler/bin/../lib/gcc/arm-none-eabi/6.3.1/thumb/v7e-m/fpv4-sp/hard/crtn.o
 *(.fini)
 .fini          0x0000000008009db8        0x4 /home/ps/Ac6/SystemWorkbench/plugins/fr.ac6.mcu.externaltools.arm-none.linux64_1.15.0.201708311556/tools/compiler/bin/../lib/gcc/arm-none-eabi/6.3.1/thumb/v7e-m/fpv4-sp/hard/crti.o
                0x0000000008009db8                _fini
 .fini          0x0000000008009dbc        0x8 /home/ps/Ac6/SystemWorkbench/plugins/fr.ac6.mcu.externaltools.arm-none.linux64_1.15.0.201708311556/tools/compiler/bin/../lib/gcc/arm-none-eabi/6.3.1/thumb/v7e-m/fpv4-sp/hard/crtn.o
                0x0000000008009dc4                . = ALIGN (0x4)
                0x0000000008009dc4                _etext = .

.vfp11_veneer   0x0000000008009dc4        0x0
 .vfp11_veneer  0x0000000008009dc4        0x0 linker stubs

.v4_bx          0x0000000008009dc4        0x0
 .v4_bx         0x0000000008009dc4        0x0 linker stubs

.iplt           0x0000000008009dc4        0x0
 .iplt          0x0000000008009dc4        0x0 /home/ps/Ac6/SystemWorkbench/plugins/fr.ac6.mcu.externaltools.arm-none.linux64_1.15.0.201708311556/tools/compiler/bin/../lib/gcc/arm-none-eabi/6.3.1/thumb/v7e-m/fpv4-sp/hard/crtbegin.o

.rodata         0x0000000008009dc8      0x470
                0x0000000008009dc8                . = ALIGN (0x4)
 *(.rodata)
 .rodata        0x0000000008009dc8       0x60 Drivers/BSP/Components/LSM303AGR_ACC_driver.o
                0x0000000008009dc8                LSM303AGR_ACC_Sensitivity_List
 .rodata        0x0000000008009e28        0x3 Drivers/BSP/Components/LSM303AGR_ACC_driver_HL.o
 *fill*         0x0000000008009e2b        0x1 
 .rodata        0x0000000008009e2c       0x18 Src/system_stm32f4xx.o
                0x0000000008009e2c                AHBPrescTable
                0x0000000008009e3c                APBPrescTable
 *(.rodata*)
 .rodata.str1.4
                0x0000000008009e44      0x198 Src/main.o
                                        0x197 (size before relaxing)
 .rodata._printf_float.str1.1
                0x0000000008009fdc       0x12 /home/ps/Ac6/SystemWorkbench/plugins/fr.ac6.mcu.externaltools.arm-none.linux64_1.15.0.201708311556/tools/compiler/bin/../lib/gcc/arm-none-eabi/6.3.1/../../../../arm-none-eabi/lib/thumb/v7e-m/fpv4-sp/hard/libc_nano.a(lib_a-nano-vfprintf_float.o)
 .rodata._printf_i.str1.1
                0x0000000008009fee       0x22 /home/ps/Ac6/SystemWorkbench/plugins/fr.ac6.mcu.externaltools.arm-none.linux64_1.15.0.201708311556/tools/compiler/bin/../lib/gcc/arm-none-eabi/6.3.1/../../../../arm-none-eabi/lib/thumb/v7e-m/fpv4-sp/hard/libc_nano.a(lib_a-nano-vfprintf_i.o)
 .rodata._dtoa_r.str1.1
                0x000000000800a010        0xd /home/ps/Ac6/SystemWorkbench/plugins/fr.ac6.mcu.externaltools.arm-none.linux64_1.15.0.201708311556/tools/compiler/bin/../lib/gcc/arm-none-eabi/6.3.1/../../../../arm-none-eabi/lib/thumb/v7e-m/fpv4-sp/hard/libc_nano.a(lib_a-dtoa.o)
                                          0xf (size before relaxing)
 *fill*         0x000000000800a01d        0x3 
 .rodata.__mprec_bigtens
                0x000000000800a020       0x28 /home/ps/Ac6/SystemWorkbench/plugins/fr.ac6.mcu.externaltools.arm-none.linux64_1.15.0.201708311556/tools/compiler/bin/../lib/gcc/arm-none-eabi/6.3.1/../../../../arm-none-eabi/lib/thumb/v7e-m/fpv4-sp/hard/libc_nano.a(lib_a-mprec.o)
                0x000000000800a020                __mprec_bigtens
 .rodata.__mprec_tens
                0x000000000800a048       0xc8 /home/ps/Ac6/SystemWorkbench/plugins/fr.ac6.mcu.externaltools.arm-none.linux64_1.15.0.201708311556/tools/compiler/bin/../lib/gcc/arm-none-eabi/6.3.1/../../../../arm-none-eabi/lib/thumb/v7e-m/fpv4-sp/hard/libc_nano.a(lib_a-mprec.o)
                0x000000000800a048                __mprec_tens
 .rodata.p05.7170
                0x000000000800a110        0xc /home/ps/Ac6/SystemWorkbench/plugins/fr.ac6.mcu.externaltools.arm-none.linux64_1.15.0.201708311556/tools/compiler/bin/../lib/gcc/arm-none-eabi/6.3.1/../../../../arm-none-eabi/lib/thumb/v7e-m/fpv4-sp/hard/libc_nano.a(lib_a-mprec.o)
 .rodata._svfprintf_r.str1.1
                0x000000000800a11c       0x11 /home/ps/Ac6/SystemWorkbench/plugins/fr.ac6.mcu.externaltools.arm-none.linux64_1.15.0.201708311556/tools/compiler/bin/../lib/gcc/arm-none-eabi/6.3.1/../../../../arm-none-eabi/lib/thumb/v7e-m/fpv4-sp/hard/libc_nano.a(lib_a-nano-svfprintf.o)
 .rodata._setlocale_r.str1.1
                0x000000000800a12d        0x8 /home/ps/Ac6/SystemWorkbench/plugins/fr.ac6.mcu.externaltools.arm-none.linux64_1.15.0.201708311556/tools/compiler/bin/../lib/gcc/arm-none-eabi/6.3.1/../../../../arm-none-eabi/lib/thumb/v7e-m/fpv4-sp/hard/libc_nano.a(lib_a-locale.o)
                                          0x9 (size before relaxing)
 .rodata.str1.1
                0x000000000800a135        0x2 /home/ps/Ac6/SystemWorkbench/plugins/fr.ac6.mcu.externaltools.arm-none.linux64_1.15.0.201708311556/tools/compiler/bin/../lib/gcc/arm-none-eabi/6.3.1/../../../../arm-none-eabi/lib/thumb/v7e-m/fpv4-sp/hard/libc_nano.a(lib_a-locale.o)
 .rodata._ctype_
                0x000000000800a137      0x101 /home/ps/Ac6/SystemWorkbench/plugins/fr.ac6.mcu.externaltools.arm-none.linux64_1.15.0.201708311556/tools/compiler/bin/../lib/gcc/arm-none-eabi/6.3.1/../../../../arm-none-eabi/lib/thumb/v7e-m/fpv4-sp/hard/libc_nano.a(lib_a-ctype_.o)
                0x000000000800a137                _ctype_
                0x000000000800a238                . = ALIGN (0x4)

.ARM.extab
 *(.ARM.extab* .gnu.linkonce.armextab.*)

.ARM            0x000000000800a238        0x8
                0x000000000800a238                __exidx_start = .
 *(.ARM.exidx*)
 .ARM.exidx     0x000000000800a238        0x8 /home/ps/Ac6/SystemWorkbench/plugins/fr.ac6.mcu.externaltools.arm-none.linux64_1.15.0.201708311556/tools/compiler/bin/../lib/gcc/arm-none-eabi/6.3.1/thumb/v7e-m/fpv4-sp/hard/libgcc.a(_udivmoddi4.o)
                0x000000000800a240                __exidx_end = .

.rel.dyn        0x000000000800a240        0x0
 .rel.iplt      0x000000000800a240        0x0 /home/ps/Ac6/SystemWorkbench/plugins/fr.ac6.mcu.externaltools.arm-none.linux64_1.15.0.201708311556/tools/compiler/bin/../lib/gcc/arm-none-eabi/6.3.1/thumb/v7e-m/fpv4-sp/hard/crtbegin.o

.preinit_array  0x000000000800a240        0x0
                0x000000000800a240                PROVIDE (__preinit_array_start, .)
 *(.preinit_array*)
                0x000000000800a240                PROVIDE (__preinit_array_end, .)

.init_array     0x000000000800a240        0x4
                0x000000000800a240                PROVIDE (__init_array_start, .)
 *(SORT(.init_array.*))
 *(.init_array*)
 .init_array    0x000000000800a240        0x4 /home/ps/Ac6/SystemWorkbench/plugins/fr.ac6.mcu.externaltools.arm-none.linux64_1.15.0.201708311556/tools/compiler/bin/../lib/gcc/arm-none-eabi/6.3.1/thumb/v7e-m/fpv4-sp/hard/crtbegin.o
                0x000000000800a244                PROVIDE (__init_array_end, .)
